Archive member included to satisfy reference by file (symbol)

/usr/lib/gcc/arm-none-eabi/10.3.1/thumb/v6-m/nofp/libgcc.a(_dvmd_tls.o)
                              CMakeFiles/oteoLidar-v2.dir/home/uzygncr/pico/pico-sdk/src/rp2_common/pico_divider/divider_hardware.S.obj (__aeabi_idiv0)
/usr/lib/gcc/arm-none-eabi/10.3.1/../../../arm-none-eabi/lib/thumb/v6-m/nofp/libg.a(lib_a-atexit.o)
                              /usr/lib/gcc/arm-none-eabi/10.3.1/../../../arm-none-eabi/lib/thumb/v6-m/nofp/crt0.o (atexit)
/usr/lib/gcc/arm-none-eabi/10.3.1/../../../arm-none-eabi/lib/thumb/v6-m/nofp/libg.a(lib_a-atoi.o)
                              CMakeFiles/oteoLidar-v2.dir/home/uzygncr/pico/pico-sdk/lib/lwip/src/core/netif.c.obj (atoi)
/usr/lib/gcc/arm-none-eabi/10.3.1/../../../arm-none-eabi/lib/thumb/v6-m/nofp/libg.a(lib_a-calloc.o)
                              CMakeFiles/oteoLidar-v2.dir/home/uzygncr/pico/pico-sdk/src/rp2_common/pico_malloc/malloc.c.obj (calloc)
/usr/lib/gcc/arm-none-eabi/10.3.1/../../../arm-none-eabi/lib/thumb/v6-m/nofp/libg.a(lib_a-callocr.o)
                              /usr/lib/gcc/arm-none-eabi/10.3.1/../../../arm-none-eabi/lib/thumb/v6-m/nofp/libg.a(lib_a-calloc.o) (_calloc_r)
/usr/lib/gcc/arm-none-eabi/10.3.1/../../../arm-none-eabi/lib/thumb/v6-m/nofp/libg.a(lib_a-ctype_.o)
                              CMakeFiles/oteoLidar-v2.dir/home/uzygncr/pico/pico-sdk/lib/lwip/src/core/dns.c.obj (_ctype_)
/usr/lib/gcc/arm-none-eabi/10.3.1/../../../arm-none-eabi/lib/thumb/v6-m/nofp/libg.a(lib_a-fini.o)
                              /usr/lib/gcc/arm-none-eabi/10.3.1/../../../arm-none-eabi/lib/thumb/v6-m/nofp/crt0.o (__libc_fini_array)
/usr/lib/gcc/arm-none-eabi/10.3.1/../../../arm-none-eabi/lib/thumb/v6-m/nofp/libg.a(lib_a-impure.o)
                              /usr/lib/gcc/arm-none-eabi/10.3.1/../../../arm-none-eabi/lib/thumb/v6-m/nofp/libg.a(lib_a-calloc.o) (_impure_ptr)
/usr/lib/gcc/arm-none-eabi/10.3.1/../../../arm-none-eabi/lib/thumb/v6-m/nofp/libg.a(lib_a-init.o)
                              /usr/lib/gcc/arm-none-eabi/10.3.1/../../../arm-none-eabi/lib/thumb/v6-m/nofp/crt0.o (__libc_init_array)
/usr/lib/gcc/arm-none-eabi/10.3.1/../../../arm-none-eabi/lib/thumb/v6-m/nofp/libg.a(lib_a-lcltime_r.o)
                              CMakeFiles/oteoLidar-v2.dir/home/uzygncr/pico/pico-sdk/src/common/pico_util/datetime.c.obj (localtime_r)
/usr/lib/gcc/arm-none-eabi/10.3.1/../../../arm-none-eabi/lib/thumb/v6-m/nofp/libg.a(lib_a-malloc.o)
                              CMakeFiles/oteoLidar-v2.dir/home/uzygncr/pico/pico-sdk/src/rp2_common/pico_malloc/malloc.c.obj (malloc)
/usr/lib/gcc/arm-none-eabi/10.3.1/../../../arm-none-eabi/lib/thumb/v6-m/nofp/libg.a(lib_a-mallocr.o)
                              /usr/lib/gcc/arm-none-eabi/10.3.1/../../../arm-none-eabi/lib/thumb/v6-m/nofp/libg.a(lib_a-callocr.o) (_malloc_r)
/usr/lib/gcc/arm-none-eabi/10.3.1/../../../arm-none-eabi/lib/thumb/v6-m/nofp/libg.a(lib_a-memcmp.o)
                              CMakeFiles/oteoLidar-v2.dir/home/uzygncr/pico/pico-sdk/lib/lwip/src/netif/ethernet.c.obj (memcmp)
/usr/lib/gcc/arm-none-eabi/10.3.1/../../../arm-none-eabi/lib/thumb/v6-m/nofp/libg.a(lib_a-memmove.o)
                              CMakeFiles/oteoLidar-v2.dir/home/uzygncr/pico/pico-sdk/lib/lwip/src/core/def.c.obj (memmove)
/usr/lib/gcc/arm-none-eabi/10.3.1/../../../arm-none-eabi/lib/thumb/v6-m/nofp/libg.a(lib_a-mktime.o)
                              CMakeFiles/oteoLidar-v2.dir/home/uzygncr/pico/pico-sdk/src/common/pico_util/datetime.c.obj (mktime)
/usr/lib/gcc/arm-none-eabi/10.3.1/../../../arm-none-eabi/lib/thumb/v6-m/nofp/libg.a(lib_a-mlock.o)
                              /usr/lib/gcc/arm-none-eabi/10.3.1/../../../arm-none-eabi/lib/thumb/v6-m/nofp/libg.a(lib_a-mallocr.o) (__malloc_lock)
/usr/lib/gcc/arm-none-eabi/10.3.1/../../../arm-none-eabi/lib/thumb/v6-m/nofp/libg.a(lib_a-month_lengths.o)
                              /usr/lib/gcc/arm-none-eabi/10.3.1/../../../arm-none-eabi/lib/thumb/v6-m/nofp/libg.a(lib_a-lcltime_r.o) (__month_lengths)
/usr/lib/gcc/arm-none-eabi/10.3.1/../../../arm-none-eabi/lib/thumb/v6-m/nofp/libg.a(lib_a-realloc.o)
                              CMakeFiles/oteoLidar-v2.dir/home/uzygncr/pico/pico-sdk/src/rp2_common/pico_malloc/malloc.c.obj (realloc)
/usr/lib/gcc/arm-none-eabi/10.3.1/../../../arm-none-eabi/lib/thumb/v6-m/nofp/libg.a(lib_a-reallocr.o)
                              /usr/lib/gcc/arm-none-eabi/10.3.1/../../../arm-none-eabi/lib/thumb/v6-m/nofp/libg.a(lib_a-realloc.o) (_realloc_r)
/usr/lib/gcc/arm-none-eabi/10.3.1/../../../arm-none-eabi/lib/thumb/v6-m/nofp/libg.a(lib_a-sbrkr.o)
                              /usr/lib/gcc/arm-none-eabi/10.3.1/../../../arm-none-eabi/lib/thumb/v6-m/nofp/libg.a(lib_a-mallocr.o) (_sbrk_r)
/usr/lib/gcc/arm-none-eabi/10.3.1/../../../arm-none-eabi/lib/thumb/v6-m/nofp/libg.a(lib_a-strlen-stub.o)
                              CMakeFiles/oteoLidar-v2.dir/home/uzygncr/pico/pico-sdk/lib/lwip/src/core/def.c.obj (strlen)
[...]
Memory Configuration

Name             Origin             Length             Attributes
FLASH            0x0000000010000000 0x0000000000200000 xr
RAM              0x0000000020000000 0x0000000000040000 xrw
SCRATCH_X        0x0000000020040000 0x0000000000001000 xrw
SCRATCH_Y        0x0000000020041000 0x0000000000001000 xrw
*default*        0x0000000000000000 0xffffffffffffffff

Linker script and memory map

LOAD /usr/lib/gcc/arm-none-eabi/10.3.1/thumb/v6-m/nofp/crti.o
LOAD /usr/lib/gcc/arm-none-eabi/10.3.1/thumb/v6-m/nofp/crtbegin.o
LOAD /usr/lib/gcc/arm-none-eabi/10.3.1/../../../arm-none-eabi/lib/thumb/v6-m/nofp/crt0.o

.flash_begin    0x0000000010000000        0x0
                0x0000000010000000                __flash_binary_start = .

.boot2          0x0000000010000000      0x100
                0x0000000010000000                __boot2_start__ = .
 *(.boot2)
 .boot2         0x0000000010000000      0x100 /tmp/ccuRFmF3.o
                0x0000000010000100                __boot2_end__ = .
                0x0000000000000001                ASSERT (((__boot2_end__ - __boot2_start__) == 0x100), ERROR: Pico second stage bootloader must be 256 bytes in size)

.text           0x0000000010000100    0x103e4
                0x0000000010000100                __logical_binary_start = .
 *(.vectors)
 .vectors       0x0000000010000100       0xd4 CMakeFiles/oteoLidar-v2.dir/home/uzygncr/pico/pico-sdk/src/rp2_common/pico_crt0/crt0.S.obj
                0x0000000010000100                __vectors
                0x0000000010000100                __VECTOR_TABLE
                0x00000000100001c0                isr_invalid
                0x00000000100001c0                __default_isrs_start
                0x00000000100001c2                isr_nmi
                0x00000000100001c4                isr_hardfault
                0x00000000100001c6                isr_svcall
                0x00000000100001c8                isr_pendsv
                0x00000000100001ca                isr_systick
                0x00000000100001cc                isr_irq30
                0x00000000100001cc                __unhandled_user_irq
                0x00000000100001cc                isr_irq13
                0x00000000100001cc                isr_irq27
                0x00000000100001cc                isr_irq31
                0x00000000100001cc                isr_irq5
                0x00000000100001cc                isr_irq11
                0x00000000100001cc                isr_irq23
                0x00000000100001cc                isr_irq18
                0x00000000100001cc                isr_irq28
                0x00000000100001cc                isr_irq19
                0x00000000100001cc                isr_irq0
                0x00000000100001cc                isr_irq6
                0x00000000100001cc                isr_irq22
                0x00000000100001cc                isr_irq17
                0x00000000100001cc                isr_irq14
                0x00000000100001cc                isr_irq2
                0x00000000100001cc                isr_irq10
                0x00000000100001cc                isr_irq8
                0x00000000100001cc                isr_irq24
                0x00000000100001cc                isr_irq1
                0x00000000100001cc                isr_irq7
                0x00000000100001cc                isr_irq21
                0x00000000100001cc                isr_irq20
                0x00000000100001cc                isr_irq15
                0x00000000100001cc                isr_irq25
                0x00000000100001cc                isr_irq4
                0x00000000100001cc                isr_irq16
                0x00000000100001cc                isr_irq29
                0x00000000100001cc                isr_irq26
                0x00000000100001cc                __default_isrs_end
                0x00000000100001cc                isr_irq3
                0x00000000100001cc                isr_irq12
                0x00000000100001cc                isr_irq9
                0x00000000100001d2                unhandled_user_irq_num_in_r0
 *(.binary_info_header)
 .binary_info_header
                0x00000000100001d4       0x14 CMakeFiles/oteoLidar-v2.dir/home/uzygncr/pico/pico-sdk/src/rp2_common/pico_crt0/crt0.S.obj
                0x00000000100001e8                __binary_info_header_end = .
 *(.embedded_block)
                0x00000000100001e8                __embedded_block_end = .
 *(.reset)
 .reset         0x00000000100001e8       0x9c CMakeFiles/oteoLidar-v2.dir/home/uzygncr/pico/pico-sdk/src/rp2_common/pico_crt0/crt0.S.obj
                0x00000000100001e8                _entry_point
 *(.init)
 .init          0x0000000010000284        0x4 /usr/lib/gcc/arm-none-eabi/10.3.1/thumb/v6-m/nofp/crti.o
                0x0000000010000284                _init
 *(EXCLUDE_FILE(*libm.a: *libc.a:*lib_a-mem*.o *libgcc.a:) .text*)
 .text          0x0000000010000288       0x98 /usr/lib/gcc/arm-none-eabi/10.3.1/thumb/v6-m/nofp/crtbegin.o
 .text.encoder_a_isr
                0x0000000010000320       0x74 CMakeFiles/oteoLidar-v2.dir/oteoLidar-v2.c.obj
                0x0000000010000320                encoder_a_isr
 .text.setup_uart
                0x0000000010000394       0x24 CMakeFiles/oteoLidar-v2.dir/oteoLidar-v2.c.obj
                0x0000000010000394                setup_uart
 .text.setup    0x00000000100003b8       0x50 CMakeFiles/oteoLidar-v2.dir/oteoLidar-v2.c.obj
                0x00000000100003b8                setup
 .text.startup.main
                0x0000000010000408       0xf0 CMakeFiles/oteoLidar-v2.dir/oteoLidar-v2.c.obj
                0x0000000010000408                main
 .text.lwip_timeout_reached
                0x00000000100004f8        0x8 CMakeFiles/oteoLidar-v2.dir/home/uzygncr/pico/pico-sdk/src/rp2_common/pico_lwip/lwip_nosys.c.obj
 .text.update_next_timeout
                0x0000000010000500       0x6c CMakeFiles/oteoLidar-v2.dir/home/uzygncr/pico/pico-sdk/src/rp2_common/pico_lwip/lwip_nosys.c.obj
 .text.lwip_nosys_init
                0x000000001000056c       0x30 CMakeFiles/oteoLidar-v2.dir/home/uzygncr/pico/pico-sdk/src/rp2_common/pico_lwip/lwip_nosys.c.obj
                0x000000001000056c                lwip_nosys_init
 .text.lwip_nosys_deinit
                0x000000001000059c       0x20 CMakeFiles/oteoLidar-v2.dir/home/uzygncr/pico/pico-sdk/src/rp2_common/pico_lwip/lwip_nosys.c.obj
                0x000000001000059c                lwip_nosys_deinit
 .text.sys_arch_protect
                0x00000000100005bc        0x4 CMakeFiles/oteoLidar-v2.dir/home/uzygncr/pico/pico-sdk/src/rp2_common/pico_lwip/lwip_nosys.c.obj
                0x00000000100005bc                sys_arch_protect
 .text.sys_arch_unprotect
                0x00000000100005c0        0x4 CMakeFiles/oteoLidar-v2.dir/home/uzygncr/pico/pico-sdk/src/rp2_common/pico_lwip/lwip_nosys.c.obj
                0x00000000100005c0                sys_arch_unprotect
 .text.sys_now  0x00000000100005c4       0x20 CMakeFiles/oteoLidar-v2.dir/home/uzygncr/pico/pico-sdk/src/rp2_common/pico_lwip/lwip_nosys.c.obj
                0x00000000100005c4                sys_now
 .text.async_context_base_add_at_time_worker
                0x00000000100005e4       0x28 CMakeFiles/oteoLidar-v2.dir/home/uzygncr/pico/pico-sdk/src/rp2_common/pico_async_context/async_context_base.c.obj
                0x00000000100005e4                async_context_base_add_at_time_worker
 .text.async_context_base_remove_at_time_worker
                0x000000001000060c       0x28 CMakeFiles/oteoLidar-v2.dir/home/uzygncr/pico/pico-sdk/src/rp2_common/pico_async_context/async_context_base.c.obj
                0x000000001000060c                async_context_base_remove_at_time_worker
 .text.async_context_base_add_when_pending_worker
                0x0000000010000634       0x24 CMakeFiles/oteoLidar-v2.dir/home/uzygncr/pico/pico-sdk/src/rp2_common/pico_async_context/async_context_base.c.obj
                0x0000000010000634                async_context_base_add_when_pending_worker
 .text.async_context_base_remove_when_pending_worker
                0x0000000010000658       0x28 CMakeFiles/oteoLidar-v2.dir/home/uzygncr/pico/pico-sdk/src/rp2_common/pico_async_context/async_context_base.c.obj
                0x0000000010000658                async_context_base_remove_when_pending_worker
 .text.async_context_base_execute_once
                0x0000000010000680       0xe8 CMakeFiles/oteoLidar-v2.dir/home/uzygncr/pico/pico-sdk/src/rp2_common/pico_async_context/async_context_base.c.obj
                0x0000000010000680                async_context_base_execute_once
 .text.rp2040_chip_version
                0x0000000010000768        0xc CMakeFiles/oteoLidar-v2.dir/home/uzygncr/pico/pico-sdk/src/rp2040/pico_platform/platform.c.obj
                0x0000000010000768                rp2040_chip_version
 .text.panic    0x0000000010000774       0x30 CMakeFiles/oteoLidar-v2.dir/home/uzygncr/pico/pico-sdk/src/rp2_common/pico_platform_panic/panic.c.obj
                0x0000000010000774                panic
 .text.splitmix64
                0x00000000100007a4       0x5c CMakeFiles/oteoLidar-v2.dir/home/uzygncr/pico/pico-sdk/src/rp2_common/pico_rand/rand.c.obj
 .text.xoroshiro128ss
                0x0000000010000800       0x90 CMakeFiles/oteoLidar-v2.dir/home/uzygncr/pico/pico-sdk/src/rp2_common/pico_rand/rand.c.obj
 .text.get_rand_64
                0x0000000010000890      0x418 CMakeFiles/oteoLidar-v2.dir/home/uzygncr/pico/pico-sdk/src/rp2_common/pico_rand/rand.c.obj
                0x0000000010000890                get_rand_64
 .text.get_rand_32
                0x0000000010000ca8        0x8 CMakeFiles/oteoLidar-v2.dir/home/uzygncr/pico/pico-sdk/src/rp2_common/pico_rand/rand.c.obj
                0x0000000010000ca8                get_rand_32
 .text.startup._retrieve_unique_id_on_boot
                0x0000000010000cb0       0x10 CMakeFiles/oteoLidar-v2.dir/home/uzygncr/pico/pico-sdk/src/rp2_common/pico_unique_id/unique_id.c.obj
 .text.pico_get_unique_board_id
                0x0000000010000cc0       0x10 CMakeFiles/oteoLidar-v2.dir/home/uzygncr/pico/pico-sdk/src/rp2_common/pico_unique_id/unique_id.c.obj
                0x0000000010000cc0                pico_get_unique_board_id
 .text.pico_get_unique_board_id_string
                0x0000000010000cd0      0x1a8 CMakeFiles/oteoLidar-v2.dir/home/uzygncr/pico/pico-sdk/src/rp2_common/pico_unique_id/unique_id.c.obj
                0x0000000010000cd0                pico_get_unique_board_id_string
 .text.flash_get_unique_id
                0x0000000010000e78       0x40 CMakeFiles/oteoLidar-v2.dir/home/uzygncr/pico/pico-sdk/src/rp2_common/hardware_flash/flash.c.obj
                0x0000000010000e78                flash_get_unique_id
 .text.hw_claim_lock
                0x0000000010000eb8       0x18 CMakeFiles/oteoLidar-v2.dir/home/uzygncr/pico/pico-sdk/src/common/hardware_claim/claim.c.obj
                0x0000000010000eb8                hw_claim_lock
 .text.hw_claim_unlock
                0x0000000010000ed0       0x14 CMakeFiles/oteoLidar-v2.dir/home/uzygncr/pico/pico-sdk/src/common/hardware_claim/claim.c.obj
                0x0000000010000ed0                hw_claim_unlock
 .text.hw_claim_or_assert
                0x0000000010000ee4       0x44 CMakeFiles/oteoLidar-v2.dir/home/uzygncr/pico/pico-sdk/src/common/hardware_claim/claim.c.obj
                0x0000000010000ee4                hw_claim_or_assert
 .text.hw_claim_unused_from_range
                0x0000000010000f28       0x9c CMakeFiles/oteoLidar-v2.dir/home/uzygncr/pico/pico-sdk/src/common/hardware_claim/claim.c.obj
                0x0000000010000f28                hw_claim_unused_from_range
 .text.hw_claim_clear
                0x0000000010000fc4       0x38 CMakeFiles/oteoLidar-v2.dir/home/uzygncr/pico/pico-sdk/src/common/hardware_claim/claim.c.obj
                0x0000000010000fc4                hw_claim_clear
 .text.next_striped_spin_lock_num
                0x0000000010000ffc       0x18 CMakeFiles/oteoLidar-v2.dir/home/uzygncr/pico/pico-sdk/src/rp2_common/hardware_sync/sync.c.obj
                0x0000000010000ffc                next_striped_spin_lock_num
 .text.spin_lock_claim_unused
                0x0000000010001014       0x20 CMakeFiles/oteoLidar-v2.dir/home/uzygncr/pico/pico-sdk/src/rp2_common/hardware_sync/sync.c.obj
                0x0000000010001014                spin_lock_claim_unused
 .text.spin_locks_reset
                0x0000000010001034       0x1c CMakeFiles/oteoLidar-v2.dir/home/uzygncr/pico/pico-sdk/src/rp2_common/hardware_sync_spin_lock/sync_spin_lock.c.obj
                0x0000000010001034                spin_locks_reset
 .text.rom_func_lookup
                0x0000000010001050       0x10 CMakeFiles/oteoLidar-v2.dir/home/uzygncr/pico/pico-sdk/src/rp2_common/pico_bootrom/bootrom.c.obj
                0x0000000010001050                rom_func_lookup
 .text.rom_data_lookup
                0x0000000010001060       0x10 CMakeFiles/oteoLidar-v2.dir/home/uzygncr/pico/pico-sdk/src/rp2_common/pico_bootrom/bootrom.c.obj
                0x0000000010001060                rom_data_lookup
 .text.rom_funcs_lookup
                0x0000000010001070       0x44 CMakeFiles/oteoLidar-v2.dir/home/uzygncr/pico/pico-sdk/src/rp2_common/pico_bootrom/bootrom.c.obj
                0x0000000010001070                rom_funcs_lookup
 .text.rom_reset_usb_boot
                0x00000000100010b4       0x20 CMakeFiles/oteoLidar-v2.dir/home/uzygncr/pico/pico-sdk/src/rp2_common/pico_bootrom/bootrom.c.obj
                0x00000000100010b4                rom_reset_usb_boot
 .text.clock_configure_int_divider
                0x00000000100010d4       0xf4 CMakeFiles/oteoLidar-v2.dir/home/uzygncr/pico/pico-sdk/src/rp2_common/hardware_clocks/clocks.c.obj
                0x00000000100010d4                clock_configure_int_divider
 .text.clock_configure_undivided
                0x00000000100011c8       0xe8 CMakeFiles/oteoLidar-v2.dir/home/uzygncr/pico/pico-sdk/src/rp2_common/hardware_clocks/clocks.c.obj
                0x00000000100011c8                clock_configure_undivided
 .text.clock_get_hz
                0x00000000100012b0        0xc CMakeFiles/oteoLidar-v2.dir/home/uzygncr/pico/pico-sdk/src/rp2_common/hardware_clocks/clocks.c.obj
                0x00000000100012b0                clock_get_hz
 .text.gpio_default_irq_handler
                0x00000000100012bc      0x270 CMakeFiles/oteoLidar-v2.dir/home/uzygncr/pico/pico-sdk/src/rp2_common/hardware_gpio/gpio.c.obj
 .text.gpio_set_function
                0x000000001000152c       0x34 CMakeFiles/oteoLidar-v2.dir/home/uzygncr/pico/pico-sdk/src/rp2_common/hardware_gpio/gpio.c.obj
                0x000000001000152c                gpio_set_function
 .text.gpio_set_pulls
                0x0000000010001560       0x34 CMakeFiles/oteoLidar-v2.dir/home/uzygncr/pico/pico-sdk/src/rp2_common/hardware_gpio/gpio.c.obj
                0x0000000010001560                gpio_set_pulls
 .text.gpio_set_input_hysteresis_enabled
                0x0000000010001594       0x28 CMakeFiles/oteoLidar-v2.dir/home/uzygncr/pico/pico-sdk/src/rp2_common/hardware_gpio/gpio.c.obj
                0x0000000010001594                gpio_set_input_hysteresis_enabled
 .text.gpio_set_irq_enabled
                0x00000000100015bc       0x58 CMakeFiles/oteoLidar-v2.dir/home/uzygncr/pico/pico-sdk/src/rp2_common/hardware_gpio/gpio.c.obj
                0x00000000100015bc                gpio_set_irq_enabled
 .text.gpio_set_irq_enabled_with_callback
                0x0000000010001614       0xd0 CMakeFiles/oteoLidar-v2.dir/home/uzygncr/pico/pico-sdk/src/rp2_common/hardware_gpio/gpio.c.obj
                0x0000000010001614                gpio_set_irq_enabled_with_callback
 .text.gpio_add_raw_irq_handler_with_order_priority_masked
                0x00000000100016e4       0x44 CMakeFiles/oteoLidar-v2.dir/home/uzygncr/pico/pico-sdk/src/rp2_common/hardware_gpio/gpio.c.obj
                0x00000000100016e4                gpio_add_raw_irq_handler_with_order_priority_masked
 .text.gpio_remove_raw_irq_handler_masked
                0x0000000010001728       0x20 CMakeFiles/oteoLidar-v2.dir/home/uzygncr/pico/pico-sdk/src/rp2_common/hardware_gpio/gpio.c.obj
                0x0000000010001728                gpio_remove_raw_irq_handler_masked
 .text.gpio_init
                0x0000000010001748       0x40 CMakeFiles/oteoLidar-v2.dir/home/uzygncr/pico/pico-sdk/src/rp2_common/hardware_gpio/gpio.c.obj
                0x0000000010001748                gpio_init
 .text.runtime_init_per_core_irq_priorities
                0x0000000010001788       0x24 CMakeFiles/oteoLidar-v2.dir/home/uzygncr/pico/pico-sdk/src/rp2_common/hardware_irq/irq.c.obj
                0x0000000010001788                runtime_init_per_core_irq_priorities
 .text.irq_set_enabled
                0x00000000100017ac       0x24 CMakeFiles/oteoLidar-v2.dir/home/uzygncr/pico/pico-sdk/src/rp2_common/hardware_irq/irq.c.obj
                0x00000000100017ac                irq_set_enabled
 .text.irq_is_enabled
                0x00000000100017d0       0x18 CMakeFiles/oteoLidar-v2.dir/home/uzygncr/pico/pico-sdk/src/rp2_common/hardware_irq/irq.c.obj
                0x00000000100017d0                irq_is_enabled
 .text.irq_set_pending
                0x00000000100017e8       0x10 CMakeFiles/oteoLidar-v2.dir/home/uzygncr/pico/pico-sdk/src/rp2_common/hardware_irq/irq.c.obj
                0x00000000100017e8                irq_set_pending
 .text.irq_has_shared_handler
                0x00000000100017f8       0x2c CMakeFiles/oteoLidar-v2.dir/home/uzygncr/pico/pico-sdk/src/rp2_common/hardware_irq/irq.c.obj
                0x00000000100017f8                irq_has_shared_handler
 .text.irq_set_exclusive_handler
                0x0000000010001824       0x54 CMakeFiles/oteoLidar-v2.dir/home/uzygncr/pico/pico-sdk/src/rp2_common/hardware_irq/irq.c.obj
                0x0000000010001824                irq_set_exclusive_handler
 .text.irq_add_shared_handler
                0x0000000010001878      0x1e8 CMakeFiles/oteoLidar-v2.dir/home/uzygncr/pico/pico-sdk/src/rp2_common/hardware_irq/irq.c.obj
                0x0000000010001878                irq_add_shared_handler
 .text.irq_remove_handler
                0x0000000010001a60      0x1c4 CMakeFiles/oteoLidar-v2.dir/home/uzygncr/pico/pico-sdk/src/rp2_common/hardware_irq/irq.c.obj
                0x0000000010001a60                irq_remove_handler
 .text.irq_set_priority
                0x0000000010001c24       0x28 CMakeFiles/oteoLidar-v2.dir/home/uzygncr/pico/pico-sdk/src/rp2_common/hardware_irq/irq.c.obj
                0x0000000010001c24                irq_set_priority
 .text.irq_add_tail_to_free_list
                0x0000000010001c4c       0xb4 CMakeFiles/oteoLidar-v2.dir/home/uzygncr/pico/pico-sdk/src/rp2_common/hardware_irq/irq.c.obj
                0x0000000010001c4c                irq_add_tail_to_free_list
 .text.user_irq_unclaim
                0x0000000010001d00       0x14 CMakeFiles/oteoLidar-v2.dir/home/uzygncr/pico/pico-sdk/src/rp2_common/hardware_irq/irq.c.obj
                0x0000000010001d00                user_irq_unclaim
 .text.user_irq_claim_unused
                0x0000000010001d14       0x28 CMakeFiles/oteoLidar-v2.dir/home/uzygncr/pico/pico-sdk/src/rp2_common/hardware_irq/irq.c.obj
                0x0000000010001d14                user_irq_claim_unused
 .text.sem_init
                0x0000000010001d3c       0x20 CMakeFiles/oteoLidar-v2.dir/home/uzygncr/pico/pico-sdk/src/common/pico_sync/sem.c.obj
                0x0000000010001d3c                sem_init
 .text.lock_init
                0x0000000010001d5c       0x10 CMakeFiles/oteoLidar-v2.dir/home/uzygncr/pico/pico-sdk/src/common/pico_sync/lock_core.c.obj
                0x0000000010001d5c                lock_init
 .text.runtime_init_mutex
                0x0000000010001d6c       0x58 CMakeFiles/oteoLidar-v2.dir/home/uzygncr/pico/pico-sdk/src/common/pico_sync/mutex.c.obj
                0x0000000010001d6c                runtime_init_mutex
 .text.mutex_init
                0x0000000010001dc4       0x1c CMakeFiles/oteoLidar-v2.dir/home/uzygncr/pico/pico-sdk/src/common/pico_sync/mutex.c.obj
                0x0000000010001dc4                mutex_init
 .text.recursive_mutex_init
                0x0000000010001de0       0x1c CMakeFiles/oteoLidar-v2.dir/home/uzygncr/pico/pico-sdk/src/common/pico_sync/mutex.c.obj
                0x0000000010001de0                recursive_mutex_init
 .text.critical_section_init
                0x0000000010001dfc       0x20 CMakeFiles/oteoLidar-v2.dir/home/uzygncr/pico/pico-sdk/src/common/pico_sync/critical_section.c.obj
                0x0000000010001dfc                critical_section_init
 .text.critical_section_init_with_lock_num
                0x0000000010001e1c       0x14 CMakeFiles/oteoLidar-v2.dir/home/uzygncr/pico/pico-sdk/src/common/pico_sync/critical_section.c.obj
                0x0000000010001e1c                critical_section_init_with_lock_num
 .text.sleep_until_callback
                0x0000000010001e30       0x30 CMakeFiles/oteoLidar-v2.dir/home/uzygncr/pico/pico-sdk/src/common/pico_time/time.c.obj
 .text.alarm_pool_irq_handler
                0x0000000010001e60      0x2e4 CMakeFiles/oteoLidar-v2.dir/home/uzygncr/pico/pico-sdk/src/common/pico_time/time.c.obj
 .text.runtime_init_default_alarm_pool
                0x0000000010002144       0xdc CMakeFiles/oteoLidar-v2.dir/home/uzygncr/pico/pico-sdk/src/common/pico_time/time.c.obj
                0x0000000010002144                runtime_init_default_alarm_pool
 .text.alarm_pool_get_default
                0x0000000010002220        0x8 CMakeFiles/oteoLidar-v2.dir/home/uzygncr/pico/pico-sdk/src/common/pico_time/time.c.obj
                0x0000000010002220                alarm_pool_get_default
 .text.alarm_pool_add_alarm_at
                0x0000000010002228       0xc8 CMakeFiles/oteoLidar-v2.dir/home/uzygncr/pico/pico-sdk/src/common/pico_time/time.c.obj
                0x0000000010002228                alarm_pool_add_alarm_at
 .text.alarm_pool_add_alarm_at_force_in_context
                0x00000000100022f0       0xb0 CMakeFiles/oteoLidar-v2.dir/home/uzygncr/pico/pico-sdk/src/common/pico_time/time.c.obj
                0x00000000100022f0                alarm_pool_add_alarm_at_force_in_context
 .text.alarm_pool_cancel_alarm
                0x00000000100023a0       0x7c CMakeFiles/oteoLidar-v2.dir/home/uzygncr/pico/pico-sdk/src/common/pico_time/time.c.obj
                0x00000000100023a0                alarm_pool_cancel_alarm
 .text.alarm_pool_core_num
                0x000000001000241c        0x4 CMakeFiles/oteoLidar-v2.dir/home/uzygncr/pico/pico-sdk/src/common/pico_time/time.c.obj
                0x000000001000241c                alarm_pool_core_num
 .text.sleep_until
                0x0000000010002420       0xd0 CMakeFiles/oteoLidar-v2.dir/home/uzygncr/pico/pico-sdk/src/common/pico_time/time.c.obj
                0x0000000010002420                sleep_until
 .text.sleep_ms
                0x00000000100024f0       0x34 CMakeFiles/oteoLidar-v2.dir/home/uzygncr/pico/pico-sdk/src/common/pico_time/time.c.obj
                0x00000000100024f0                sleep_ms
 .text.best_effort_wfe_or_timeout
                0x0000000010002524      0x11c CMakeFiles/oteoLidar-v2.dir/home/uzygncr/pico/pico-sdk/src/common/pico_time/time.c.obj
                0x0000000010002524                best_effort_wfe_or_timeout
 .text.timer_hardware_alarm_claim
                0x0000000010002640       0x14 CMakeFiles/oteoLidar-v2.dir/home/uzygncr/pico/pico-sdk/src/rp2_common/hardware_timer/timer.c.obj
                0x0000000010002640                timer_hardware_alarm_claim
 .text.timer_time_us_64
                0x0000000010002654       0x10 CMakeFiles/oteoLidar-v2.dir/home/uzygncr/pico/pico-sdk/src/rp2_common/hardware_timer/timer.c.obj
                0x0000000010002654                timer_time_us_64
 .text.time_us_64
                0x0000000010002664       0x14 CMakeFiles/oteoLidar-v2.dir/home/uzygncr/pico/pico-sdk/src/rp2_common/hardware_timer/timer.c.obj
                0x0000000010002664                time_us_64
 .text.busy_wait_us
                0x0000000010002678       0x54 CMakeFiles/oteoLidar-v2.dir/home/uzygncr/pico/pico-sdk/src/rp2_common/hardware_timer/timer.c.obj
                0x0000000010002678                busy_wait_us
 .text.busy_wait_until
                0x00000000100026cc       0x20 CMakeFiles/oteoLidar-v2.dir/home/uzygncr/pico/pico-sdk/src/rp2_common/hardware_timer/timer.c.obj
                0x00000000100026cc                busy_wait_until
 .text.pll_init
                0x00000000100026ec       0xa0 CMakeFiles/oteoLidar-v2.dir/home/uzygncr/pico/pico-sdk/src/rp2_common/hardware_pll/pll.c.obj
                0x00000000100026ec                pll_init
 .text.watchdog_reboot
                0x000000001000278c       0x98 CMakeFiles/oteoLidar-v2.dir/home/uzygncr/pico/pico-sdk/src/rp2_common/hardware_watchdog/watchdog.c.obj
                0x000000001000278c                watchdog_reboot
 .text.tick_start
                0x0000000010002824       0x10 CMakeFiles/oteoLidar-v2.dir/home/uzygncr/pico/pico-sdk/src/rp2_common/hardware_ticks/ticks.c.obj
                0x0000000010002824                tick_start
 .text.xosc_init
                0x0000000010002834       0x28 CMakeFiles/oteoLidar-v2.dir/home/uzygncr/pico/pico-sdk/src/rp2_common/hardware_xosc/xosc.c.obj
                0x0000000010002834                xosc_init
 .text.lwip_init
                0x000000001000285c       0x24 CMakeFiles/oteoLidar-v2.dir/home/uzygncr/pico/pico-sdk/lib/lwip/src/core/init.c.obj
                0x000000001000285c                lwip_init
 .text.lwip_htons
                0x0000000010002880        0x8 CMakeFiles/oteoLidar-v2.dir/home/uzygncr/pico/pico-sdk/lib/lwip/src/core/def.c.obj
                0x0000000010002880                lwip_htons
 .text.lwip_htonl
                0x0000000010002888        0x4 CMakeFiles/oteoLidar-v2.dir/home/uzygncr/pico/pico-sdk/lib/lwip/src/core/def.c.obj
                0x0000000010002888                lwip_htonl
 .text.dns_call_found
                0x000000001000288c      0x134 CMakeFiles/oteoLidar-v2.dir/home/uzygncr/pico/pico-sdk/lib/lwip/src/core/dns.c.obj
 .text.dns_send.isra.0
                0x00000000100029c0      0x168 CMakeFiles/oteoLidar-v2.dir/home/uzygncr/pico/pico-sdk/lib/lwip/src/core/dns.c.obj
 .text.dns_init
                0x0000000010002b28        0x4 CMakeFiles/oteoLidar-v2.dir/home/uzygncr/pico/pico-sdk/lib/lwip/src/core/dns.c.obj
                0x0000000010002b28                dns_init
 .text.dns_setserver
                0x0000000010002b2c       0x2c CMakeFiles/oteoLidar-v2.dir/home/uzygncr/pico/pico-sdk/lib/lwip/src/core/dns.c.obj
                0x0000000010002b2c                dns_setserver
 .text.dns_tmr  0x0000000010002b58      0x138 CMakeFiles/oteoLidar-v2.dir/home/uzygncr/pico/pico-sdk/lib/lwip/src/core/dns.c.obj
                0x0000000010002b58                dns_tmr
 .text.lwip_standard_chksum
                0x0000000010002c90       0xd8 CMakeFiles/oteoLidar-v2.dir/home/uzygncr/pico/pico-sdk/lib/lwip/src/core/inet_chksum.c.obj
                0x0000000010002c90                lwip_standard_chksum
 .text.inet_chksum_pseudo
                0x0000000010002d68       0xb4 CMakeFiles/oteoLidar-v2.dir/home/uzygncr/pico/pico-sdk/lib/lwip/src/core/inet_chksum.c.obj
                0x0000000010002d68                inet_chksum_pseudo
 .text.ip_chksum_pseudo
                0x0000000010002e1c       0x10 CMakeFiles/oteoLidar-v2.dir/home/uzygncr/pico/pico-sdk/lib/lwip/src/core/inet_chksum.c.obj
                0x0000000010002e1c                ip_chksum_pseudo
 .text.inet_chksum
                0x0000000010002e2c        0xc CMakeFiles/oteoLidar-v2.dir/home/uzygncr/pico/pico-sdk/lib/lwip/src/core/inet_chksum.c.obj
                0x0000000010002e2c                inet_chksum
 .text.mem_init
                0x0000000010002e38       0x40 CMakeFiles/oteoLidar-v2.dir/home/uzygncr/pico/pico-sdk/lib/lwip/src/core/mem.c.obj
                0x0000000010002e38                mem_init
 .text.mem_free
                0x0000000010002e78      0x11c CMakeFiles/oteoLidar-v2.dir/home/uzygncr/pico/pico-sdk/lib/lwip/src/core/mem.c.obj
                0x0000000010002e78                mem_free
 .text.mem_trim
                0x0000000010002f94      0x110 CMakeFiles/oteoLidar-v2.dir/home/uzygncr/pico/pico-sdk/lib/lwip/src/core/mem.c.obj
                0x0000000010002f94                mem_trim
 .text.mem_malloc
                0x00000000100030a4      0x120 CMakeFiles/oteoLidar-v2.dir/home/uzygncr/pico/pico-sdk/lib/lwip/src/core/mem.c.obj
                0x00000000100030a4                mem_malloc
 .text.memp_init
                0x00000000100031c4       0x6c CMakeFiles/oteoLidar-v2.dir/home/uzygncr/pico/pico-sdk/lib/lwip/src/core/memp.c.obj
                0x00000000100031c4                memp_init
 .text.memp_malloc
                0x0000000010003230       0x3c CMakeFiles/oteoLidar-v2.dir/home/uzygncr/pico/pico-sdk/lib/lwip/src/core/memp.c.obj
                0x0000000010003230                memp_malloc
 .text.memp_free
                0x000000001000326c       0x38 CMakeFiles/oteoLidar-v2.dir/home/uzygncr/pico/pico-sdk/lib/lwip/src/core/memp.c.obj
                0x000000001000326c                memp_free
 .text.netif_do_set_ipaddr.isra.0
                0x00000000100032a4       0x70 CMakeFiles/oteoLidar-v2.dir/home/uzygncr/pico/pico-sdk/lib/lwip/src/core/netif.c.obj
 .text.netif_init
                0x0000000010003314        0x4 CMakeFiles/oteoLidar-v2.dir/home/uzygncr/pico/pico-sdk/lib/lwip/src/core/netif.c.obj
                0x0000000010003314                netif_init
 .text.netif_set_addr
                0x0000000010003318       0xb8 CMakeFiles/oteoLidar-v2.dir/home/uzygncr/pico/pico-sdk/lib/lwip/src/core/netif.c.obj
                0x0000000010003318                netif_set_addr
 .text.netif_remove
                0x00000000100033d0       0x94 CMakeFiles/oteoLidar-v2.dir/home/uzygncr/pico/pico-sdk/lib/lwip/src/core/netif.c.obj
                0x00000000100033d0                netif_remove
 .text.netif_set_link_up
                0x0000000010003464       0x44 CMakeFiles/oteoLidar-v2.dir/home/uzygncr/pico/pico-sdk/lib/lwip/src/core/netif.c.obj
                0x0000000010003464                netif_set_link_up
 .text.netif_set_link_down
                0x00000000100034a8       0x20 CMakeFiles/oteoLidar-v2.dir/home/uzygncr/pico/pico-sdk/lib/lwip/src/core/netif.c.obj
                0x00000000100034a8                netif_set_link_down
 .text.netif_get_by_index
                0x00000000100034c8       0x2c CMakeFiles/oteoLidar-v2.dir/home/uzygncr/pico/pico-sdk/lib/lwip/src/core/netif.c.obj
                0x00000000100034c8                netif_get_by_index
 .text.pbuf_free.part.0
                0x00000000100034f4       0x7c CMakeFiles/oteoLidar-v2.dir/home/uzygncr/pico/pico-sdk/lib/lwip/src/core/pbuf.c.obj
 .text.pbuf_free_ooseq
                0x0000000010003570       0x34 CMakeFiles/oteoLidar-v2.dir/home/uzygncr/pico/pico-sdk/lib/lwip/src/core/pbuf.c.obj
                0x0000000010003570                pbuf_free_ooseq
 .text.pbuf_alloc
                0x00000000100035a4      0x130 CMakeFiles/oteoLidar-v2.dir/home/uzygncr/pico/pico-sdk/lib/lwip/src/core/pbuf.c.obj
                0x00000000100035a4                pbuf_alloc
 .text.pbuf_realloc
                0x00000000100036d4       0x88 CMakeFiles/oteoLidar-v2.dir/home/uzygncr/pico/pico-sdk/lib/lwip/src/core/pbuf.c.obj
                0x00000000100036d4                pbuf_realloc
 .text.pbuf_add_header
                0x000000001000375c       0x54 CMakeFiles/oteoLidar-v2.dir/home/uzygncr/pico/pico-sdk/lib/lwip/src/core/pbuf.c.obj
                0x000000001000375c                pbuf_add_header
 .text.pbuf_free
                0x00000000100037b0       0x18 CMakeFiles/oteoLidar-v2.dir/home/uzygncr/pico/pico-sdk/lib/lwip/src/core/pbuf.c.obj
                0x00000000100037b0                pbuf_free
 .text.pbuf_clen
                0x00000000100037c8       0x14 CMakeFiles/oteoLidar-v2.dir/home/uzygncr/pico/pico-sdk/lib/lwip/src/core/pbuf.c.obj
                0x00000000100037c8                pbuf_clen
 .text.pbuf_chain
                0x00000000100037dc       0x64 CMakeFiles/oteoLidar-v2.dir/home/uzygncr/pico/pico-sdk/lib/lwip/src/core/pbuf.c.obj
                0x00000000100037dc                pbuf_chain
 .text.pbuf_copy_partial_pbuf
                0x0000000010003840      0x13c CMakeFiles/oteoLidar-v2.dir/home/uzygncr/pico/pico-sdk/lib/lwip/src/core/pbuf.c.obj
                0x0000000010003840                pbuf_copy_partial_pbuf
 .text.pbuf_copy_partial
                0x000000001000397c       0x70 CMakeFiles/oteoLidar-v2.dir/home/uzygncr/pico/pico-sdk/lib/lwip/src/core/pbuf.c.obj
                0x000000001000397c                pbuf_copy_partial
 .text.pbuf_take
                0x00000000100039ec       0x78 CMakeFiles/oteoLidar-v2.dir/home/uzygncr/pico/pico-sdk/lib/lwip/src/core/pbuf.c.obj
                0x00000000100039ec                pbuf_take
 .text.pbuf_take_at
                0x0000000010003a64       0xc0 CMakeFiles/oteoLidar-v2.dir/home/uzygncr/pico/pico-sdk/lib/lwip/src/core/pbuf.c.obj
                0x0000000010003a64                pbuf_take_at
 .text.pbuf_put_at
                0x0000000010003b24       0x1c CMakeFiles/oteoLidar-v2.dir/home/uzygncr/pico/pico-sdk/lib/lwip/src/core/pbuf.c.obj
                0x0000000010003b24                pbuf_put_at
 .text.raw_netif_ip_addr_changed
                0x0000000010003b40       0x40 CMakeFiles/oteoLidar-v2.dir/home/uzygncr/pico/pico-sdk/lib/lwip/src/core/raw.c.obj
                0x0000000010003b40                raw_netif_ip_addr_changed
 .text.stats_init
                0x0000000010003b80        0x4 CMakeFiles/oteoLidar-v2.dir/home/uzygncr/pico/pico-sdk/lib/lwip/src/core/stats.c.obj
                0x0000000010003b80                stats_init
 .text.tcp_close_shutdown_fin
                0x0000000010003b84       0x58 CMakeFiles/oteoLidar-v2.dir/home/uzygncr/pico/pico-sdk/lib/lwip/src/core/tcp.c.obj
 .text.tcp_pcb_purge.part.0
                0x0000000010003bdc       0xc4 CMakeFiles/oteoLidar-v2.dir/home/uzygncr/pico/pico-sdk/lib/lwip/src/core/tcp.c.obj
 .text.tcp_init
                0x0000000010003ca0       0x20 CMakeFiles/oteoLidar-v2.dir/home/uzygncr/pico/pico-sdk/lib/lwip/src/core/tcp.c.obj
                0x0000000010003ca0                tcp_init
 .text.tcp_recved
                0x0000000010003cc0       0x98 CMakeFiles/oteoLidar-v2.dir/home/uzygncr/pico/pico-sdk/lib/lwip/src/core/tcp.c.obj
                0x0000000010003cc0                tcp_recved
 .text.tcp_slowtmr
                0x0000000010003d58      0x4dc CMakeFiles/oteoLidar-v2.dir/home/uzygncr/pico/pico-sdk/lib/lwip/src/core/tcp.c.obj
                0x0000000010003d58                tcp_slowtmr
 .text.tcp_seg_free
                0x0000000010004234       0x1c CMakeFiles/oteoLidar-v2.dir/home/uzygncr/pico/pico-sdk/lib/lwip/src/core/tcp.c.obj
                0x0000000010004234                tcp_seg_free
 .text.tcp_pcb_remove
                0x0000000010004250       0xc8 CMakeFiles/oteoLidar-v2.dir/home/uzygncr/pico/pico-sdk/lib/lwip/src/core/tcp.c.obj
                0x0000000010004250                tcp_pcb_remove
 .text.tcp_abandon
                0x0000000010004318      0x1ac CMakeFiles/oteoLidar-v2.dir/home/uzygncr/pico/pico-sdk/lib/lwip/src/core/tcp.c.obj
                0x0000000010004318                tcp_abandon
 .text.tcp_process_refused_data
                0x00000000100044c4       0x78 CMakeFiles/oteoLidar-v2.dir/home/uzygncr/pico/pico-sdk/lib/lwip/src/core/tcp.c.obj
                0x00000000100044c4                tcp_process_refused_data
 .text.tcp_fasttmr
                0x000000001000453c       0x98 CMakeFiles/oteoLidar-v2.dir/home/uzygncr/pico/pico-sdk/lib/lwip/src/core/tcp.c.obj
                0x000000001000453c                tcp_fasttmr
 .text.tcp_tmr  0x00000000100045d4       0x20 CMakeFiles/oteoLidar-v2.dir/home/uzygncr/pico/pico-sdk/lib/lwip/src/core/tcp.c.obj
                0x00000000100045d4                tcp_tmr
 .text.tcp_eff_send_mss_netif
                0x00000000100045f4       0x38 CMakeFiles/oteoLidar-v2.dir/home/uzygncr/pico/pico-sdk/lib/lwip/src/core/tcp.c.obj
                0x00000000100045f4                tcp_eff_send_mss_netif
 .text.tcp_netif_ip_addr_changed
                0x000000001000462c       0x9c CMakeFiles/oteoLidar-v2.dir/home/uzygncr/pico/pico-sdk/lib/lwip/src/core/tcp.c.obj
                0x000000001000462c                tcp_netif_ip_addr_changed
 .text.tcp_free_ooseq
                0x00000000100046c8       0x40 CMakeFiles/oteoLidar-v2.dir/home/uzygncr/pico/pico-sdk/lib/lwip/src/core/tcp.c.obj
                0x00000000100046c8                tcp_free_ooseq
 .text.tcp_create_segment
                0x0000000010004708       0xf8 CMakeFiles/oteoLidar-v2.dir/home/uzygncr/pico/pico-sdk/lib/lwip/src/core/tcp_out.c.obj
 .text.tcp_output_control_segment
                0x0000000010004800       0xc0 CMakeFiles/oteoLidar-v2.dir/home/uzygncr/pico/pico-sdk/lib/lwip/src/core/tcp_out.c.obj
 .text.tcp_output_alloc_header.constprop.0
                0x00000000100048c0       0xcc CMakeFiles/oteoLidar-v2.dir/home/uzygncr/pico/pico-sdk/lib/lwip/src/core/tcp_out.c.obj
 .text.tcp_split_unsent_seg
                0x000000001000498c      0x1c4 CMakeFiles/oteoLidar-v2.dir/home/uzygncr/pico/pico-sdk/lib/lwip/src/core/tcp_out.c.obj
                0x000000001000498c                tcp_split_unsent_seg
 .text.tcp_send_fin
                0x0000000010004b50      0x12c CMakeFiles/oteoLidar-v2.dir/home/uzygncr/pico/pico-sdk/lib/lwip/src/core/tcp_out.c.obj
                0x0000000010004b50                tcp_send_fin
 .text.tcp_rexmit_rto_prepare
                0x0000000010004c7c       0x9c CMakeFiles/oteoLidar-v2.dir/home/uzygncr/pico/pico-sdk/lib/lwip/src/core/tcp_out.c.obj
                0x0000000010004c7c                tcp_rexmit_rto_prepare
 .text.tcp_rst  0x0000000010004d18       0xe8 CMakeFiles/oteoLidar-v2.dir/home/uzygncr/pico/pico-sdk/lib/lwip/src/core/tcp_out.c.obj
                0x0000000010004d18                tcp_rst
 .text.tcp_send_empty_ack
                0x0000000010004e00       0x54 CMakeFiles/oteoLidar-v2.dir/home/uzygncr/pico/pico-sdk/lib/lwip/src/core/tcp_out.c.obj
                0x0000000010004e00                tcp_send_empty_ack
 .text.tcp_output
                0x0000000010004e54      0x46c CMakeFiles/oteoLidar-v2.dir/home/uzygncr/pico/pico-sdk/lib/lwip/src/core/tcp_out.c.obj
                0x0000000010004e54                tcp_output
 .text.tcp_rexmit_rto_commit
                0x00000000100052c0       0x24 CMakeFiles/oteoLidar-v2.dir/home/uzygncr/pico/pico-sdk/lib/lwip/src/core/tcp_out.c.obj
                0x00000000100052c0                tcp_rexmit_rto_commit
 .text.tcp_keepalive
                0x00000000100052e4       0xe0 CMakeFiles/oteoLidar-v2.dir/home/uzygncr/pico/pico-sdk/lib/lwip/src/core/tcp_out.c.obj
                0x00000000100052e4                tcp_keepalive
 .text.tcp_zero_window_probe
                0x00000000100053c4      0x108 CMakeFiles/oteoLidar-v2.dir/home/uzygncr/pico/pico-sdk/lib/lwip/src/core/tcp_out.c.obj
                0x00000000100053c4                tcp_zero_window_probe
 .text.sys_timeout_abs
                0x00000000100054cc       0x48 CMakeFiles/oteoLidar-v2.dir/home/uzygncr/pico/pico-sdk/lib/lwip/src/core/timeouts.c.obj
 .text.lwip_cyclic_timer
                0x0000000010005514       0x38 CMakeFiles/oteoLidar-v2.dir/home/uzygncr/pico/pico-sdk/lib/lwip/src/core/timeouts.c.obj
 .text.sys_timeouts_init
                0x000000001000554c       0x90 CMakeFiles/oteoLidar-v2.dir/home/uzygncr/pico/pico-sdk/lib/lwip/src/core/timeouts.c.obj
                0x000000001000554c                sys_timeouts_init
 .text.sys_check_timeouts
                0x00000000100055dc       0x68 CMakeFiles/oteoLidar-v2.dir/home/uzygncr/pico/pico-sdk/lib/lwip/src/core/timeouts.c.obj
                0x00000000100055dc                sys_check_timeouts
 .text.sys_timeouts_sleeptime
                0x0000000010005644       0x28 CMakeFiles/oteoLidar-v2.dir/home/uzygncr/pico/pico-sdk/lib/lwip/src/core/timeouts.c.obj
                0x0000000010005644                sys_timeouts_sleeptime
 .text.udp_init
                0x000000001000566c       0x20 CMakeFiles/oteoLidar-v2.dir/home/uzygncr/pico/pico-sdk/lib/lwip/src/core/udp.c.obj
                0x000000001000566c                udp_init
 .text.udp_bind
                0x000000001000568c      0x10c CMakeFiles/oteoLidar-v2.dir/home/uzygncr/pico/pico-sdk/lib/lwip/src/core/udp.c.obj
                0x000000001000568c                udp_bind
 .text.udp_sendto_if_src
                0x0000000010005798      0x130 CMakeFiles/oteoLidar-v2.dir/home/uzygncr/pico/pico-sdk/lib/lwip/src/core/udp.c.obj
                0x0000000010005798                udp_sendto_if_src
 .text.udp_sendto_if
                0x00000000100058c8       0x48 CMakeFiles/oteoLidar-v2.dir/home/uzygncr/pico/pico-sdk/lib/lwip/src/core/udp.c.obj
                0x00000000100058c8                udp_sendto_if
 .text.udp_sendto
                0x0000000010005910       0x7c CMakeFiles/oteoLidar-v2.dir/home/uzygncr/pico/pico-sdk/lib/lwip/src/core/udp.c.obj
                0x0000000010005910                udp_sendto
 .text.udp_connect
                0x000000001000598c       0x64 CMakeFiles/oteoLidar-v2.dir/home/uzygncr/pico/pico-sdk/lib/lwip/src/core/udp.c.obj
                0x000000001000598c                udp_connect
 .text.udp_recv
                0x00000000100059f0        0xc CMakeFiles/oteoLidar-v2.dir/home/uzygncr/pico/pico-sdk/lib/lwip/src/core/udp.c.obj
                0x00000000100059f0                udp_recv
 .text.udp_remove
                0x00000000100059fc       0x3c CMakeFiles/oteoLidar-v2.dir/home/uzygncr/pico/pico-sdk/lib/lwip/src/core/udp.c.obj
                0x00000000100059fc                udp_remove
 .text.udp_new  0x0000000010005a38       0x1c CMakeFiles/oteoLidar-v2.dir/home/uzygncr/pico/pico-sdk/lib/lwip/src/core/udp.c.obj
                0x0000000010005a38                udp_new
 .text.udp_netif_ip_addr_changed
                0x0000000010005a54       0x40 CMakeFiles/oteoLidar-v2.dir/home/uzygncr/pico/pico-sdk/lib/lwip/src/core/udp.c.obj
                0x0000000010005a54                udp_netif_ip_addr_changed
 .text.dhcp_create_msg
                0x0000000010005a94      0x16c CMakeFiles/oteoLidar-v2.dir/home/uzygncr/pico/pico-sdk/lib/lwip/src/core/ipv4/dhcp.c.obj
 .text.dhcp_inc_pcb_refcount
                0x0000000010005c00       0x6c CMakeFiles/oteoLidar-v2.dir/home/uzygncr/pico/pico-sdk/lib/lwip/src/core/ipv4/dhcp.c.obj
 .text.dhcp_bind
                0x0000000010005c6c      0x11c CMakeFiles/oteoLidar-v2.dir/home/uzygncr/pico/pico-sdk/lib/lwip/src/core/ipv4/dhcp.c.obj
 .text.dhcp_option_hostname.isra.0
                0x0000000010005d88       0x8c CMakeFiles/oteoLidar-v2.dir/home/uzygncr/pico/pico-sdk/lib/lwip/src/core/ipv4/dhcp.c.obj
 .text.dhcp_handle_ack.isra.0
                0x0000000010005e14       0xcc CMakeFiles/oteoLidar-v2.dir/home/uzygncr/pico/pico-sdk/lib/lwip/src/core/ipv4/dhcp.c.obj
 .text.dhcp_reboot.isra.0
                0x0000000010005ee0      0x1e4 CMakeFiles/oteoLidar-v2.dir/home/uzygncr/pico/pico-sdk/lib/lwip/src/core/ipv4/dhcp.c.obj
 .text.dhcp_discover
                0x00000000100060c4      0x198 CMakeFiles/oteoLidar-v2.dir/home/uzygncr/pico/pico-sdk/lib/lwip/src/core/ipv4/dhcp.c.obj
 .text.dhcp_select.isra.0
                0x000000001000625c      0x268 CMakeFiles/oteoLidar-v2.dir/home/uzygncr/pico/pico-sdk/lib/lwip/src/core/ipv4/dhcp.c.obj
 .text.dhcp_recv
                0x00000000100064c4      0x494 CMakeFiles/oteoLidar-v2.dir/home/uzygncr/pico/pico-sdk/lib/lwip/src/core/ipv4/dhcp.c.obj
 .text.dhcp_network_changed_link_up
                0x0000000010006958       0x40 CMakeFiles/oteoLidar-v2.dir/home/uzygncr/pico/pico-sdk/lib/lwip/src/core/ipv4/dhcp.c.obj
                0x0000000010006958                dhcp_network_changed_link_up
 .text.dhcp_renew
                0x0000000010006998      0x1b8 CMakeFiles/oteoLidar-v2.dir/home/uzygncr/pico/pico-sdk/lib/lwip/src/core/ipv4/dhcp.c.obj
                0x0000000010006998                dhcp_renew
 .text.dhcp_release_and_stop
                0x0000000010006b50      0x180 CMakeFiles/oteoLidar-v2.dir/home/uzygncr/pico/pico-sdk/lib/lwip/src/core/ipv4/dhcp.c.obj
                0x0000000010006b50                dhcp_release_and_stop
 .text.dhcp_start
                0x0000000010006cd0       0xb0 CMakeFiles/oteoLidar-v2.dir/home/uzygncr/pico/pico-sdk/lib/lwip/src/core/ipv4/dhcp.c.obj
                0x0000000010006cd0                dhcp_start
 .text.dhcp_coarse_tmr
                0x0000000010006d80      0x238 CMakeFiles/oteoLidar-v2.dir/home/uzygncr/pico/pico-sdk/lib/lwip/src/core/ipv4/dhcp.c.obj
                0x0000000010006d80                dhcp_coarse_tmr
 .text.dhcp_fine_tmr
                0x0000000010006fb8       0x78 CMakeFiles/oteoLidar-v2.dir/home/uzygncr/pico/pico-sdk/lib/lwip/src/core/ipv4/dhcp.c.obj
                0x0000000010006fb8                dhcp_fine_tmr
 .text.dhcp_stop
                0x0000000010007030      0x180 CMakeFiles/oteoLidar-v2.dir/home/uzygncr/pico/pico-sdk/lib/lwip/src/core/ipv4/dhcp.c.obj
                0x0000000010007030                dhcp_stop
 .text.etharp_raw
                0x00000000100071b0       0xec CMakeFiles/oteoLidar-v2.dir/home/uzygncr/pico/pico-sdk/lib/lwip/src/core/ipv4/etharp.c.obj
 .text.etharp_tmr
                0x000000001000729c       0x94 CMakeFiles/oteoLidar-v2.dir/home/uzygncr/pico/pico-sdk/lib/lwip/src/core/ipv4/etharp.c.obj
                0x000000001000729c                etharp_tmr
 .text.etharp_cleanup_netif
                0x0000000010007330      0x188 CMakeFiles/oteoLidar-v2.dir/home/uzygncr/pico/pico-sdk/lib/lwip/src/core/ipv4/etharp.c.obj
                0x0000000010007330                etharp_cleanup_netif
 .text.etharp_request
                0x00000000100074b8       0x2c CMakeFiles/oteoLidar-v2.dir/home/uzygncr/pico/pico-sdk/lib/lwip/src/core/ipv4/etharp.c.obj
                0x00000000100074b8                etharp_request
 .text.icmp_time_exceeded
                0x00000000100074e4       0xd0 CMakeFiles/oteoLidar-v2.dir/home/uzygncr/pico/pico-sdk/lib/lwip/src/core/ipv4/icmp.c.obj
                0x00000000100074e4                icmp_time_exceeded
 .text.ip_reass_free_complete_datagram
                0x00000000100075b4      0x114 CMakeFiles/oteoLidar-v2.dir/home/uzygncr/pico/pico-sdk/lib/lwip/src/core/ipv4/ip4_frag.c.obj
 .text.ip_reass_tmr
                0x00000000100076c8       0x38 CMakeFiles/oteoLidar-v2.dir/home/uzygncr/pico/pico-sdk/lib/lwip/src/core/ipv4/ip4_frag.c.obj
                0x00000000100076c8                ip_reass_tmr
 .text.ip4_frag
                0x0000000010007700      0x17c CMakeFiles/oteoLidar-v2.dir/home/uzygncr/pico/pico-sdk/lib/lwip/src/core/ipv4/ip4_frag.c.obj
                0x0000000010007700                ip4_frag
 .text.ip4_route
                0x000000001000787c       0x7c CMakeFiles/oteoLidar-v2.dir/home/uzygncr/pico/pico-sdk/lib/lwip/src/core/ipv4/ip4.c.obj
                0x000000001000787c                ip4_route
 .text.ip4_output_if
                0x00000000100078f8      0x190 CMakeFiles/oteoLidar-v2.dir/home/uzygncr/pico/pico-sdk/lib/lwip/src/core/ipv4/ip4.c.obj
                0x00000000100078f8                ip4_output_if
 .text.ip4_output_if_src
                0x0000000010007a88      0x17c CMakeFiles/oteoLidar-v2.dir/home/uzygncr/pico/pico-sdk/lib/lwip/src/core/ipv4/ip4.c.obj
                0x0000000010007a88                ip4_output_if_src
 .text.ethernet_output
                0x0000000010007c04       0x6c CMakeFiles/oteoLidar-v2.dir/home/uzygncr/pico/pico-sdk/lib/lwip/src/netif/ethernet.c.obj
                0x0000000010007c04                ethernet_output
 .text.cyw43_arch_set_async_context
                0x0000000010007c70        0xc CMakeFiles/oteoLidar-v2.dir/home/uzygncr/pico/pico-sdk/src/rp2_common/pico_cyw43_arch/cyw43_arch.c.obj
                0x0000000010007c70                cyw43_arch_set_async_context
 .text.cyw43_arch_gpio_put
                0x0000000010007c7c       0x14 CMakeFiles/oteoLidar-v2.dir/home/uzygncr/pico/pico-sdk/src/rp2_common/pico_cyw43_arch/cyw43_arch.c.obj
                0x0000000010007c7c                cyw43_arch_gpio_put
 .text.cyw43_arch_gpio_get
                0x0000000010007c90       0x20 CMakeFiles/oteoLidar-v2.dir/home/uzygncr/pico/pico-sdk/src/rp2_common/pico_cyw43_arch/cyw43_arch.c.obj
                0x0000000010007c90                cyw43_arch_gpio_get
 .text.cyw43_arch_async_context
                0x0000000010007cb0        0xc CMakeFiles/oteoLidar-v2.dir/home/uzygncr/pico/pico-sdk/src/rp2_common/pico_cyw43_arch/cyw43_arch.c.obj
                0x0000000010007cb0                cyw43_arch_async_context
 .text.cyw43_arch_init
                0x0000000010007cbc       0x80 CMakeFiles/oteoLidar-v2.dir/home/uzygncr/pico/pico-sdk/src/rp2_common/pico_cyw43_arch/cyw43_arch_threadsafe_background.c.obj
                0x0000000010007cbc                cyw43_arch_init
 .text.ns_delay.constprop.0
                0x0000000010007d3c       0x20 CMakeFiles/oteoLidar-v2.dir/home/uzygncr/pico/pico-sdk/src/rp2_common/pico_cyw43_driver/cyw43_bus_pio_spi.c.obj
 .text.cyw43_spi_deinit
                0x0000000010007d5c       0x7c CMakeFiles/oteoLidar-v2.dir/home/uzygncr/pico/pico-sdk/src/rp2_common/pico_cyw43_driver/cyw43_bus_pio_spi.c.obj
                0x0000000010007d5c                cyw43_spi_deinit
 .text.cyw43_spi_init
                0x0000000010007dd8      0x140 CMakeFiles/oteoLidar-v2.dir/home/uzygncr/pico/pico-sdk/src/rp2_common/pico_cyw43_driver/cyw43_bus_pio_spi.c.obj
                0x0000000010007dd8                cyw43_spi_init
 .text.cyw43_spi_transfer
                0x0000000010007f18      0x40c CMakeFiles/oteoLidar-v2.dir/home/uzygncr/pico/pico-sdk/src/rp2_common/pico_cyw43_driver/cyw43_bus_pio_spi.c.obj
                0x0000000010007f18                cyw43_spi_transfer
 .text.cyw43_spi_gpio_setup
                0x0000000010008324       0x3c CMakeFiles/oteoLidar-v2.dir/home/uzygncr/pico/pico-sdk/src/rp2_common/pico_cyw43_driver/cyw43_bus_pio_spi.c.obj
                0x0000000010008324                cyw43_spi_gpio_setup
 .text.cyw43_spi_reset
                0x0000000010008360       0x28 CMakeFiles/oteoLidar-v2.dir/home/uzygncr/pico/pico-sdk/src/rp2_common/pico_cyw43_driver/cyw43_bus_pio_spi.c.obj
                0x0000000010008360                cyw43_spi_reset
 .text.read_reg_u32_swap
                0x0000000010008388       0x3c CMakeFiles/oteoLidar-v2.dir/home/uzygncr/pico/pico-sdk/src/rp2_common/pico_cyw43_driver/cyw43_bus_pio_spi.c.obj
                0x0000000010008388                read_reg_u32_swap
 .text.cyw43_read_reg_u32
                0x00000000100083c4       0x6c CMakeFiles/oteoLidar-v2.dir/home/uzygncr/pico/pico-sdk/src/rp2_common/pico_cyw43_driver/cyw43_bus_pio_spi.c.obj
                0x00000000100083c4                cyw43_read_reg_u32
 .text.cyw43_read_reg_u16
                0x0000000010008430       0x6c CMakeFiles/oteoLidar-v2.dir/home/uzygncr/pico/pico-sdk/src/rp2_common/pico_cyw43_driver/cyw43_bus_pio_spi.c.obj
                0x0000000010008430                cyw43_read_reg_u16
 .text.cyw43_read_reg_u8
                0x000000001000849c       0x6c CMakeFiles/oteoLidar-v2.dir/home/uzygncr/pico/pico-sdk/src/rp2_common/pico_cyw43_driver/cyw43_bus_pio_spi.c.obj
                0x000000001000849c                cyw43_read_reg_u8
 .text.write_reg_u32_swap
                0x0000000010008508      0x1e4 CMakeFiles/oteoLidar-v2.dir/home/uzygncr/pico/pico-sdk/src/rp2_common/pico_cyw43_driver/cyw43_bus_pio_spi.c.obj
                0x0000000010008508                write_reg_u32_swap
 .text.cyw43_write_reg_u32
                0x00000000100086ec      0x204 CMakeFiles/oteoLidar-v2.dir/home/uzygncr/pico/pico-sdk/src/rp2_common/pico_cyw43_driver/cyw43_bus_pio_spi.c.obj
                0x00000000100086ec                cyw43_write_reg_u32
 .text.cyw43_write_reg_u16
                0x00000000100088f0      0x204 CMakeFiles/oteoLidar-v2.dir/home/uzygncr/pico/pico-sdk/src/rp2_common/pico_cyw43_driver/cyw43_bus_pio_spi.c.obj
                0x00000000100088f0                cyw43_write_reg_u16
 .text.cyw43_write_reg_u8
                0x0000000010008af4      0x204 CMakeFiles/oteoLidar-v2.dir/home/uzygncr/pico/pico-sdk/src/rp2_common/pico_cyw43_driver/cyw43_bus_pio_spi.c.obj
                0x0000000010008af4                cyw43_write_reg_u8
 .text.cyw43_read_bytes
                0x0000000010008cf8       0x78 CMakeFiles/oteoLidar-v2.dir/home/uzygncr/pico/pico-sdk/src/rp2_common/pico_cyw43_driver/cyw43_bus_pio_spi.c.obj
                0x0000000010008cf8                cyw43_read_bytes
 .text.cyw43_write_bytes
                0x0000000010008d70       0xec CMakeFiles/oteoLidar-v2.dir/home/uzygncr/pico/pico-sdk/src/rp2_common/pico_cyw43_driver/cyw43_bus_pio_spi.c.obj
                0x0000000010008d70                cyw43_write_bytes
 .text.cyw43_set_backplane_window
                0x0000000010008e5c       0x64 CMakeFiles/oteoLidar-v2.dir/home/uzygncr/pico/pico-sdk/lib/cyw43-driver/src/cyw43_ll.c.obj
 .text.cyw43_ll_parse_async_event
                0x0000000010008ec0      0x13c CMakeFiles/oteoLidar-v2.dir/home/uzygncr/pico/pico-sdk/lib/cyw43-driver/src/cyw43_ll.c.obj
 .text.cyw43_kso_set
                0x0000000010008ffc       0xa0 CMakeFiles/oteoLidar-v2.dir/home/uzygncr/pico/pico-sdk/lib/cyw43-driver/src/cyw43_ll.c.obj
 .text.cyw43_ll_sdpcm_poll_device
                0x000000001000909c      0x238 CMakeFiles/oteoLidar-v2.dir/home/uzygncr/pico/pico-sdk/lib/cyw43-driver/src/cyw43_ll.c.obj
 .text.cyw43_sdpcm_send_common
                0x00000000100092d4       0xf8 CMakeFiles/oteoLidar-v2.dir/home/uzygncr/pico/pico-sdk/lib/cyw43-driver/src/cyw43_ll.c.obj
 .text.cyw43_do_ioctl.part.0
                0x00000000100093cc       0xc4 CMakeFiles/oteoLidar-v2.dir/home/uzygncr/pico/pico-sdk/lib/cyw43-driver/src/cyw43_ll.c.obj
 .text.cyw43_download_resource
                0x0000000010009490       0xd0 CMakeFiles/oteoLidar-v2.dir/home/uzygncr/pico/pico-sdk/lib/cyw43-driver/src/cyw43_ll.c.obj
 .text.cyw43_write_iovar_n
                0x0000000010009560       0x8c CMakeFiles/oteoLidar-v2.dir/home/uzygncr/pico/pico-sdk/lib/cyw43-driver/src/cyw43_ll.c.obj
 .text.cyw43_write_iovar_u32
                0x00000000100095ec       0xa4 CMakeFiles/oteoLidar-v2.dir/home/uzygncr/pico/pico-sdk/lib/cyw43-driver/src/cyw43_ll.c.obj
 .text.cyw43_read_backplane.constprop.0
                0x0000000010009690       0xdc CMakeFiles/oteoLidar-v2.dir/home/uzygncr/pico/pico-sdk/lib/cyw43-driver/src/cyw43_ll.c.obj
 .text.cyw43_write_backplane
                0x000000001000976c      0x104 CMakeFiles/oteoLidar-v2.dir/home/uzygncr/pico/pico-sdk/lib/cyw43-driver/src/cyw43_ll.c.obj
 .text.reset_device_core.constprop.0
                0x0000000010009870      0x3f0 CMakeFiles/oteoLidar-v2.dir/home/uzygncr/pico/pico-sdk/lib/cyw43-driver/src/cyw43_ll.c.obj
 .text.cyw43_ll_init
                0x0000000010009c60       0x1c CMakeFiles/oteoLidar-v2.dir/home/uzygncr/pico/pico-sdk/lib/cyw43-driver/src/cyw43_ll.c.obj
                0x0000000010009c60                cyw43_ll_init
 .text.cyw43_ll_deinit
                0x0000000010009c7c        0x8 CMakeFiles/oteoLidar-v2.dir/home/uzygncr/pico/pico-sdk/lib/cyw43-driver/src/cyw43_ll.c.obj
                0x0000000010009c7c                cyw43_ll_deinit
 .text.cyw43_ll_process_packets
                0x0000000010009c84       0x54 CMakeFiles/oteoLidar-v2.dir/home/uzygncr/pico/pico-sdk/lib/cyw43-driver/src/cyw43_ll.c.obj
                0x0000000010009c84                cyw43_ll_process_packets
 .text.cyw43_ll_ioctl
                0x0000000010009cd8       0x80 CMakeFiles/oteoLidar-v2.dir/home/uzygncr/pico/pico-sdk/lib/cyw43-driver/src/cyw43_ll.c.obj
                0x0000000010009cd8                cyw43_ll_ioctl
 .text.cyw43_ll_bus_sleep
                0x0000000010009d58       0x34 CMakeFiles/oteoLidar-v2.dir/home/uzygncr/pico/pico-sdk/lib/cyw43-driver/src/cyw43_ll.c.obj
                0x0000000010009d58                cyw43_ll_bus_sleep
 .text.cyw43_ll_wifi_get_mac
                0x0000000010009d8c       0x74 CMakeFiles/oteoLidar-v2.dir/home/uzygncr/pico/pico-sdk/lib/cyw43-driver/src/cyw43_ll.c.obj
                0x0000000010009d8c                cyw43_ll_wifi_get_mac
 .text.cyw43_ll_bus_init
                0x0000000010009e00      0x90c CMakeFiles/oteoLidar-v2.dir/home/uzygncr/pico/pico-sdk/lib/cyw43-driver/src/cyw43_ll.c.obj
                0x0000000010009e00                cyw43_ll_bus_init
 .text.cyw43_ll_wifi_set_wpa_auth
                0x000000001000a70c       0x4c CMakeFiles/oteoLidar-v2.dir/home/uzygncr/pico/pico-sdk/lib/cyw43-driver/src/cyw43_ll.c.obj
                0x000000001000a70c                cyw43_ll_wifi_set_wpa_auth
 .text.cyw43_ll_wifi_rejoin
                0x000000001000a758       0x58 CMakeFiles/oteoLidar-v2.dir/home/uzygncr/pico/pico-sdk/lib/cyw43-driver/src/cyw43_ll.c.obj
                0x000000001000a758                cyw43_ll_wifi_rejoin
 .text.cyw43_ll_gpio_set
                0x000000001000a7b0       0x9c CMakeFiles/oteoLidar-v2.dir/home/uzygncr/pico/pico-sdk/lib/cyw43-driver/src/cyw43_ll.c.obj
                0x000000001000a7b0                cyw43_ll_gpio_set
 .text.cyw43_ll_gpio_get
                0x000000001000a84c       0xa0 CMakeFiles/oteoLidar-v2.dir/home/uzygncr/pico/pico-sdk/lib/cyw43-driver/src/cyw43_ll.c.obj
                0x000000001000a84c                cyw43_ll_gpio_get
 .text.cyw43_ll_has_work
                0x000000001000a8ec       0x14 CMakeFiles/oteoLidar-v2.dir/home/uzygncr/pico/pico-sdk/lib/cyw43-driver/src/cyw43_ll.c.obj
                0x000000001000a8ec                cyw43_ll_has_work
 .text.cyw43_cb_tcpip_deinit
                0x000000001000a900       0x4c CMakeFiles/oteoLidar-v2.dir/home/uzygncr/pico/pico-sdk/lib/cyw43-driver/src/cyw43_lwip.c.obj
                0x000000001000a900                cyw43_cb_tcpip_deinit
 .text.cyw43_cb_process_ethernet
                0x000000001000a94c       0x68 CMakeFiles/oteoLidar-v2.dir/home/uzygncr/pico/pico-sdk/lib/cyw43-driver/src/cyw43_lwip.c.obj
                0x000000001000a94c                cyw43_cb_process_ethernet
 .text.cyw43_cb_tcpip_set_link_up
                0x000000001000a9b4       0x18 CMakeFiles/oteoLidar-v2.dir/home/uzygncr/pico/pico-sdk/lib/cyw43-driver/src/cyw43_lwip.c.obj
                0x000000001000a9b4                cyw43_cb_tcpip_set_link_up
 .text.cyw43_cb_tcpip_set_link_down
                0x000000001000a9cc       0x18 CMakeFiles/oteoLidar-v2.dir/home/uzygncr/pico/pico-sdk/lib/cyw43-driver/src/cyw43_lwip.c.obj
                0x000000001000a9cc                cyw43_cb_tcpip_set_link_down
 .text.cyw43_poll_func
                0x000000001000a9e4       0xc0 CMakeFiles/oteoLidar-v2.dir/home/uzygncr/pico/pico-sdk/lib/cyw43-driver/src/cyw43_ctrl.c.obj
 .text.cyw43_init
                0x000000001000aaa4       0x6c CMakeFiles/oteoLidar-v2.dir/home/uzygncr/pico/pico-sdk/lib/cyw43-driver/src/cyw43_ctrl.c.obj
                0x000000001000aaa4                cyw43_init
 .text.cyw43_deinit
                0x000000001000ab10       0x90 CMakeFiles/oteoLidar-v2.dir/home/uzygncr/pico/pico-sdk/lib/cyw43-driver/src/cyw43_ctrl.c.obj
                0x000000001000ab10                cyw43_deinit
 .text.cyw43_cb_read_host_interrupt_pin
                0x000000001000aba0        0xc CMakeFiles/oteoLidar-v2.dir/home/uzygncr/pico/pico-sdk/lib/cyw43-driver/src/cyw43_ctrl.c.obj
                0x000000001000aba0                cyw43_cb_read_host_interrupt_pin
 .text.cyw43_cb_ensure_awake
                0x000000001000abac        0xc CMakeFiles/oteoLidar-v2.dir/home/uzygncr/pico/pico-sdk/lib/cyw43-driver/src/cyw43_ctrl.c.obj
                0x000000001000abac                cyw43_cb_ensure_awake
 .text.cyw43_cb_process_async_event
                0x000000001000abb8      0x228 CMakeFiles/oteoLidar-v2.dir/home/uzygncr/pico/pico-sdk/lib/cyw43-driver/src/cyw43_ctrl.c.obj
                0x000000001000abb8                cyw43_cb_process_async_event
 .text.cyw43_gpio_set
                0x000000001000ade0       0xa0 CMakeFiles/oteoLidar-v2.dir/home/uzygncr/pico/pico-sdk/lib/cyw43-driver/src/cyw43_ctrl.c.obj
                0x000000001000ade0                cyw43_gpio_set
 .text.cyw43_gpio_get
                0x000000001000ae80       0xa0 CMakeFiles/oteoLidar-v2.dir/home/uzygncr/pico/pico-sdk/lib/cyw43-driver/src/cyw43_ctrl.c.obj
                0x000000001000ae80                cyw43_gpio_get
 .text.pio_sm_unclaim
                0x000000001000af20       0x20 CMakeFiles/oteoLidar-v2.dir/home/uzygncr/pico/pico-sdk/src/rp2_common/hardware_pio/pio.c.obj
                0x000000001000af20                pio_sm_unclaim
 .text.pio_claim_unused_sm
                0x000000001000af40       0x38 CMakeFiles/oteoLidar-v2.dir/home/uzygncr/pico/pico-sdk/src/rp2_common/hardware_pio/pio.c.obj
                0x000000001000af40                pio_claim_unused_sm
 .text.pio_can_add_program
                0x000000001000af78       0x6c CMakeFiles/oteoLidar-v2.dir/home/uzygncr/pico/pico-sdk/src/rp2_common/hardware_pio/pio.c.obj
                0x000000001000af78                pio_can_add_program
 .text.pio_add_program
                0x000000001000afe4       0xf4 CMakeFiles/oteoLidar-v2.dir/home/uzygncr/pico/pico-sdk/src/rp2_common/hardware_pio/pio.c.obj
                0x000000001000afe4                pio_add_program
 .text.pio_remove_program
                0x000000001000b0d8       0x34 CMakeFiles/oteoLidar-v2.dir/home/uzygncr/pico/pico-sdk/src/rp2_common/hardware_pio/pio.c.obj
                0x000000001000b0d8                pio_remove_program
 .text.pio_sm_set_pindirs_with_mask
                0x000000001000b10c       0xa4 CMakeFiles/oteoLidar-v2.dir/home/uzygncr/pico/pico-sdk/src/rp2_common/hardware_pio/pio.c.obj
                0x000000001000b10c                pio_sm_set_pindirs_with_mask
 .text.pio_sm_set_consecutive_pindirs
                0x000000001000b1b0       0xbc CMakeFiles/oteoLidar-v2.dir/home/uzygncr/pico/pico-sdk/src/rp2_common/hardware_pio/pio.c.obj
                0x000000001000b1b0                pio_sm_set_consecutive_pindirs
 .text.dma_channel_unclaim
                0x000000001000b26c       0x10 CMakeFiles/oteoLidar-v2.dir/home/uzygncr/pico/pico-sdk/src/rp2_common/hardware_dma/dma.c.obj
                0x000000001000b26c                dma_channel_unclaim
 .text.dma_claim_unused_channel
                0x000000001000b27c       0x20 CMakeFiles/oteoLidar-v2.dir/home/uzygncr/pico/pico-sdk/src/rp2_common/hardware_dma/dma.c.obj
                0x000000001000b27c                dma_claim_unused_channel
 .text.dma_channel_cleanup
                0x000000001000b29c       0x64 CMakeFiles/oteoLidar-v2.dir/home/uzygncr/pico/pico-sdk/src/rp2_common/hardware_dma/dma.c.obj
                0x000000001000b29c                dma_channel_cleanup
 .text.cyw43_sleep_timeout_reached
                0x000000001000b300       0x10 CMakeFiles/oteoLidar-v2.dir/home/uzygncr/pico/pico-sdk/src/rp2_common/pico_cyw43_driver/cyw43_driver.c.obj
 .text.cyw43_irq_init
                0x000000001000b310       0x28 CMakeFiles/oteoLidar-v2.dir/home/uzygncr/pico/pico-sdk/src/rp2_common/pico_cyw43_driver/cyw43_driver.c.obj
                0x000000001000b310                cyw43_irq_init
 .text.cyw43_irq_deinit
                0x000000001000b338       0x20 CMakeFiles/oteoLidar-v2.dir/home/uzygncr/pico/pico-sdk/src/rp2_common/pico_cyw43_driver/cyw43_driver.c.obj
                0x000000001000b338                cyw43_irq_deinit
 .text.cyw43_gpio_irq_handler
                0x000000001000b358       0x44 CMakeFiles/oteoLidar-v2.dir/home/uzygncr/pico/pico-sdk/src/rp2_common/pico_cyw43_driver/cyw43_driver.c.obj
 .text.cyw43_do_poll
                0x000000001000b39c       0x6c CMakeFiles/oteoLidar-v2.dir/home/uzygncr/pico/pico-sdk/src/rp2_common/pico_cyw43_driver/cyw43_driver.c.obj
 .text.cyw43_post_poll_hook
                0x000000001000b408       0x10 CMakeFiles/oteoLidar-v2.dir/home/uzygncr/pico/pico-sdk/src/rp2_common/pico_cyw43_driver/cyw43_driver.c.obj
                0x000000001000b408                cyw43_post_poll_hook
 .text.cyw43_schedule_internal_poll_dispatch
                0x000000001000b418       0x18 CMakeFiles/oteoLidar-v2.dir/home/uzygncr/pico/pico-sdk/src/rp2_common/pico_cyw43_driver/cyw43_driver.c.obj
                0x000000001000b418                cyw43_schedule_internal_poll_dispatch
 .text.cyw43_driver_init
                0x000000001000b430       0x38 CMakeFiles/oteoLidar-v2.dir/home/uzygncr/pico/pico-sdk/src/rp2_common/pico_cyw43_driver/cyw43_driver.c.obj
                0x000000001000b430                cyw43_driver_init
 .text.cyw43_driver_deinit
                0x000000001000b468       0x44 CMakeFiles/oteoLidar-v2.dir/home/uzygncr/pico/pico-sdk/src/rp2_common/pico_cyw43_driver/cyw43_driver.c.obj
                0x000000001000b468                cyw43_driver_deinit
 .text.cyw43_hal_generate_laa_mac
                0x000000001000b4ac       0x28 CMakeFiles/oteoLidar-v2.dir/home/uzygncr/pico/pico-sdk/src/rp2_common/pico_cyw43_driver/cyw43_driver.c.obj
                0x000000001000b4ac                cyw43_hal_generate_laa_mac
 .text.cyw43_thread_enter
                0x000000001000b4d4       0x14 CMakeFiles/oteoLidar-v2.dir/home/uzygncr/pico/pico-sdk/src/rp2_common/pico_cyw43_driver/cyw43_driver.c.obj
                0x000000001000b4d4                cyw43_thread_enter
 .text.cyw43_thread_exit
                0x000000001000b4e8       0x14 CMakeFiles/oteoLidar-v2.dir/home/uzygncr/pico/pico-sdk/src/rp2_common/pico_cyw43_driver/cyw43_driver.c.obj
                0x000000001000b4e8                cyw43_thread_exit
 .text.cyw43_await_background_or_timeout_us
                0x000000001000b4fc       0x60 CMakeFiles/oteoLidar-v2.dir/home/uzygncr/pico/pico-sdk/src/rp2_common/pico_cyw43_driver/cyw43_driver.c.obj
                0x000000001000b4fc                cyw43_await_background_or_timeout_us
 .text.cyw43_delay_ms
                0x000000001000b55c       0x44 CMakeFiles/oteoLidar-v2.dir/home/uzygncr/pico/pico-sdk/src/rp2_common/pico_cyw43_driver/cyw43_driver.c.obj
                0x000000001000b55c                cyw43_delay_ms
 .text.async_context_threadsafe_background_acquire_lock_blocking
                0x000000001000b5a0        0xc CMakeFiles/oteoLidar-v2.dir/home/uzygncr/pico/pico-sdk/src/rp2_common/pico_async_context/async_context_threadsafe_background.c.obj
 .text.alarm_handler
                0x000000001000b5ac       0x20 CMakeFiles/oteoLidar-v2.dir/home/uzygncr/pico/pico-sdk/src/rp2_common/pico_async_context/async_context_threadsafe_background.c.obj
 .text.async_context_threadsafe_background_set_work_pending
                0x000000001000b5cc       0x1c CMakeFiles/oteoLidar-v2.dir/home/uzygncr/pico/pico-sdk/src/rp2_common/pico_async_context/async_context_threadsafe_background.c.obj
 .text.process_under_lock
                0x000000001000b5e8       0xc8 CMakeFiles/oteoLidar-v2.dir/home/uzygncr/pico/pico-sdk/src/rp2_common/pico_async_context/async_context_threadsafe_background.c.obj
 .text.async_context_threadsafe_background_execute_sync
                0x000000001000b6b0       0x30 CMakeFiles/oteoLidar-v2.dir/home/uzygncr/pico/pico-sdk/src/rp2_common/pico_async_context/async_context_threadsafe_background.c.obj
                0x000000001000b6b0                async_context_threadsafe_background_execute_sync
 .text.async_context_threadsafe_background_deinit
                0x000000001000b6e0       0x54 CMakeFiles/oteoLidar-v2.dir/home/uzygncr/pico/pico-sdk/src/rp2_common/pico_async_context/async_context_threadsafe_background.c.obj
 .text.low_priority_irq_handler
                0x000000001000b734       0x3c CMakeFiles/oteoLidar-v2.dir/home/uzygncr/pico/pico-sdk/src/rp2_common/pico_async_context/async_context_threadsafe_background.c.obj
 .text.async_context_threadsafe_background_wait_for_work_until
                0x000000001000b770        0xc CMakeFiles/oteoLidar-v2.dir/home/uzygncr/pico/pico-sdk/src/rp2_common/pico_async_context/async_context_threadsafe_background.c.obj
 .text.async_context_threadsafe_background_wait_until
                0x000000001000b77c       0x1c CMakeFiles/oteoLidar-v2.dir/home/uzygncr/pico/pico-sdk/src/rp2_common/pico_async_context/async_context_threadsafe_background.c.obj
 .text.async_context_threadsafe_background_lock_check
                0x000000001000b798       0x28 CMakeFiles/oteoLidar-v2.dir/home/uzygncr/pico/pico-sdk/src/rp2_common/pico_async_context/async_context_threadsafe_background.c.obj
 .text.async_context_threadsafe_background_release_lock
                0x000000001000b7c0       0x1c CMakeFiles/oteoLidar-v2.dir/home/uzygncr/pico/pico-sdk/src/rp2_common/pico_async_context/async_context_threadsafe_background.c.obj
 .text.async_context_threadsafe_background_when_pending_worker
                0x000000001000b7dc       0x34 CMakeFiles/oteoLidar-v2.dir/home/uzygncr/pico/pico-sdk/src/rp2_common/pico_async_context/async_context_threadsafe_background.c.obj
 .text.async_context_threadsafe_background_remove_at_time_worker
                0x000000001000b810       0x34 CMakeFiles/oteoLidar-v2.dir/home/uzygncr/pico/pico-sdk/src/rp2_common/pico_async_context/async_context_threadsafe_background.c.obj
 .text.async_context_threadsafe_background_add_when_pending_worker
                0x000000001000b844       0x34 CMakeFiles/oteoLidar-v2.dir/home/uzygncr/pico/pico-sdk/src/rp2_common/pico_async_context/async_context_threadsafe_background.c.obj
 .text.async_context_threadsafe_background_add_at_time_worker
                0x000000001000b878       0x34 CMakeFiles/oteoLidar-v2.dir/home/uzygncr/pico/pico-sdk/src/rp2_common/pico_async_context/async_context_threadsafe_background.c.obj
 .text.async_context_threadsafe_background_default_config
                0x000000001000b8ac        0xc CMakeFiles/oteoLidar-v2.dir/home/uzygncr/pico/pico-sdk/src/rp2_common/pico_async_context/async_context_threadsafe_background.c.obj
                0x000000001000b8ac                async_context_threadsafe_background_default_config
 .text.async_context_threadsafe_background_init
                0x000000001000b8b8       0x8c CMakeFiles/oteoLidar-v2.dir/home/uzygncr/pico/pico-sdk/src/rp2_common/pico_async_context/async_context_threadsafe_background.c.obj
                0x000000001000b8b8                async_context_threadsafe_background_init
 .text.uart_init
                0x000000001000b944      0x11c CMakeFiles/oteoLidar-v2.dir/home/uzygncr/pico/pico-sdk/src/rp2_common/hardware_uart/uart.c.obj
                0x000000001000b944                uart_init
 .text.first_per_core_initializer
                0x000000001000ba60        0x4 CMakeFiles/oteoLidar-v2.dir/home/uzygncr/pico/pico-sdk/src/rp2_common/pico_runtime/runtime.c.obj
 .text.hard_assertion_failure
                0x000000001000ba64        0xc CMakeFiles/oteoLidar-v2.dir/home/uzygncr/pico/pico-sdk/src/rp2_common/pico_runtime/runtime.c.obj
                0x000000001000ba64                hard_assertion_failure
 .text.runtime_run_initializers
                0x000000001000ba70       0x28 CMakeFiles/oteoLidar-v2.dir/home/uzygncr/pico/pico-sdk/src/rp2_common/pico_runtime/runtime.c.obj
                0x000000001000ba70                runtime_run_initializers
 .text.runtime_init_early_resets
                0x000000001000ba98       0x2c CMakeFiles/oteoLidar-v2.dir/home/uzygncr/pico/pico-sdk/src/rp2_common/pico_runtime_init/runtime_init.c.obj
                0x000000001000ba98                runtime_init_early_resets
 .text.runtime_init_usb_power_down
                0x000000001000bac4       0x1c CMakeFiles/oteoLidar-v2.dir/home/uzygncr/pico/pico-sdk/src/rp2_common/pico_runtime_init/runtime_init.c.obj
                0x000000001000bac4                runtime_init_usb_power_down
 .text.runtime_init_post_clock_resets
                0x000000001000bae0       0x20 CMakeFiles/oteoLidar-v2.dir/home/uzygncr/pico/pico-sdk/src/rp2_common/pico_runtime_init/runtime_init.c.obj
                0x000000001000bae0                runtime_init_post_clock_resets
 .text.runtime_init_rp2040_gpio_ie_disable
                0x000000001000bb00       0x14 CMakeFiles/oteoLidar-v2.dir/home/uzygncr/pico/pico-sdk/src/rp2_common/pico_runtime_init/runtime_init.c.obj
                0x000000001000bb00                runtime_init_rp2040_gpio_ie_disable
 .text.runtime_init_spin_locks_reset
                0x000000001000bb14        0x8 CMakeFiles/oteoLidar-v2.dir/home/uzygncr/pico/pico-sdk/src/rp2_common/pico_runtime_init/runtime_init.c.obj
                0x000000001000bb14                runtime_init_spin_locks_reset
 .text.runtime_init_install_ram_vector_table
                0x000000001000bb1c       0x1c CMakeFiles/oteoLidar-v2.dir/home/uzygncr/pico/pico-sdk/src/rp2_common/pico_runtime_init/runtime_init.c.obj
                0x000000001000bb1c                runtime_init_install_ram_vector_table
 .text.runtime_init_clocks
                0x000000001000bb38       0xd8 CMakeFiles/oteoLidar-v2.dir/home/uzygncr/pico/pico-sdk/src/rp2_common/pico_runtime_init/runtime_init_clocks.c.obj
                0x000000001000bb38                runtime_init_clocks
 .text          0x000000001000bc10       0x10 CMakeFiles/oteoLidar-v2.dir/home/uzygncr/pico/pico-sdk/src/rp2_common/pico_bit_ops/bit_ops_aeabi.S.obj
 .text.ctzsi    0x000000001000bc20        0xc CMakeFiles/oteoLidar-v2.dir/home/uzygncr/pico/pico-sdk/src/rp2_common/pico_bit_ops/bit_ops_aeabi.S.obj
                0x000000001000bc20                __wrap___ctzsi2
 .text.__wrap___aeabi_idiv
                0x000000001000bc2c       0x50 CMakeFiles/oteoLidar-v2.dir/home/uzygncr/pico/pico-sdk/src/rp2_common/pico_divider/divider_hardware.S.obj
                0x000000001000bc2c                __wrap___aeabi_idivmod
                0x000000001000bc2c                divmod_s32s32
                0x000000001000bc2c                div_s32s32
                0x000000001000bc2c                __wrap___aeabi_idiv
                0x000000001000bc34                divmod_s32s32_unsafe
                0x000000001000bc60                divmod_s32s32_savestate
 .text.__wrap___aeabi_uidiv
                0x000000001000bc7c       0x4c CMakeFiles/oteoLidar-v2.dir/home/uzygncr/pico/pico-sdk/src/rp2_common/pico_divider/divider_hardware.S.obj
                0x000000001000bc7c                __wrap___aeabi_uidiv
                0x000000001000bc7c                __wrap___aeabi_uidivmod
                0x000000001000bc7c                div_u32u32
                0x000000001000bc7c                divmod_u32u32
                0x000000001000bc84                divmod_u32u32_unsafe
                0x000000001000bcac                divmod_u32u32_savestate
 .text.__wrap___aeabi_ldiv
                0x000000001000bcc8      0x424 CMakeFiles/oteoLidar-v2.dir/home/uzygncr/pico/pico-sdk/src/rp2_common/pico_divider/divider_hardware.S.obj
                0x000000001000bcc8                div_s64s64
                0x000000001000bcc8                divmod_s64s64
                0x000000001000bcc8                __wrap___aeabi_ldivmod
                0x000000001000bcf8                div_u64u64
                0x000000001000bcf8                divmod_u64u64
                0x000000001000bcf8                __wrap___aeabi_uldivmod
                0x000000001000bd08                divmod_u64u64_savestate
                0x000000001000bd28                divmod_s64s64_unsafe
                0x000000001000bdb0                divmod_u64u64_unsafe
 .text.__wrap___aeabi_darithmetic
                0x000000001000c0ec       0x60 CMakeFiles/oteoLidar-v2.dir/home/uzygncr/pico/pico-sdk/src/rp2_common/pico_double/double_aeabi_rp2040.S.obj
                0x000000001000c0ec                __wrap___aeabi_drsub
                0x000000001000c0f2                __wrap___aeabi_dsub
                0x000000001000c0fc                __wrap___aeabi_dadd
                0x000000001000c106                __wrap___aeabi_ddiv
                0x000000001000c13a                __wrap___aeabi_dmul
 .text.__wrap___aeabi_cdcmple
                0x000000001000c14c       0x6c CMakeFiles/oteoLidar-v2.dir/home/uzygncr/pico/pico-sdk/src/rp2_common/pico_double/double_aeabi_rp2040.S.obj
                0x000000001000c14c                __wrap___aeabi_cdrcmple
                0x000000001000c15c                __wrap___aeabi_cdcmple
                0x000000001000c15c                __wrap___aeabi_cdcmpeq
 .text.__wrap___aeabi_dcmplt
                0x000000001000c1b8        0xc CMakeFiles/oteoLidar-v2.dir/home/uzygncr/pico/pico-sdk/src/rp2_common/pico_double/double_aeabi_rp2040.S.obj
                0x000000001000c1b8                __wrap___aeabi_dcmplt
 .text.__wrap___aeabi_dcmple
                0x000000001000c1c4       0x10 CMakeFiles/oteoLidar-v2.dir/home/uzygncr/pico/pico-sdk/src/rp2_common/pico_double/double_aeabi_rp2040.S.obj
                0x000000001000c1c4                __wrap___aeabi_dcmple
 .text.__wrap___aeabi_dcmpge
                0x000000001000c1d4       0x10 CMakeFiles/oteoLidar-v2.dir/home/uzygncr/pico/pico-sdk/src/rp2_common/pico_double/double_aeabi_rp2040.S.obj
                0x000000001000c1d4                __wrap___aeabi_dcmpge
 .text.__wrap___aeabi_dcmpgt
                0x000000001000c1e4        0xa CMakeFiles/oteoLidar-v2.dir/home/uzygncr/pico/pico-sdk/src/rp2_common/pico_double/double_aeabi_rp2040.S.obj
                0x000000001000c1e4                __wrap___aeabi_dcmpgt
 .text.__wrap___aeabi_dcmpun
                0x000000001000c1ee       0x18 CMakeFiles/oteoLidar-v2.dir/home/uzygncr/pico/pico-sdk/src/rp2_common/pico_double/double_aeabi_rp2040.S.obj
                0x000000001000c1ee                __wrap___aeabi_dcmpun
 *fill*         0x000000001000c206        0x2 
 .text.__wrap___aeabi_i2d
                0x000000001000c208       0x38 CMakeFiles/oteoLidar-v2.dir/home/uzygncr/pico/pico-sdk/src/rp2_common/pico_double/double_aeabi_rp2040.S.obj
                0x000000001000c208                __wrap___aeabi_ui2d
                0x000000001000c210                __wrap___aeabi_i2d
 .text.__wrap___aeabi_d2iz
                0x000000001000c240       0x48 CMakeFiles/oteoLidar-v2.dir/home/uzygncr/pico/pico-sdk/src/rp2_common/pico_double/double_aeabi_rp2040.S.obj
                0x000000001000c240                __wrap___aeabi_d2iz
                0x000000001000c240                double2int_z
 .text.__wrap___aeabi_d2uiz
                0x000000001000c288       0x10 CMakeFiles/oteoLidar-v2.dir/home/uzygncr/pico/pico-sdk/src/rp2_common/pico_double/double_aeabi_rp2040.S.obj
                0x000000001000c288                double2uint
                0x000000001000c288                __wrap___aeabi_d2uiz
 .text.missing_double_func_shim
                0x000000001000c298        0xc CMakeFiles/oteoLidar-v2.dir/home/uzygncr/pico/pico-sdk/src/rp2_common/pico_double/double_init_rom_rp2040.c.obj
 .text.__aeabi_double_init
                0x000000001000c2a4       0xa4 CMakeFiles/oteoLidar-v2.dir/home/uzygncr/pico/pico-sdk/src/rp2_common/pico_double/double_init_rom_rp2040.c.obj
                0x000000001000c2a4                __aeabi_double_init
 .text.double_table_shim_on_use_helper
                0x000000001000c348       0x2c CMakeFiles/oteoLidar-v2.dir/home/uzygncr/pico/pico-sdk/src/rp2_common/pico_double/double_v1_rom_shim_rp2040.S.obj
                0x000000001000c348                double_table_shim_on_use_helper
 .text.__aeabi_lmul
                0x000000001000c374       0x32 CMakeFiles/oteoLidar-v2.dir/home/uzygncr/pico/pico-sdk/src/rp2_common/pico_int64_ops/pico_int64_ops_aeabi.S.obj
                0x000000001000c374                __wrap___aeabi_lmul
 *fill*         0x000000001000c3a6        0x2 
 .text.missing_float_func_shim
                0x000000001000c3a8        0xc CMakeFiles/oteoLidar-v2.dir/home/uzygncr/pico/pico-sdk/src/rp2_common/pico_float/float_init_rom_rp2040.c.obj
 .text.__aeabi_float_init
                0x000000001000c3b4       0x5c CMakeFiles/oteoLidar-v2.dir/home/uzygncr/pico/pico-sdk/src/rp2_common/pico_float/float_init_rom_rp2040.c.obj
                0x000000001000c3b4                __aeabi_float_init
 .text          0x000000001000c410       0x10 CMakeFiles/oteoLidar-v2.dir/home/uzygncr/pico/pico-sdk/src/rp2_common/pico_mem_ops/mem_ops_aeabi.S.obj
                0x000000001000c410                __aeabi_mem_init
 .text.memset   0x000000001000c420        0xc CMakeFiles/oteoLidar-v2.dir/home/uzygncr/pico/pico-sdk/src/rp2_common/pico_mem_ops/mem_ops_aeabi.S.obj
                0x000000001000c420                __wrap_memset
 .text.memcpy   0x000000001000c42c        0xc CMakeFiles/oteoLidar-v2.dir/home/uzygncr/pico/pico-sdk/src/rp2_common/pico_mem_ops/mem_ops_aeabi.S.obj
                0x000000001000c42c                __wrap___aeabi_memcpy
                0x000000001000c42c                __wrap_memcpy
 .text._out_null
                0x000000001000c438        0x4 CMakeFiles/oteoLidar-v2.dir/home/uzygncr/pico/pico-sdk/src/rp2_common/pico_printf/printf.c.obj
 .text._out_rev
                0x000000001000c43c       0x9c CMakeFiles/oteoLidar-v2.dir/home/uzygncr/pico/pico-sdk/src/rp2_common/pico_printf/printf.c.obj
 .text._ntoa_format
                0x000000001000c4d8      0x1cc CMakeFiles/oteoLidar-v2.dir/home/uzygncr/pico/pico-sdk/src/rp2_common/pico_printf/printf.c.obj
 .text._out_char
                0x000000001000c6a4       0x10 CMakeFiles/oteoLidar-v2.dir/home/uzygncr/pico/pico-sdk/src/rp2_common/pico_printf/printf.c.obj
 .text._out_fct
                0x000000001000c6b4       0x10 CMakeFiles/oteoLidar-v2.dir/home/uzygncr/pico/pico-sdk/src/rp2_common/pico_printf/printf.c.obj
 .text._etoa    0x000000001000c6c4      0x44c CMakeFiles/oteoLidar-v2.dir/home/uzygncr/pico/pico-sdk/src/rp2_common/pico_printf/printf.c.obj
 .text._ftoa    0x000000001000cb10      0x398 CMakeFiles/oteoLidar-v2.dir/home/uzygncr/pico/pico-sdk/src/rp2_common/pico_printf/printf.c.obj
 .text._vsnprintf
                0x000000001000cea8      0xb04 CMakeFiles/oteoLidar-v2.dir/home/uzygncr/pico/pico-sdk/src/rp2_common/pico_printf/printf.c.obj
 .text.vfctprintf
                0x000000001000d9ac       0x20 CMakeFiles/oteoLidar-v2.dir/home/uzygncr/pico/pico-sdk/src/rp2_common/pico_printf/printf.c.obj
                0x000000001000d9ac                vfctprintf
 .text.weak_raw_vprintf
                0x000000001000d9cc       0x30 CMakeFiles/oteoLidar-v2.dir/home/uzygncr/pico/pico-sdk/src/rp2_common/pico_printf/printf.c.obj
                0x000000001000d9cc                weak_raw_vprintf
 .text._exit    0x000000001000d9fc        0x4 CMakeFiles/oteoLidar-v2.dir/home/uzygncr/pico/pico-sdk/src/rp2_common/pico_clib_interface/newlib_interface.c.obj
                0x000000001000d9fc                _exit
 .text.exit     0x000000001000da00        0x8 CMakeFiles/oteoLidar-v2.dir/home/uzygncr/pico/pico-sdk/src/rp2_common/pico_clib_interface/newlib_interface.c.obj
                0x000000001000da00                exit
 .text.runtime_init
                0x000000001000da08       0x2c CMakeFiles/oteoLidar-v2.dir/home/uzygncr/pico/pico-sdk/src/rp2_common/pico_clib_interface/newlib_interface.c.obj
                0x000000001000da08                runtime_init
 .text.stdio_out_chars_no_crlf
                0x000000001000da34       0x10 CMakeFiles/oteoLidar-v2.dir/home/uzygncr/pico/pico-sdk/src/rp2_common/pico_stdio/stdio.c.obj
 .text.stdio_out_chars_crlf
                0x000000001000da44       0xb4 CMakeFiles/oteoLidar-v2.dir/home/uzygncr/pico/pico-sdk/src/rp2_common/pico_stdio/stdio.c.obj
 .text.stdio_buffered_printer
                0x000000001000daf8       0x64 CMakeFiles/oteoLidar-v2.dir/home/uzygncr/pico/pico-sdk/src/rp2_common/pico_stdio/stdio.c.obj
 .text.stdio_put_string
                0x000000001000db5c      0x100 CMakeFiles/oteoLidar-v2.dir/home/uzygncr/pico/pico-sdk/src/rp2_common/pico_stdio/stdio.c.obj
                0x000000001000db5c                stdio_put_string
 .text.stdio_set_driver_enabled
                0x000000001000dc5c       0x30 CMakeFiles/oteoLidar-v2.dir/home/uzygncr/pico/pico-sdk/src/rp2_common/pico_stdio/stdio.c.obj
                0x000000001000dc5c                stdio_set_driver_enabled
 .text.stdio_init_all
                0x000000001000dc8c        0x8 CMakeFiles/oteoLidar-v2.dir/home/uzygncr/pico/pico-sdk/src/rp2_common/pico_stdio/stdio.c.obj
                0x000000001000dc8c                stdio_init_all
 .text.__wrap_putchar
                0x000000001000dc94       0x98 CMakeFiles/oteoLidar-v2.dir/home/uzygncr/pico/pico-sdk/src/rp2_common/pico_stdio/stdio.c.obj
                0x000000001000dc94                stdio_putchar
                0x000000001000dc94                __wrap_putchar
 .text.__wrap_puts
                0x000000001000dd2c       0x3c CMakeFiles/oteoLidar-v2.dir/home/uzygncr/pico/pico-sdk/src/rp2_common/pico_stdio/stdio.c.obj
                0x000000001000dd2c                __wrap_puts
                0x000000001000dd2c                stdio_puts
 .text.__wrap_vprintf
                0x000000001000dd68       0xd8 CMakeFiles/oteoLidar-v2.dir/home/uzygncr/pico/pico-sdk/src/rp2_common/pico_stdio/stdio.c.obj
                0x000000001000dd68                __wrap_vprintf
                0x000000001000dd68                stdio_vprintf
 .text.__wrap_printf
                0x000000001000de40       0x18 CMakeFiles/oteoLidar-v2.dir/home/uzygncr/pico/pico-sdk/src/rp2_common/pico_stdio/stdio.c.obj
                0x000000001000de40                stdio_printf
                0x000000001000de40                __wrap_printf
 .text.resetd_init
                0x000000001000de58        0x4 CMakeFiles/oteoLidar-v2.dir/home/uzygncr/pico/pico-sdk/src/rp2_common/pico_stdio_usb/reset_interface.c.obj
 .text.resetd_reset
                0x000000001000de5c        0xc CMakeFiles/oteoLidar-v2.dir/home/uzygncr/pico/pico-sdk/src/rp2_common/pico_stdio_usb/reset_interface.c.obj
 .text.resetd_open
                0x000000001000de68       0x28 CMakeFiles/oteoLidar-v2.dir/home/uzygncr/pico/pico-sdk/src/rp2_common/pico_stdio_usb/reset_interface.c.obj
 .text.resetd_xfer_cb
                0x000000001000de90        0x4 CMakeFiles/oteoLidar-v2.dir/home/uzygncr/pico/pico-sdk/src/rp2_common/pico_stdio_usb/reset_interface.c.obj
 .text.resetd_control_xfer_cb
                0x000000001000de94       0x54 CMakeFiles/oteoLidar-v2.dir/home/uzygncr/pico/pico-sdk/src/rp2_common/pico_stdio_usb/reset_interface.c.obj
 .text.tud_descriptor_bos_cb
                0x000000001000dee8        0x8 CMakeFiles/oteoLidar-v2.dir/home/uzygncr/pico/pico-sdk/src/rp2_common/pico_stdio_usb/reset_interface.c.obj
                0x000000001000dee8                tud_descriptor_bos_cb
 .text.tud_vendor_control_xfer_cb
                0x000000001000def0       0x34 CMakeFiles/oteoLidar-v2.dir/home/uzygncr/pico/pico-sdk/src/rp2_common/pico_stdio_usb/reset_interface.c.obj
                0x000000001000def0                tud_vendor_control_xfer_cb
 .text.usbd_app_driver_get_cb
                0x000000001000df24        0xc CMakeFiles/oteoLidar-v2.dir/home/uzygncr/pico/pico-sdk/src/rp2_common/pico_stdio_usb/reset_interface.c.obj
                0x000000001000df24                usbd_app_driver_get_cb
 .text.tud_cdc_line_coding_cb
                0x000000001000df30       0x28 CMakeFiles/oteoLidar-v2.dir/home/uzygncr/pico/pico-sdk/src/rp2_common/pico_stdio_usb/reset_interface.c.obj
                0x000000001000df30                tud_cdc_line_coding_cb
 .text.stdio_usb_set_chars_available_callback
                0x000000001000df58       0x14 CMakeFiles/oteoLidar-v2.dir/home/uzygncr/pico/pico-sdk/src/rp2_common/pico_stdio_usb/stdio_usb.c.obj
                0x000000001000df58                stdio_usb_set_chars_available_callback
 .text.usb_irq  0x000000001000df6c       0x10 CMakeFiles/oteoLidar-v2.dir/home/uzygncr/pico/pico-sdk/src/rp2_common/pico_stdio_usb/stdio_usb.c.obj
 .text.timer_task
                0x000000001000df7c       0x64 CMakeFiles/oteoLidar-v2.dir/home/uzygncr/pico/pico-sdk/src/rp2_common/pico_stdio_usb/stdio_usb.c.obj
 .text.stdio_usb_in_chars
                0x000000001000dfe0       0x90 CMakeFiles/oteoLidar-v2.dir/home/uzygncr/pico/pico-sdk/src/rp2_common/pico_stdio_usb/stdio_usb.c.obj
                0x000000001000dfe0                stdio_usb_in_chars
 .text.stdio_usb_out_flush
                0x000000001000e070       0x50 CMakeFiles/oteoLidar-v2.dir/home/uzygncr/pico/pico-sdk/src/rp2_common/pico_stdio_usb/stdio_usb.c.obj
 .text.stdio_usb_out_chars
                0x000000001000e0c0      0x100 CMakeFiles/oteoLidar-v2.dir/home/uzygncr/pico/pico-sdk/src/rp2_common/pico_stdio_usb/stdio_usb.c.obj
 .text.low_priority_worker_irq
                0x000000001000e1c0       0xc8 CMakeFiles/oteoLidar-v2.dir/home/uzygncr/pico/pico-sdk/src/rp2_common/pico_stdio_usb/stdio_usb.c.obj
 .text.stdio_usb_init
                0x000000001000e288       0xe4 CMakeFiles/oteoLidar-v2.dir/home/uzygncr/pico/pico-sdk/src/rp2_common/pico_stdio_usb/stdio_usb.c.obj
                0x000000001000e288                stdio_usb_init
 .text.tud_descriptor_device_cb
                0x000000001000e36c        0x8 CMakeFiles/oteoLidar-v2.dir/home/uzygncr/pico/pico-sdk/src/rp2_common/pico_stdio_usb/stdio_usb_descriptors.c.obj
                0x000000001000e36c                tud_descriptor_device_cb
 .text.tud_descriptor_configuration_cb
                0x000000001000e374        0x8 CMakeFiles/oteoLidar-v2.dir/home/uzygncr/pico/pico-sdk/src/rp2_common/pico_stdio_usb/stdio_usb_descriptors.c.obj
                0x000000001000e374                tud_descriptor_configuration_cb
 .text.tud_descriptor_string_cb
                0x000000001000e37c       0x74 CMakeFiles/oteoLidar-v2.dir/home/uzygncr/pico/pico-sdk/src/rp2_common/pico_stdio_usb/stdio_usb_descriptors.c.obj
                0x000000001000e37c                tud_descriptor_string_cb
 .text.dcd_init
                0x000000001000e3f0       0x8c CMakeFiles/oteoLidar-v2.dir/home/uzygncr/pico/pico-sdk/lib/tinyusb/src/portable/raspberrypi/rp2040/dcd_rp2040.c.obj
                0x000000001000e3f0                dcd_init
 .text.dcd_int_enable
                0x000000001000e47c        0xc CMakeFiles/oteoLidar-v2.dir/home/uzygncr/pico/pico-sdk/lib/tinyusb/src/portable/raspberrypi/rp2040/dcd_rp2040.c.obj
                0x000000001000e47c                dcd_int_enable
 .text.dcd_set_address
                0x000000001000e488       0x14 CMakeFiles/oteoLidar-v2.dir/home/uzygncr/pico/pico-sdk/lib/tinyusb/src/portable/raspberrypi/rp2040/dcd_rp2040.c.obj
                0x000000001000e488                dcd_set_address
 .text.dcd_sof_enable
                0x000000001000e49c       0x1c CMakeFiles/oteoLidar-v2.dir/home/uzygncr/pico/pico-sdk/lib/tinyusb/src/portable/raspberrypi/rp2040/dcd_rp2040.c.obj
                0x000000001000e49c                dcd_sof_enable
 .text.dcd_edpt0_status_complete
                0x000000001000e4b8       0x1c CMakeFiles/oteoLidar-v2.dir/home/uzygncr/pico/pico-sdk/lib/tinyusb/src/portable/raspberrypi/rp2040/dcd_rp2040.c.obj
                0x000000001000e4b8                dcd_edpt0_status_complete
 .text.dcd_edpt_open
                0x000000001000e4d4      0x108 CMakeFiles/oteoLidar-v2.dir/home/uzygncr/pico/pico-sdk/lib/tinyusb/src/portable/raspberrypi/rp2040/dcd_rp2040.c.obj
                0x000000001000e4d4                dcd_edpt_open
 .text.dcd_edpt_close_all
                0x000000001000e5dc        0x8 CMakeFiles/oteoLidar-v2.dir/home/uzygncr/pico/pico-sdk/lib/tinyusb/src/portable/raspberrypi/rp2040/dcd_rp2040.c.obj
                0x000000001000e5dc                dcd_edpt_close_all
 .text.dcd_edpt_xfer
                0x000000001000e5e4       0x24 CMakeFiles/oteoLidar-v2.dir/home/uzygncr/pico/pico-sdk/lib/tinyusb/src/portable/raspberrypi/rp2040/dcd_rp2040.c.obj
                0x000000001000e5e4                dcd_edpt_xfer
 .text.dcd_edpt_stall
                0x000000001000e608       0x38 CMakeFiles/oteoLidar-v2.dir/home/uzygncr/pico/pico-sdk/lib/tinyusb/src/portable/raspberrypi/rp2040/dcd_rp2040.c.obj
                0x000000001000e608                dcd_edpt_stall
 .text.dcd_edpt_clear_stall
                0x000000001000e640       0x30 CMakeFiles/oteoLidar-v2.dir/home/uzygncr/pico/pico-sdk/lib/tinyusb/src/portable/raspberrypi/rp2040/dcd_rp2040.c.obj
                0x000000001000e640                dcd_edpt_clear_stall
 .text.rp2040_usb_init
                0x000000001000e670       0x40 CMakeFiles/oteoLidar-v2.dir/home/uzygncr/pico/pico-sdk/lib/tinyusb/src/portable/raspberrypi/rp2040/rp2040_usb.c.obj
                0x000000001000e670                rp2040_usb_init
 .text.hw_endpoint_xfer_start
                0x000000001000e6b0       0x50 CMakeFiles/oteoLidar-v2.dir/home/uzygncr/pico/pico-sdk/lib/tinyusb/src/portable/raspberrypi/rp2040/rp2040_usb.c.obj
                0x000000001000e6b0                hw_endpoint_xfer_start
 .text.tud_event_hook_cb
                0x000000001000e700        0x4 CMakeFiles/oteoLidar-v2.dir/home/uzygncr/pico/pico-sdk/lib/tinyusb/src/device/usbd.c.obj
                0x000000001000e700                tud_event_hook_cb
 .text.tud_sof_cb
                0x000000001000e704        0x4 CMakeFiles/oteoLidar-v2.dir/home/uzygncr/pico/pico-sdk/lib/tinyusb/src/device/usbd.c.obj
                0x000000001000e704                tud_sof_cb
 .text.tud_descriptor_device_qualifier_cb
                0x000000001000e708        0x4 CMakeFiles/oteoLidar-v2.dir/home/uzygncr/pico/pico-sdk/lib/tinyusb/src/device/usbd.c.obj
                0x000000001000e708                tud_descriptor_device_qualifier_cb
 .text.tud_descriptor_other_speed_configuration_cb
                0x000000001000e70c        0x4 CMakeFiles/oteoLidar-v2.dir/home/uzygncr/pico/pico-sdk/lib/tinyusb/src/device/usbd.c.obj
                0x000000001000e70c                tud_descriptor_other_speed_configuration_cb
 .text.tud_mount_cb
                0x000000001000e710        0x4 CMakeFiles/oteoLidar-v2.dir/home/uzygncr/pico/pico-sdk/lib/tinyusb/src/device/usbd.c.obj
                0x000000001000e710                tud_mount_cb
 .text.tud_umount_cb
                0x000000001000e714        0x4 CMakeFiles/oteoLidar-v2.dir/home/uzygncr/pico/pico-sdk/lib/tinyusb/src/device/usbd.c.obj