Archive member included to satisfy reference by file (symbol)

/usr/lib/gcc/arm-none-eabi/10.3.1/thumb/v6-m/nofp/libgcc.a(_dvmd_tls.o)
                              CMakeFiles/lcd_example.dir/home/uzygncr/pico/pico-sdk/src/rp2_common/pico_divider/divider_hardware.S.obj (__aeabi_idiv0)
/usr/lib/gcc/arm-none-eabi/10.3.1/../../../arm-none-eabi/lib/thumb/v6-m/nofp/libg.a(lib_a-atexit.o)
                              /usr/lib/gcc/arm-none-eabi/10.3.1/../../../arm-none-eabi/lib/thumb/v6-m/nofp/crt0.o (atexit)
/usr/lib/gcc/arm-none-eabi/10.3.1/../../../arm-none-eabi/lib/thumb/v6-m/nofp/libg.a(lib_a-calloc.o)
                              CMakeFiles/lcd_example.dir/home/uzygncr/pico/pico-sdk/src/rp2_common/pico_malloc/malloc.c.obj (calloc)
/usr/lib/gcc/arm-none-eabi/10.3.1/../../../arm-none-eabi/lib/thumb/v6-m/nofp/libg.a(lib_a-callocr.o)
                              /usr/lib/gcc/arm-none-eabi/10.3.1/../../../arm-none-eabi/lib/thumb/v6-m/nofp/libg.a(lib_a-calloc.o) (_calloc_r)
/usr/lib/gcc/arm-none-eabi/10.3.1/../../../arm-none-eabi/lib/thumb/v6-m/nofp/libg.a(lib_a-fini.o)
                              /usr/lib/gcc/arm-none-eabi/10.3.1/../../../arm-none-eabi/lib/thumb/v6-m/nofp/crt0.o (__libc_fini_array)
/usr/lib/gcc/arm-none-eabi/10.3.1/../../../arm-none-eabi/lib/thumb/v6-m/nofp/libg.a(lib_a-impure.o)
                              /usr/lib/gcc/arm-none-eabi/10.3.1/../../../arm-none-eabi/lib/thumb/v6-m/nofp/libg.a(lib_a-calloc.o) (_impure_ptr)
/usr/lib/gcc/arm-none-eabi/10.3.1/../../../arm-none-eabi/lib/thumb/v6-m/nofp/libg.a(lib_a-init.o)
                              /usr/lib/gcc/arm-none-eabi/10.3.1/../../../arm-none-eabi/lib/thumb/v6-m/nofp/crt0.o (__libc_init_array)
/usr/lib/gcc/arm-none-eabi/10.3.1/../../../arm-none-eabi/lib/thumb/v6-m/nofp/libg.a(lib_a-lcltime_r.o)
                              CMakeFiles/lcd_example.dir/home/uzygncr/pico/pico-sdk/src/common/pico_util/datetime.c.obj (localtime_r)
/usr/lib/gcc/arm-none-eabi/10.3.1/../../../arm-none-eabi/lib/thumb/v6-m/nofp/libg.a(lib_a-malloc.o)
                              CMakeFiles/lcd_example.dir/home/uzygncr/pico/pico-sdk/src/rp2_common/pico_malloc/malloc.c.obj (malloc)
/usr/lib/gcc/arm-none-eabi/10.3.1/../../../arm-none-eabi/lib/thumb/v6-m/nofp/libg.a(lib_a-mallocr.o)
                              /usr/lib/gcc/arm-none-eabi/10.3.1/../../../arm-none-eabi/lib/thumb/v6-m/nofp/libg.a(lib_a-callocr.o) (_malloc_r)
/usr/lib/gcc/arm-none-eabi/10.3.1/../../../arm-none-eabi/lib/thumb/v6-m/nofp/libg.a(lib_a-memcmp.o)
                              CMakeFiles/lcd_example.dir/home/uzygncr/pico/pico-sdk/src/rp2_common/pico_atomic/atomic.c.obj (memcmp)
/usr/lib/gcc/arm-none-eabi/10.3.1/../../../arm-none-eabi/lib/thumb/v6-m/nofp/libg.a(lib_a-mktime.o)
                              CMakeFiles/lcd_example.dir/home/uzygncr/pico/pico-sdk/src/common/pico_util/datetime.c.obj (mktime)
/usr/lib/gcc/arm-none-eabi/10.3.1/../../../arm-none-eabi/lib/thumb/v6-m/nofp/libg.a(lib_a-mlock.o)
                              /usr/lib/gcc/arm-none-eabi/10.3.1/../../../arm-none-eabi/lib/thumb/v6-m/nofp/libg.a(lib_a-mallocr.o) (__malloc_lock)
/usr/lib/gcc/arm-none-eabi/10.3.1/../../../arm-none-eabi/lib/thumb/v6-m/nofp/libg.a(lib_a-month_lengths.o)
                              /usr/lib/gcc/arm-none-eabi/10.3.1/../../../arm-none-eabi/lib/thumb/v6-m/nofp/libg.a(lib_a-lcltime_r.o) (__month_lengths)
/usr/lib/gcc/arm-none-eabi/10.3.1/../../../arm-none-eabi/lib/thumb/v6-m/nofp/libg.a(lib_a-realloc.o)
                              CMakeFiles/lcd_example.dir/home/uzygncr/pico/pico-sdk/src/rp2_common/pico_malloc/malloc.c.obj (realloc)
/usr/lib/gcc/arm-none-eabi/10.3.1/../../../arm-none-eabi/lib/thumb/v6-m/nofp/libg.a(lib_a-reallocr.o)
                              /usr/lib/gcc/arm-none-eabi/10.3.1/../../../arm-none-eabi/lib/thumb/v6-m/nofp/libg.a(lib_a-realloc.o) (_realloc_r)
/usr/lib/gcc/arm-none-eabi/10.3.1/../../../arm-none-eabi/lib/thumb/v6-m/nofp/libg.a(lib_a-sbrkr.o)
                              /usr/lib/gcc/arm-none-eabi/10.3.1/../../../arm-none-eabi/lib/thumb/v6-m/nofp/libg.a(lib_a-mallocr.o) (_sbrk_r)
/usr/lib/gcc/arm-none-eabi/10.3.1/../../../arm-none-eabi/lib/thumb/v6-m/nofp/libg.a(lib_a-strlen-stub.o)
                              CMakeFiles/lcd_example.dir/home/uzygncr/pico/pico-sdk/src/rp2_common/pico_stdio/stdio.c.obj (strlen)
/usr/lib/gcc/arm-none-eabi/10.3.1/../../../arm-none-eabi/lib/thumb/v6-m/nofp/libg.a(lib_a-tzcalc_limits.o)
                              /usr/lib/gcc/arm-none-eabi/10.3.1/../../../arm-none-eabi/lib/thumb/v6-m/nofp/libg.a(lib_a-lcltime_r.o) (__tzcalc_limits)
/usr/lib/gcc/arm-none-eabi/10.3.1/../../../arm-none-eabi/lib/thumb/v6-m/nofp/libg.a(lib_a-tzlock.o)
                              /usr/lib/gcc/arm-none-eabi/10.3.1/../../../arm-none-eabi/lib/thumb/v6-m/nofp/libg.a(lib_a-lcltime_r.o) (__tz_lock)
/usr/lib/gcc/arm-none-eabi/10.3.1/../../../arm-none-eabi/lib/thumb/v6-m/nofp/libg.a(lib_a-tzset.o)
[...]
Memory Configuration

Name             Origin             Length             Attributes
FLASH            0x0000000010000000 0x0000000000200000 xr
RAM              0x0000000020000000 0x0000000000040000 xrw
SCRATCH_X        0x0000000020040000 0x0000000000001000 xrw
SCRATCH_Y        0x0000000020041000 0x0000000000001000 xrw
*default*        0x0000000000000000 0xffffffffffffffff

Linker script and memory map

LOAD /usr/lib/gcc/arm-none-eabi/10.3.1/thumb/v6-m/nofp/crti.o
LOAD /usr/lib/gcc/arm-none-eabi/10.3.1/thumb/v6-m/nofp/crtbegin.o
LOAD /usr/lib/gcc/arm-none-eabi/10.3.1/../../../arm-none-eabi/lib/thumb/v6-m/nofp/crt0.o

.flash_begin    0x0000000010000000        0x0
                0x0000000010000000                __flash_binary_start = .

.boot2          0x0000000010000000      0x100
                0x0000000010000000                __boot2_start__ = .
 *(.boot2)
 .boot2         0x0000000010000000      0x100 /tmp/ccWDPiU9.o
                0x0000000010000100                __boot2_end__ = .
                0x0000000000000001                ASSERT (((__boot2_end__ - __boot2_start__) == 0x100), ERROR: Pico second stage bootloader must be 256 bytes in size)

.text           0x0000000010000100     0x487c
                0x0000000010000100                __logical_binary_start = .
 *(.vectors)
 .vectors       0x0000000010000100       0xd4 CMakeFiles/lcd_example.dir/home/uzygncr/pico/pico-sdk/src/rp2_common/pico_crt0/crt0.S.obj
                0x0000000010000100                __vectors
                0x0000000010000100                __VECTOR_TABLE
                0x00000000100001c0                isr_invalid
                0x00000000100001c0                __default_isrs_start
                0x00000000100001c2                isr_nmi
                0x00000000100001c4                isr_hardfault
                0x00000000100001c6                isr_svcall
                0x00000000100001c8                isr_pendsv
                0x00000000100001ca                isr_systick
                0x00000000100001cc                isr_irq30
                0x00000000100001cc                __unhandled_user_irq
                0x00000000100001cc                isr_irq13
                0x00000000100001cc                isr_irq27
                0x00000000100001cc                isr_irq31
                0x00000000100001cc                isr_irq5
                0x00000000100001cc                isr_irq11
                0x00000000100001cc                isr_irq23
                0x00000000100001cc                isr_irq18
                0x00000000100001cc                isr_irq28
                0x00000000100001cc                isr_irq19
                0x00000000100001cc                isr_irq0
                0x00000000100001cc                isr_irq6
                0x00000000100001cc                isr_irq22
                0x00000000100001cc                isr_irq17
                0x00000000100001cc                isr_irq14
                0x00000000100001cc                isr_irq2
                0x00000000100001cc                isr_irq10
                0x00000000100001cc                isr_irq8
                0x00000000100001cc                isr_irq24
                0x00000000100001cc                isr_irq1
                0x00000000100001cc                isr_irq7
                0x00000000100001cc                isr_irq21
                0x00000000100001cc                isr_irq20
                0x00000000100001cc                isr_irq15
                0x00000000100001cc                isr_irq25
                0x00000000100001cc                isr_irq4
                0x00000000100001cc                isr_irq16
                0x00000000100001cc                isr_irq29
                0x00000000100001cc                isr_irq26
                0x00000000100001cc                __default_isrs_end
                0x00000000100001cc                isr_irq3
                0x00000000100001cc                isr_irq12
                0x00000000100001cc                isr_irq9
                0x00000000100001d2                unhandled_user_irq_num_in_r0
 *(.binary_info_header)
 .binary_info_header
                0x00000000100001d4       0x14 CMakeFiles/lcd_example.dir/home/uzygncr/pico/pico-sdk/src/rp2_common/pico_crt0/crt0.S.obj
                0x00000000100001e8                __binary_info_header_end = .
 *(.embedded_block)
                0x00000000100001e8                __embedded_block_end = .
 *(.reset)
 .reset         0x00000000100001e8       0x9c CMakeFiles/lcd_example.dir/home/uzygncr/pico/pico-sdk/src/rp2_common/pico_crt0/crt0.S.obj
                0x00000000100001e8                _entry_point
 *(.init)
 .init          0x0000000010000284        0x4 /usr/lib/gcc/arm-none-eabi/10.3.1/thumb/v6-m/nofp/crti.o
                0x0000000010000284                _init
 *(EXCLUDE_FILE(*libm.a: *libc.a:*lib_a-mem*.o *libgcc.a:) .text*)
 .text          0x0000000010000288       0x98 /usr/lib/gcc/arm-none-eabi/10.3.1/thumb/v6-m/nofp/crtbegin.o
 .text._Z13lcd_send_bytehh
                0x0000000010000320      0x10c CMakeFiles/lcd_example.dir/lcd.cpp.obj
                0x0000000010000320                lcd_send_byte(unsigned char, unsigned char)
 .text._Z8lcd_initv
                0x000000001000042c       0x4c CMakeFiles/lcd_example.dir/lcd.cpp.obj
                0x000000001000042c                lcd_init()
 .text.startup.main
                0x0000000010000478      0x264 CMakeFiles/lcd_example.dir/lcd.cpp.obj
                0x0000000010000478                main
 .text.gpio_set_function
                0x00000000100006dc       0x34 CMakeFiles/lcd_example.dir/home/uzygncr/pico/pico-sdk/src/rp2_common/hardware_gpio/gpio.c.obj
                0x00000000100006dc                gpio_set_function
 .text.gpio_set_pulls
                0x0000000010000710       0x34 CMakeFiles/lcd_example.dir/home/uzygncr/pico/pico-sdk/src/rp2_common/hardware_gpio/gpio.c.obj
                0x0000000010000710                gpio_set_pulls
 .text.rp2040_chip_version
                0x0000000010000744        0xc CMakeFiles/lcd_example.dir/home/uzygncr/pico/pico-sdk/src/rp2040/pico_platform/platform.c.obj
                0x0000000010000744                rp2040_chip_version
 .text.panic    0x0000000010000750       0x30 CMakeFiles/lcd_example.dir/home/uzygncr/pico/pico-sdk/src/rp2_common/pico_platform_panic/panic.c.obj
                0x0000000010000750                panic
 .text.hw_claim_or_assert
                0x0000000010000780       0x44 CMakeFiles/lcd_example.dir/home/uzygncr/pico/pico-sdk/src/common/hardware_claim/claim.c.obj
                0x0000000010000780                hw_claim_or_assert
 .text.hw_claim_unused_from_range
                0x00000000100007c4       0x9c CMakeFiles/lcd_example.dir/home/uzygncr/pico/pico-sdk/src/common/hardware_claim/claim.c.obj
                0x00000000100007c4                hw_claim_unused_from_range
 .text.next_striped_spin_lock_num
                0x0000000010000860       0x18 CMakeFiles/lcd_example.dir/home/uzygncr/pico/pico-sdk/src/rp2_common/hardware_sync/sync.c.obj
                0x0000000010000860                next_striped_spin_lock_num
 .text.spin_lock_claim_unused
                0x0000000010000878       0x20 CMakeFiles/lcd_example.dir/home/uzygncr/pico/pico-sdk/src/rp2_common/hardware_sync/sync.c.obj
                0x0000000010000878                spin_lock_claim_unused
 .text.spin_locks_reset
                0x0000000010000898       0x1c CMakeFiles/lcd_example.dir/home/uzygncr/pico/pico-sdk/src/rp2_common/hardware_sync_spin_lock/sync_spin_lock.c.obj
                0x0000000010000898                spin_locks_reset
 .text.runtime_init_per_core_irq_priorities
                0x00000000100008b4       0x24 CMakeFiles/lcd_example.dir/home/uzygncr/pico/pico-sdk/src/rp2_common/hardware_irq/irq.c.obj
                0x00000000100008b4                runtime_init_per_core_irq_priorities
 .text.irq_set_enabled
                0x00000000100008d8       0x24 CMakeFiles/lcd_example.dir/home/uzygncr/pico/pico-sdk/src/rp2_common/hardware_irq/irq.c.obj
                0x00000000100008d8                irq_set_enabled
 .text.irq_is_enabled
                0x00000000100008fc       0x18 CMakeFiles/lcd_example.dir/home/uzygncr/pico/pico-sdk/src/rp2_common/hardware_irq/irq.c.obj
                0x00000000100008fc                irq_is_enabled
 .text.irq_set_pending
                0x0000000010000914       0x10 CMakeFiles/lcd_example.dir/home/uzygncr/pico/pico-sdk/src/rp2_common/hardware_irq/irq.c.obj
                0x0000000010000914                irq_set_pending
 .text.irq_has_shared_handler
                0x0000000010000924       0x2c CMakeFiles/lcd_example.dir/home/uzygncr/pico/pico-sdk/src/rp2_common/hardware_irq/irq.c.obj
                0x0000000010000924                irq_has_shared_handler
 .text.irq_set_exclusive_handler
                0x0000000010000950       0x54 CMakeFiles/lcd_example.dir/home/uzygncr/pico/pico-sdk/src/rp2_common/hardware_irq/irq.c.obj
                0x0000000010000950                irq_set_exclusive_handler
 .text.irq_add_shared_handler
                0x00000000100009a4      0x1e8 CMakeFiles/lcd_example.dir/home/uzygncr/pico/pico-sdk/src/rp2_common/hardware_irq/irq.c.obj
                0x00000000100009a4                irq_add_shared_handler
 .text.irq_add_tail_to_free_list
                0x0000000010000b8c       0xb4 CMakeFiles/lcd_example.dir/home/uzygncr/pico/pico-sdk/src/rp2_common/hardware_irq/irq.c.obj
                0x0000000010000b8c                irq_add_tail_to_free_list
 .text.user_irq_claim_unused
                0x0000000010000c40       0x28 CMakeFiles/lcd_example.dir/home/uzygncr/pico/pico-sdk/src/rp2_common/hardware_irq/irq.c.obj
                0x0000000010000c40                user_irq_claim_unused
 .text.lock_init
                0x0000000010000c68       0x10 CMakeFiles/lcd_example.dir/home/uzygncr/pico/pico-sdk/src/common/pico_sync/lock_core.c.obj
                0x0000000010000c68                lock_init
 .text.runtime_init_mutex
                0x0000000010000c78       0x58 CMakeFiles/lcd_example.dir/home/uzygncr/pico/pico-sdk/src/common/pico_sync/mutex.c.obj
                0x0000000010000c78                runtime_init_mutex
 .text.mutex_init
                0x0000000010000cd0       0x1c CMakeFiles/lcd_example.dir/home/uzygncr/pico/pico-sdk/src/common/pico_sync/mutex.c.obj
                0x0000000010000cd0                mutex_init
 .text.critical_section_init
                0x0000000010000cec       0x20 CMakeFiles/lcd_example.dir/home/uzygncr/pico/pico-sdk/src/common/pico_sync/critical_section.c.obj
                0x0000000010000cec                critical_section_init
 .text.critical_section_init_with_lock_num
                0x0000000010000d0c       0x14 CMakeFiles/lcd_example.dir/home/uzygncr/pico/pico-sdk/src/common/pico_sync/critical_section.c.obj
                0x0000000010000d0c                critical_section_init_with_lock_num
 .text.sleep_until_callback
                0x0000000010000d20       0x30 CMakeFiles/lcd_example.dir/home/uzygncr/pico/pico-sdk/src/common/pico_time/time.c.obj
 .text.alarm_pool_irq_handler
                0x0000000010000d50      0x2e4 CMakeFiles/lcd_example.dir/home/uzygncr/pico/pico-sdk/src/common/pico_time/time.c.obj
 .text.runtime_init_default_alarm_pool
                0x0000000010001034       0xdc CMakeFiles/lcd_example.dir/home/uzygncr/pico/pico-sdk/src/common/pico_time/time.c.obj
                0x0000000010001034                runtime_init_default_alarm_pool
 .text.alarm_pool_get_default
                0x0000000010001110        0x8 CMakeFiles/lcd_example.dir/home/uzygncr/pico/pico-sdk/src/common/pico_time/time.c.obj
                0x0000000010001110                alarm_pool_get_default
 .text.alarm_pool_add_alarm_at
                0x0000000010001118       0xc8 CMakeFiles/lcd_example.dir/home/uzygncr/pico/pico-sdk/src/common/pico_time/time.c.obj
                0x0000000010001118                alarm_pool_add_alarm_at
 .text.alarm_pool_add_alarm_at_force_in_context
                0x00000000100011e0       0xb0 CMakeFiles/lcd_example.dir/home/uzygncr/pico/pico-sdk/src/common/pico_time/time.c.obj
                0x00000000100011e0                alarm_pool_add_alarm_at_force_in_context
 .text.alarm_pool_cancel_alarm
                0x0000000010001290       0x7c CMakeFiles/lcd_example.dir/home/uzygncr/pico/pico-sdk/src/common/pico_time/time.c.obj
                0x0000000010001290                alarm_pool_cancel_alarm
 .text.alarm_pool_core_num
                0x000000001000130c        0x4 CMakeFiles/lcd_example.dir/home/uzygncr/pico/pico-sdk/src/common/pico_time/time.c.obj
                0x000000001000130c                alarm_pool_core_num
 .text.sleep_until
                0x0000000010001310       0xd0 CMakeFiles/lcd_example.dir/home/uzygncr/pico/pico-sdk/src/common/pico_time/time.c.obj
                0x0000000010001310                sleep_until
 .text.sleep_us
                0x00000000100013e0       0x24 CMakeFiles/lcd_example.dir/home/uzygncr/pico/pico-sdk/src/common/pico_time/time.c.obj
                0x00000000100013e0                sleep_us
 .text.sleep_ms
                0x0000000010001404       0x34 CMakeFiles/lcd_example.dir/home/uzygncr/pico/pico-sdk/src/common/pico_time/time.c.obj
                0x0000000010001404                sleep_ms
 .text.best_effort_wfe_or_timeout
                0x0000000010001438      0x11c CMakeFiles/lcd_example.dir/home/uzygncr/pico/pico-sdk/src/common/pico_time/time.c.obj
                0x0000000010001438                best_effort_wfe_or_timeout
 .text.timer_hardware_alarm_claim
                0x0000000010001554       0x14 CMakeFiles/lcd_example.dir/home/uzygncr/pico/pico-sdk/src/rp2_common/hardware_timer/timer.c.obj
                0x0000000010001554                timer_hardware_alarm_claim
 .text.timer_time_us_64
                0x0000000010001568       0x10 CMakeFiles/lcd_example.dir/home/uzygncr/pico/pico-sdk/src/rp2_common/hardware_timer/timer.c.obj
                0x0000000010001568                timer_time_us_64
 .text.time_us_64
                0x0000000010001578       0x14 CMakeFiles/lcd_example.dir/home/uzygncr/pico/pico-sdk/src/rp2_common/hardware_timer/timer.c.obj
                0x0000000010001578                time_us_64
 .text.busy_wait_until
                0x000000001000158c       0x20 CMakeFiles/lcd_example.dir/home/uzygncr/pico/pico-sdk/src/rp2_common/hardware_timer/timer.c.obj
                0x000000001000158c                busy_wait_until
 .text.clock_configure_int_divider
                0x00000000100015ac       0xf4 CMakeFiles/lcd_example.dir/home/uzygncr/pico/pico-sdk/src/rp2_common/hardware_clocks/clocks.c.obj
                0x00000000100015ac                clock_configure_int_divider
 .text.clock_configure_undivided
                0x00000000100016a0       0xe8 CMakeFiles/lcd_example.dir/home/uzygncr/pico/pico-sdk/src/rp2_common/hardware_clocks/clocks.c.obj
                0x00000000100016a0                clock_configure_undivided
 .text.clock_get_hz
                0x0000000010001788        0xc CMakeFiles/lcd_example.dir/home/uzygncr/pico/pico-sdk/src/rp2_common/hardware_clocks/clocks.c.obj
                0x0000000010001788                clock_get_hz
 .text.pll_init
                0x0000000010001794       0xa0 CMakeFiles/lcd_example.dir/home/uzygncr/pico/pico-sdk/src/rp2_common/hardware_pll/pll.c.obj
                0x0000000010001794                pll_init
 .text.watchdog_reboot
                0x0000000010001834       0x98 CMakeFiles/lcd_example.dir/home/uzygncr/pico/pico-sdk/src/rp2_common/hardware_watchdog/watchdog.c.obj
                0x0000000010001834                watchdog_reboot
 .text.tick_start
                0x00000000100018cc       0x10 CMakeFiles/lcd_example.dir/home/uzygncr/pico/pico-sdk/src/rp2_common/hardware_ticks/ticks.c.obj
                0x00000000100018cc                tick_start
 .text.xosc_init
                0x00000000100018dc       0x28 CMakeFiles/lcd_example.dir/home/uzygncr/pico/pico-sdk/src/rp2_common/hardware_xosc/xosc.c.obj
                0x00000000100018dc                xosc_init
 .text.first_per_core_initializer
                0x0000000010001904        0x4 CMakeFiles/lcd_example.dir/home/uzygncr/pico/pico-sdk/src/rp2_common/pico_runtime/runtime.c.obj
 .text.hard_assertion_failure
                0x0000000010001908        0xc CMakeFiles/lcd_example.dir/home/uzygncr/pico/pico-sdk/src/rp2_common/pico_runtime/runtime.c.obj
                0x0000000010001908                hard_assertion_failure
 .text.runtime_run_initializers
                0x0000000010001914       0x28 CMakeFiles/lcd_example.dir/home/uzygncr/pico/pico-sdk/src/rp2_common/pico_runtime/runtime.c.obj
                0x0000000010001914                runtime_run_initializers
 .text.runtime_init_early_resets
                0x000000001000193c       0x2c CMakeFiles/lcd_example.dir/home/uzygncr/pico/pico-sdk/src/rp2_common/pico_runtime_init/runtime_init.c.obj
                0x000000001000193c                runtime_init_early_resets
 .text.runtime_init_usb_power_down
                0x0000000010001968       0x1c CMakeFiles/lcd_example.dir/home/uzygncr/pico/pico-sdk/src/rp2_common/pico_runtime_init/runtime_init.c.obj
                0x0000000010001968                runtime_init_usb_power_down
 .text.runtime_init_post_clock_resets
                0x0000000010001984       0x20 CMakeFiles/lcd_example.dir/home/uzygncr/pico/pico-sdk/src/rp2_common/pico_runtime_init/runtime_init.c.obj
                0x0000000010001984                runtime_init_post_clock_resets
 .text.runtime_init_rp2040_gpio_ie_disable
                0x00000000100019a4       0x14 CMakeFiles/lcd_example.dir/home/uzygncr/pico/pico-sdk/src/rp2_common/pico_runtime_init/runtime_init.c.obj
                0x00000000100019a4                runtime_init_rp2040_gpio_ie_disable
 .text.runtime_init_spin_locks_reset
                0x00000000100019b8        0x8 CMakeFiles/lcd_example.dir/home/uzygncr/pico/pico-sdk/src/rp2_common/pico_runtime_init/runtime_init.c.obj
                0x00000000100019b8                runtime_init_spin_locks_reset
 .text.runtime_init_install_ram_vector_table
                0x00000000100019c0       0x1c CMakeFiles/lcd_example.dir/home/uzygncr/pico/pico-sdk/src/rp2_common/pico_runtime_init/runtime_init.c.obj
                0x00000000100019c0                runtime_init_install_ram_vector_table
 .text.runtime_init_clocks
                0x00000000100019dc       0xd8 CMakeFiles/lcd_example.dir/home/uzygncr/pico/pico-sdk/src/rp2_common/pico_runtime_init/runtime_init_clocks.c.obj
                0x00000000100019dc                runtime_init_clocks
 .text          0x0000000010001ab4       0x10 CMakeFiles/lcd_example.dir/home/uzygncr/pico/pico-sdk/src/rp2_common/pico_bit_ops/bit_ops_aeabi.S.obj
 .text.rom_func_lookup
                0x0000000010001ac4       0x10 CMakeFiles/lcd_example.dir/home/uzygncr/pico/pico-sdk/src/rp2_common/pico_bootrom/bootrom.c.obj
                0x0000000010001ac4                rom_func_lookup
 .text.rom_data_lookup
                0x0000000010001ad4       0x10 CMakeFiles/lcd_example.dir/home/uzygncr/pico/pico-sdk/src/rp2_common/pico_bootrom/bootrom.c.obj
                0x0000000010001ad4                rom_data_lookup
 .text.rom_funcs_lookup
                0x0000000010001ae4       0x44 CMakeFiles/lcd_example.dir/home/uzygncr/pico/pico-sdk/src/rp2_common/pico_bootrom/bootrom.c.obj
                0x0000000010001ae4                rom_funcs_lookup
 .text.rom_reset_usb_boot
                0x0000000010001b28       0x20 CMakeFiles/lcd_example.dir/home/uzygncr/pico/pico-sdk/src/rp2_common/pico_bootrom/bootrom.c.obj
                0x0000000010001b28                rom_reset_usb_boot
 .text.__wrap___aeabi_uidiv
                0x0000000010001b48       0x4c CMakeFiles/lcd_example.dir/home/uzygncr/pico/pico-sdk/src/rp2_common/pico_divider/divider_hardware.S.obj
                0x0000000010001b48                __wrap___aeabi_uidiv
                0x0000000010001b48                __wrap___aeabi_uidivmod
                0x0000000010001b48                div_u32u32
                0x0000000010001b48                divmod_u32u32
                0x0000000010001b50                divmod_u32u32_unsafe
                0x0000000010001b78                divmod_u32u32_savestate
 .text.__aeabi_double_init
                0x0000000010001b94       0xa0 CMakeFiles/lcd_example.dir/home/uzygncr/pico/pico-sdk/src/rp2_common/pico_double/double_init_rom_rp2040.c.obj
                0x0000000010001b94                __aeabi_double_init
 .text.double_table_shim_on_use_helper
                0x0000000010001c34       0x2c CMakeFiles/lcd_example.dir/home/uzygncr/pico/pico-sdk/src/rp2_common/pico_double/double_v1_rom_shim_rp2040.S.obj
                0x0000000010001c34                double_table_shim_on_use_helper
 .text.__aeabi_lmul
                0x0000000010001c60       0x32 CMakeFiles/lcd_example.dir/home/uzygncr/pico/pico-sdk/src/rp2_common/pico_int64_ops/pico_int64_ops_aeabi.S.obj
                0x0000000010001c60                __wrap___aeabi_lmul
 *fill*         0x0000000010001c92        0x2 
 .text.__aeabi_float_init
                0x0000000010001c94       0x64 CMakeFiles/lcd_example.dir/home/uzygncr/pico/pico-sdk/src/rp2_common/pico_float/float_init_rom_rp2040.c.obj
                0x0000000010001c94                __aeabi_float_init
 .text.float_table_shim_on_use_helper
                0x0000000010001cf8       0x2c CMakeFiles/lcd_example.dir/home/uzygncr/pico/pico-sdk/src/rp2_common/pico_float/float_v1_rom_shim_rp2040.S.obj
                0x0000000010001cf8                float_table_shim_on_use_helper
 .text          0x0000000010001d24       0x10 CMakeFiles/lcd_example.dir/home/uzygncr/pico/pico-sdk/src/rp2_common/pico_mem_ops/mem_ops_aeabi.S.obj
                0x0000000010001d24                __aeabi_mem_init
 .text.memset   0x0000000010001d34        0xc CMakeFiles/lcd_example.dir/home/uzygncr/pico/pico-sdk/src/rp2_common/pico_mem_ops/mem_ops_aeabi.S.obj
                0x0000000010001d34                __wrap_memset
 .text.memcpy   0x0000000010001d40        0xc CMakeFiles/lcd_example.dir/home/uzygncr/pico/pico-sdk/src/rp2_common/pico_mem_ops/mem_ops_aeabi.S.obj
                0x0000000010001d40                __wrap___aeabi_memcpy
                0x0000000010001d40                __wrap_memcpy
 .text._out_char
                0x0000000010001d4c       0x10 CMakeFiles/lcd_example.dir/home/uzygncr/pico/pico-sdk/src/rp2_common/pico_printf/printf.c.obj
 .text.weak_raw_vprintf
                0x0000000010001d5c       0x30 CMakeFiles/lcd_example.dir/home/uzygncr/pico/pico-sdk/src/rp2_common/pico_printf/printf.c.obj
                0x0000000010001d5c                weak_raw_vprintf
 .text._exit    0x0000000010001d8c        0x4 CMakeFiles/lcd_example.dir/home/uzygncr/pico/pico-sdk/src/rp2_common/pico_clib_interface/newlib_interface.c.obj
                0x0000000010001d8c                _exit
 .text.exit     0x0000000010001d90        0x8 CMakeFiles/lcd_example.dir/home/uzygncr/pico/pico-sdk/src/rp2_common/pico_clib_interface/newlib_interface.c.obj
                0x0000000010001d90                exit
 .text.runtime_init
                0x0000000010001d98       0x2c CMakeFiles/lcd_example.dir/home/uzygncr/pico/pico-sdk/src/rp2_common/pico_clib_interface/newlib_interface.c.obj
                0x0000000010001d98                runtime_init
 .text.stdio_out_chars_no_crlf
                0x0000000010001dc4       0x10 CMakeFiles/lcd_example.dir/home/uzygncr/pico/pico-sdk/src/rp2_common/pico_stdio/stdio.c.obj
 .text.stdio_out_chars_crlf
                0x0000000010001dd4       0xb4 CMakeFiles/lcd_example.dir/home/uzygncr/pico/pico-sdk/src/rp2_common/pico_stdio/stdio.c.obj
 .text.stdio_put_string
                0x0000000010001e88      0x100 CMakeFiles/lcd_example.dir/home/uzygncr/pico/pico-sdk/src/rp2_common/pico_stdio/stdio.c.obj
                0x0000000010001e88                stdio_put_string
 .text.stdio_set_driver_enabled
                0x0000000010001f88       0x30 CMakeFiles/lcd_example.dir/home/uzygncr/pico/pico-sdk/src/rp2_common/pico_stdio/stdio.c.obj
                0x0000000010001f88                stdio_set_driver_enabled
 .text.stdio_init_all
                0x0000000010001fb8        0x8 CMakeFiles/lcd_example.dir/home/uzygncr/pico/pico-sdk/src/rp2_common/pico_stdio/stdio.c.obj
                0x0000000010001fb8                stdio_init_all
 .text.__wrap_putchar
                0x0000000010001fc0       0x98 CMakeFiles/lcd_example.dir/home/uzygncr/pico/pico-sdk/src/rp2_common/pico_stdio/stdio.c.obj
                0x0000000010001fc0                stdio_putchar
                0x0000000010001fc0                __wrap_putchar
 .text.__wrap_puts
                0x0000000010002058       0x3c CMakeFiles/lcd_example.dir/home/uzygncr/pico/pico-sdk/src/rp2_common/pico_stdio/stdio.c.obj
                0x0000000010002058                __wrap_puts
                0x0000000010002058                stdio_puts
 .text.resetd_init
                0x0000000010002094        0x4 CMakeFiles/lcd_example.dir/home/uzygncr/pico/pico-sdk/src/rp2_common/pico_stdio_usb/reset_interface.c.obj
 .text.resetd_reset
                0x0000000010002098        0xc CMakeFiles/lcd_example.dir/home/uzygncr/pico/pico-sdk/src/rp2_common/pico_stdio_usb/reset_interface.c.obj
 .text.resetd_open
                0x00000000100020a4       0x28 CMakeFiles/lcd_example.dir/home/uzygncr/pico/pico-sdk/src/rp2_common/pico_stdio_usb/reset_interface.c.obj
 .text.resetd_xfer_cb
                0x00000000100020cc        0x4 CMakeFiles/lcd_example.dir/home/uzygncr/pico/pico-sdk/src/rp2_common/pico_stdio_usb/reset_interface.c.obj
 .text.resetd_control_xfer_cb
                0x00000000100020d0       0x54 CMakeFiles/lcd_example.dir/home/uzygncr/pico/pico-sdk/src/rp2_common/pico_stdio_usb/reset_interface.c.obj
 .text.tud_descriptor_bos_cb
                0x0000000010002124        0x8 CMakeFiles/lcd_example.dir/home/uzygncr/pico/pico-sdk/src/rp2_common/pico_stdio_usb/reset_interface.c.obj
                0x0000000010002124                tud_descriptor_bos_cb
 .text.tud_vendor_control_xfer_cb
                0x000000001000212c       0x34 CMakeFiles/lcd_example.dir/home/uzygncr/pico/pico-sdk/src/rp2_common/pico_stdio_usb/reset_interface.c.obj
                0x000000001000212c                tud_vendor_control_xfer_cb
 .text.usbd_app_driver_get_cb
                0x0000000010002160        0xc CMakeFiles/lcd_example.dir/home/uzygncr/pico/pico-sdk/src/rp2_common/pico_stdio_usb/reset_interface.c.obj
                0x0000000010002160                usbd_app_driver_get_cb
 .text.tud_cdc_line_coding_cb
                0x000000001000216c       0x28 CMakeFiles/lcd_example.dir/home/uzygncr/pico/pico-sdk/src/rp2_common/pico_stdio_usb/reset_interface.c.obj
                0x000000001000216c                tud_cdc_line_coding_cb
 .text.stdio_usb_set_chars_available_callback
                0x0000000010002194       0x14 CMakeFiles/lcd_example.dir/home/uzygncr/pico/pico-sdk/src/rp2_common/pico_stdio_usb/stdio_usb.c.obj
                0x0000000010002194                stdio_usb_set_chars_available_callback
 .text.usb_irq  0x00000000100021a8       0x10 CMakeFiles/lcd_example.dir/home/uzygncr/pico/pico-sdk/src/rp2_common/pico_stdio_usb/stdio_usb.c.obj
 .text.timer_task
                0x00000000100021b8       0x64 CMakeFiles/lcd_example.dir/home/uzygncr/pico/pico-sdk/src/rp2_common/pico_stdio_usb/stdio_usb.c.obj
 .text.stdio_usb_in_chars
                0x000000001000221c       0x90 CMakeFiles/lcd_example.dir/home/uzygncr/pico/pico-sdk/src/rp2_common/pico_stdio_usb/stdio_usb.c.obj
                0x000000001000221c                stdio_usb_in_chars
 .text.stdio_usb_out_flush
                0x00000000100022ac       0x50 CMakeFiles/lcd_example.dir/home/uzygncr/pico/pico-sdk/src/rp2_common/pico_stdio_usb/stdio_usb.c.obj
 .text.stdio_usb_out_chars
                0x00000000100022fc      0x100 CMakeFiles/lcd_example.dir/home/uzygncr/pico/pico-sdk/src/rp2_common/pico_stdio_usb/stdio_usb.c.obj
 .text.low_priority_worker_irq
                0x00000000100023fc       0xc8 CMakeFiles/lcd_example.dir/home/uzygncr/pico/pico-sdk/src/rp2_common/pico_stdio_usb/stdio_usb.c.obj
 .text.stdio_usb_init
                0x00000000100024c4       0xe4 CMakeFiles/lcd_example.dir/home/uzygncr/pico/pico-sdk/src/rp2_common/pico_stdio_usb/stdio_usb.c.obj
                0x00000000100024c4                stdio_usb_init
 .text.tud_descriptor_device_cb
                0x00000000100025a8        0x8 CMakeFiles/lcd_example.dir/home/uzygncr/pico/pico-sdk/src/rp2_common/pico_stdio_usb/stdio_usb_descriptors.c.obj
                0x00000000100025a8                tud_descriptor_device_cb
 .text.tud_descriptor_configuration_cb
                0x00000000100025b0        0x8 CMakeFiles/lcd_example.dir/home/uzygncr/pico/pico-sdk/src/rp2_common/pico_stdio_usb/stdio_usb_descriptors.c.obj
                0x00000000100025b0                tud_descriptor_configuration_cb
 .text.tud_descriptor_string_cb
                0x00000000100025b8       0x74 CMakeFiles/lcd_example.dir/home/uzygncr/pico/pico-sdk/src/rp2_common/pico_stdio_usb/stdio_usb_descriptors.c.obj
                0x00000000100025b8                tud_descriptor_string_cb
 .text.startup._retrieve_unique_id_on_boot
                0x000000001000262c       0x10 CMakeFiles/lcd_example.dir/home/uzygncr/pico/pico-sdk/src/rp2_common/pico_unique_id/unique_id.c.obj
 .text.pico_get_unique_board_id_string
                0x000000001000263c      0x1a8 CMakeFiles/lcd_example.dir/home/uzygncr/pico/pico-sdk/src/rp2_common/pico_unique_id/unique_id.c.obj
                0x000000001000263c                pico_get_unique_board_id_string
 .text.flash_get_unique_id
                0x00000000100027e4       0x40 CMakeFiles/lcd_example.dir/home/uzygncr/pico/pico-sdk/src/rp2_common/hardware_flash/flash.c.obj
                0x00000000100027e4                flash_get_unique_id
 .text.dcd_init
                0x0000000010002824       0x8c CMakeFiles/lcd_example.dir/home/uzygncr/pico/pico-sdk/lib/tinyusb/src/portable/raspberrypi/rp2040/dcd_rp2040.c.obj
                0x0000000010002824                dcd_init
 .text.dcd_int_enable
                0x00000000100028b0        0xc CMakeFiles/lcd_example.dir/home/uzygncr/pico/pico-sdk/lib/tinyusb/src/portable/raspberrypi/rp2040/dcd_rp2040.c.obj
                0x00000000100028b0                dcd_int_enable
 .text.dcd_set_address
                0x00000000100028bc       0x14 CMakeFiles/lcd_example.dir/home/uzygncr/pico/pico-sdk/lib/tinyusb/src/portable/raspberrypi/rp2040/dcd_rp2040.c.obj
                0x00000000100028bc                dcd_set_address
 .text.dcd_sof_enable
                0x00000000100028d0       0x1c CMakeFiles/lcd_example.dir/home/uzygncr/pico/pico-sdk/lib/tinyusb/src/portable/raspberrypi/rp2040/dcd_rp2040.c.obj
                0x00000000100028d0                dcd_sof_enable
 .text.dcd_edpt0_status_complete
                0x00000000100028ec       0x1c CMakeFiles/lcd_example.dir/home/uzygncr/pico/pico-sdk/lib/tinyusb/src/portable/raspberrypi/rp2040/dcd_rp2040.c.obj
                0x00000000100028ec                dcd_edpt0_status_complete
 .text.dcd_edpt_open
                0x0000000010002908      0x108 CMakeFiles/lcd_example.dir/home/uzygncr/pico/pico-sdk/lib/tinyusb/src/portable/raspberrypi/rp2040/dcd_rp2040.c.obj
                0x0000000010002908                dcd_edpt_open
 .text.dcd_edpt_close_all
                0x0000000010002a10        0x8 CMakeFiles/lcd_example.dir/home/uzygncr/pico/pico-sdk/lib/tinyusb/src/portable/raspberrypi/rp2040/dcd_rp2040.c.obj
                0x0000000010002a10                dcd_edpt_close_all
 .text.dcd_edpt_xfer
                0x0000000010002a18       0x24 CMakeFiles/lcd_example.dir/home/uzygncr/pico/pico-sdk/lib/tinyusb/src/portable/raspberrypi/rp2040/dcd_rp2040.c.obj
                0x0000000010002a18                dcd_edpt_xfer
 .text.dcd_edpt_stall
                0x0000000010002a3c       0x38 CMakeFiles/lcd_example.dir/home/uzygncr/pico/pico-sdk/lib/tinyusb/src/portable/raspberrypi/rp2040/dcd_rp2040.c.obj
                0x0000000010002a3c                dcd_edpt_stall
 .text.dcd_edpt_clear_stall
                0x0000000010002a74       0x30 CMakeFiles/lcd_example.dir/home/uzygncr/pico/pico-sdk/lib/tinyusb/src/portable/raspberrypi/rp2040/dcd_rp2040.c.obj
                0x0000000010002a74                dcd_edpt_clear_stall
 .text.rp2040_usb_init
                0x0000000010002aa4       0x40 CMakeFiles/lcd_example.dir/home/uzygncr/pico/pico-sdk/lib/tinyusb/src/portable/raspberrypi/rp2040/rp2040_usb.c.obj
                0x0000000010002aa4                rp2040_usb_init
 .text.hw_endpoint_xfer_start
                0x0000000010002ae4       0x50 CMakeFiles/lcd_example.dir/home/uzygncr/pico/pico-sdk/lib/tinyusb/src/portable/raspberrypi/rp2040/rp2040_usb.c.obj
                0x0000000010002ae4                hw_endpoint_xfer_start
 .text.tud_event_hook_cb
                0x0000000010002b34        0x4 CMakeFiles/lcd_example.dir/home/uzygncr/pico/pico-sdk/lib/tinyusb/src/device/usbd.c.obj
                0x0000000010002b34                tud_event_hook_cb
 .text.tud_sof_cb
                0x0000000010002b38        0x4 CMakeFiles/lcd_example.dir/home/uzygncr/pico/pico-sdk/lib/tinyusb/src/device/usbd.c.obj
                0x0000000010002b38                tud_sof_cb
 .text.tud_descriptor_device_qualifier_cb
                0x0000000010002b3c        0x4 CMakeFiles/lcd_example.dir/home/uzygncr/pico/pico-sdk/lib/tinyusb/src/device/usbd.c.obj
                0x0000000010002b3c                tud_descriptor_device_qualifier_cb
 .text.tud_descriptor_other_speed_configuration_cb
                0x0000000010002b40        0x4 CMakeFiles/lcd_example.dir/home/uzygncr/pico/pico-sdk/lib/tinyusb/src/device/usbd.c.obj
                0x0000000010002b40                tud_descriptor_other_speed_configuration_cb
 .text.tud_mount_cb
                0x0000000010002b44        0x4 CMakeFiles/lcd_example.dir/home/uzygncr/pico/pico-sdk/lib/tinyusb/src/device/usbd.c.obj
                0x0000000010002b44                tud_mount_cb
 .text.tud_umount_cb
                0x0000000010002b48        0x4 CMakeFiles/lcd_example.dir/home/uzygncr/pico/pico-sdk/lib/tinyusb/src/device/usbd.c.obj
                0x0000000010002b48                tud_umount_cb
 .text.tud_suspend_cb
                0x0000000010002b4c        0x4 CMakeFiles/lcd_example.dir/home/uzygncr/pico/pico-sdk/lib/tinyusb/src/device/usbd.c.obj
                0x0000000010002b4c                tud_suspend_cb
 .text.tud_resume_cb
                0x0000000010002b50        0x4 CMakeFiles/lcd_example.dir/home/uzygncr/pico/pico-sdk/lib/tinyusb/src/device/usbd.c.obj
                0x0000000010002b50                tud_resume_cb
 .text.tud_mounted
                0x0000000010002b54       0x10 CMakeFiles/lcd_example.dir/home/uzygncr/pico/pico-sdk/lib/tinyusb/src/device/usbd.c.obj
                0x0000000010002b54                tud_mounted
 .text.tud_suspended
                0x0000000010002b64       0x10 CMakeFiles/lcd_example.dir/home/uzygncr/pico/pico-sdk/lib/tinyusb/src/device/usbd.c.obj
                0x0000000010002b64                tud_suspended
 .text.tud_init
                0x0000000010002b74       0xe4 CMakeFiles/lcd_example.dir/home/uzygncr/pico/pico-sdk/lib/tinyusb/src/device/usbd.c.obj
                0x0000000010002b74                tud_init
 .text.tud_task_ext
                0x0000000010002c58      0x800 CMakeFiles/lcd_example.dir/home/uzygncr/pico/pico-sdk/lib/tinyusb/src/device/usbd.c.obj
                0x0000000010002c58                tud_task_ext
 .text.usbd_open_edpt_pair
                0x0000000010003458       0x9c CMakeFiles/lcd_example.dir/home/uzygncr/pico/pico-sdk/lib/tinyusb/src/device/usbd.c.obj
                0x0000000010003458                usbd_open_edpt_pair
 .text.usbd_edpt_open
                0x00000000100034f4       0x34 CMakeFiles/lcd_example.dir/home/uzygncr/pico/pico-sdk/lib/tinyusb/src/device/usbd.c.obj
                0x00000000100034f4                usbd_edpt_open
 .text.usbd_edpt_claim
                0x0000000010003528       0x28 CMakeFiles/lcd_example.dir/home/uzygncr/pico/pico-sdk/lib/tinyusb/src/device/usbd.c.obj
                0x0000000010003528                usbd_edpt_claim
 .text.usbd_edpt_release
                0x0000000010003550       0x28 CMakeFiles/lcd_example.dir/home/uzygncr/pico/pico-sdk/lib/tinyusb/src/device/usbd.c.obj
                0x0000000010003550                usbd_edpt_release
 .text.usbd_edpt_xfer
                0x0000000010003578       0x4c CMakeFiles/lcd_example.dir/home/uzygncr/pico/pico-sdk/lib/tinyusb/src/device/usbd.c.obj
                0x0000000010003578                usbd_edpt_xfer
 .text.tud_control_status
                0x00000000100035c4       0x30 CMakeFiles/lcd_example.dir/home/uzygncr/pico/pico-sdk/lib/tinyusb/src/device/usbd_control.c.obj
                0x00000000100035c4                tud_control_status
 .text.tud_control_xfer
                0x00000000100035f4       0xbc CMakeFiles/lcd_example.dir/home/uzygncr/pico/pico-sdk/lib/tinyusb/src/device/usbd_control.c.obj
                0x00000000100035f4                tud_control_xfer
 .text.usbd_control_reset
                0x00000000100036b0       0x14 CMakeFiles/lcd_example.dir/home/uzygncr/pico/pico-sdk/lib/tinyusb/src/device/usbd_control.c.obj
                0x00000000100036b0                usbd_control_reset
 .text.usbd_control_set_complete_callback
                0x00000000100036c4        0xc CMakeFiles/lcd_example.dir/home/uzygncr/pico/pico-sdk/lib/tinyusb/src/device/usbd_control.c.obj
                0x00000000100036c4                usbd_control_set_complete_callback
 .text.usbd_control_set_request
                0x00000000100036d0       0x1c CMakeFiles/lcd_example.dir/home/uzygncr/pico/pico-sdk/lib/tinyusb/src/device/usbd_control.c.obj
                0x00000000100036d0                usbd_control_set_request
 .text.usbd_control_xfer_cb
                0x00000000100036ec       0xf0 CMakeFiles/lcd_example.dir/home/uzygncr/pico/pico-sdk/lib/tinyusb/src/device/usbd_control.c.obj
                0x00000000100036ec                usbd_control_xfer_cb
 .text._prep_out_transaction.isra.0
                0x00000000100037dc       0x5c CMakeFiles/lcd_example.dir/home/uzygncr/pico/pico-sdk/lib/tinyusb/src/class/cdc/cdc_device.c.obj
 .text.tud_cdc_n_connected
                0x0000000010003838       0x30 CMakeFiles/lcd_example.dir/home/uzygncr/pico/pico-sdk/lib/tinyusb/src/class/cdc/cdc_device.c.obj
                0x0000000010003838                tud_cdc_n_connected
 .text.tud_cdc_n_available
                0x0000000010003868       0x18 CMakeFiles/lcd_example.dir/home/uzygncr/pico/pico-sdk/lib/tinyusb/src/class/cdc/cdc_device.c.obj
                0x0000000010003868                tud_cdc_n_available
 .text.tud_cdc_n_read
                0x0000000010003880       0x98 CMakeFiles/lcd_example.dir/home/uzygncr/pico/pico-sdk/lib/tinyusb/src/class/cdc/cdc_device.c.obj
                0x0000000010003880                tud_cdc_n_read
 .text.tud_cdc_n_write_flush
                0x0000000010003918       0x78 CMakeFiles/lcd_example.dir/home/uzygncr/pico/pico-sdk/lib/tinyusb/src/class/cdc/cdc_device.c.obj
                0x0000000010003918                tud_cdc_n_write_flush
 .text.tud_cdc_n_write
                0x0000000010003990       0x44 CMakeFiles/lcd_example.dir/home/uzygncr/pico/pico-sdk/lib/tinyusb/src/class/cdc/cdc_device.c.obj
                0x0000000010003990                tud_cdc_n_write
 .text.tud_cdc_n_write_available
                0x00000000100039d4       0x18 CMakeFiles/lcd_example.dir/home/uzygncr/pico/pico-sdk/lib/tinyusb/src/class/cdc/cdc_device.c.obj
                0x00000000100039d4                tud_cdc_n_write_available
 .text.cdcd_init
                0x00000000100039ec       0x7c CMakeFiles/lcd_example.dir/home/uzygncr/pico/pico-sdk/lib/tinyusb/src/class/cdc/cdc_device.c.obj
                0x00000000100039ec                cdcd_init
 .text.cdcd_deinit
                0x0000000010003a68       0x24 CMakeFiles/lcd_example.dir/home/uzygncr/pico/pico-sdk/lib/tinyusb/src/class/cdc/cdc_device.c.obj
                0x0000000010003a68                cdcd_deinit
 .text.cdcd_reset
                0x0000000010003a8c       0x4c CMakeFiles/lcd_example.dir/home/uzygncr/pico/pico-sdk/lib/tinyusb/src/class/cdc/cdc_device.c.obj
                0x0000000010003a8c                cdcd_reset
 .text.cdcd_open
                0x0000000010003ad8       0xb4 CMakeFiles/lcd_example.dir/home/uzygncr/pico/pico-sdk/lib/tinyusb/src/class/cdc/cdc_device.c.obj
                0x0000000010003ad8                cdcd_open
 .text.cdcd_control_xfer_cb
                0x0000000010003b8c       0xe4 CMakeFiles/lcd_example.dir/home/uzygncr/pico/pico-sdk/lib/tinyusb/src/class/cdc/cdc_device.c.obj
                0x0000000010003b8c                cdcd_control_xfer_cb
 .text.cdcd_xfer_cb
                0x0000000010003c70       0xfc CMakeFiles/lcd_example.dir/home/uzygncr/pico/pico-sdk/lib/tinyusb/src/class/cdc/cdc_device.c.obj
                0x0000000010003c70                cdcd_xfer_cb
 .text.tud_vendor_n_write_flush
                0x0000000010003d6c       0x78 CMakeFiles/lcd_example.dir/home/uzygncr/pico/pico-sdk/lib/tinyusb/src/class/vendor/vendor_device.c.obj
                0x0000000010003d6c                tud_vendor_n_write_flush
 .text.vendord_init
                0x0000000010003de4       0x64 CMakeFiles/lcd_example.dir/home/uzygncr/pico/pico-sdk/lib/tinyusb/src/class/vendor/vendor_device.c.obj
                0x0000000010003de4                vendord_init
 .text.vendord_deinit
                0x0000000010003e48       0x24 CMakeFiles/lcd_example.dir/home/uzygncr/pico/pico-sdk/lib/tinyusb/src/class/vendor/vendor_device.c.obj
                0x0000000010003e48                vendord_deinit
 .text.vendord_reset
                0x0000000010003e6c       0x1c CMakeFiles/lcd_example.dir/home/uzygncr/pico/pico-sdk/lib/tinyusb/src/class/vendor/vendor_device.c.obj
                0x0000000010003e6c                vendord_reset
 .text.vendord_open
                0x0000000010003e88       0xc8 CMakeFiles/lcd_example.dir/home/uzygncr/pico/pico-sdk/lib/tinyusb/src/class/vendor/vendor_device.c.obj
                0x0000000010003e88                vendord_open
 .text.vendord_xfer_cb
                0x0000000010003f50       0xc8 CMakeFiles/lcd_example.dir/home/uzygncr/pico/pico-sdk/lib/tinyusb/src/class/vendor/vendor_device.c.obj
                0x0000000010003f50                vendord_xfer_cb
 .text.tusb_init
                0x0000000010004018        0xc CMakeFiles/lcd_example.dir/home/uzygncr/pico/pico-sdk/lib/tinyusb/src/tusb.c.obj
                0x0000000010004018                tusb_init
 .text.tu_edpt_claim
                0x0000000010004024       0x50 CMakeFiles/lcd_example.dir/home/uzygncr/pico/pico-sdk/lib/tinyusb/src/tusb.c.obj
                0x0000000010004024                tu_edpt_claim
 .text.tu_edpt_release
                0x0000000010004074       0x38 CMakeFiles/lcd_example.dir/home/uzygncr/pico/pico-sdk/lib/tinyusb/src/tusb.c.obj
                0x0000000010004074                tu_edpt_release
 .text.tu_edpt_validate
                0x00000000100040ac       0x78 CMakeFiles/lcd_example.dir/home/uzygncr/pico/pico-sdk/lib/tinyusb/src/tusb.c.obj
                0x00000000100040ac                tu_edpt_validate
 .text.tu_edpt_bind_driver
                0x0000000010004124       0x34 CMakeFiles/lcd_example.dir/home/uzygncr/pico/pico-sdk/lib/tinyusb/src/tusb.c.obj
                0x0000000010004124                tu_edpt_bind_driver
 .text.tu_fifo_config
                0x0000000010004158       0x70 CMakeFiles/lcd_example.dir/home/uzygncr/pico/pico-sdk/lib/tinyusb/src/common/tusb_fifo.c.obj
                0x0000000010004158                tu_fifo_config
 .text.tu_fifo_count
                0x00000000100041c8       0x2c CMakeFiles/lcd_example.dir/home/uzygncr/pico/pico-sdk/lib/tinyusb/src/common/tusb_fifo.c.obj
                0x00000000100041c8                tu_fifo_count
 .text.tu_fifo_empty
                0x00000000100041f4       0x10 CMakeFiles/lcd_example.dir/home/uzygncr/pico/pico-sdk/lib/tinyusb/src/common/tusb_fifo.c.obj
                0x00000000100041f4                tu_fifo_empty
 .text.tu_fifo_remaining
                0x0000000010004204       0x2c CMakeFiles/lcd_example.dir/home/uzygncr/pico/pico-sdk/lib/tinyusb/src/common/tusb_fifo.c.obj
                0x0000000010004204                tu_fifo_remaining
 .text.tu_fifo_read
                0x0000000010004230       0xa0 CMakeFiles/lcd_example.dir/home/uzygncr/pico/pico-sdk/lib/tinyusb/src/common/tusb_fifo.c.obj
                0x0000000010004230                tu_fifo_read
 .text.tu_fifo_read_n
                0x00000000100042d0       0xec CMakeFiles/lcd_example.dir/home/uzygncr/pico/pico-sdk/lib/tinyusb/src/common/tusb_fifo.c.obj
                0x00000000100042d0                tu_fifo_read_n
 .text.tu_fifo_write
                0x00000000100043bc       0x88 CMakeFiles/lcd_example.dir/home/uzygncr/pico/pico-sdk/lib/tinyusb/src/common/tusb_fifo.c.obj
                0x00000000100043bc                tu_fifo_write
 .text.tu_fifo_write_n
                0x0000000010004444      0x168 CMakeFiles/lcd_example.dir/home/uzygncr/pico/pico-sdk/lib/tinyusb/src/common/tusb_fifo.c.obj
                0x0000000010004444                tu_fifo_write_n
 .text.tu_fifo_clear
                0x00000000100045ac       0x40 CMakeFiles/lcd_example.dir/home/uzygncr/pico/pico-sdk/lib/tinyusb/src/common/tusb_fifo.c.obj
                0x00000000100045ac                tu_fifo_clear
 .text.tu_fifo_set_overwritable
                0x00000000100045ec       0x48 CMakeFiles/lcd_example.dir/home/uzygncr/pico/pico-sdk/lib/tinyusb/src/common/tusb_fifo.c.obj
                0x00000000100045ec                tu_fifo_set_overwritable
 .text.i2c_set_baudrate
                0x0000000010004634       0xc0 CMakeFiles/lcd_example.dir/home/uzygncr/pico/pico-sdk/src/rp2_common/hardware_i2c/i2c.c.obj
                0x0000000010004634                i2c_set_baudrate
 .text.i2c_init
                0x00000000100046f4       0x54 CMakeFiles/lcd_example.dir/home/uzygncr/pico/pico-sdk/src/rp2_common/hardware_i2c/i2c.c.obj
                0x00000000100046f4                i2c_init
 .text.i2c_write_blocking
                0x0000000010004748       0xd0 CMakeFiles/lcd_example.dir/home/uzygncr/pico/pico-sdk/src/rp2_common/hardware_i2c/i2c.c.obj
                0x0000000010004748                i2c_write_blocking
 .text          0x0000000010004818       0x5c /usr/lib/gcc/arm-none-eabi/10.3.1/../../../arm-none-eabi/lib/thumb/v6-m/nofp/libg.a(lib_a-strlen-stub.o)
                0x0000000010004818                strlen
 *(.fini)
 .fini          0x0000000010004874        0x4 /usr/lib/gcc/arm-none-eabi/10.3.1/thumb/v6-m/nofp/crti.o
                0x0000000010004874                _fini
 .fini.__stub   0x0000000010004878       0xc0 linker stubs
 *crtbegin.o(.ctors)
 *crtbegin?.o(.ctors)
 *(EXCLUDE_FILE(*crtend.o *crtend?.o) .ctors)
 *(SORT_BY_NAME(.ctors.*))
 *(.ctors)
 *crtbegin.o(.dtors)
 *crtbegin?.o(.dtors)
 *(EXCLUDE_FILE(*crtend.o *crtend?.o) .dtors)
 *(SORT_BY_NAME(.dtors.*))
 *(.dtors)
                0x0000000010004938                . = ALIGN (0x4)
                0x0000000010004938                PROVIDE (__preinit_array_start = .)
 *(SORT_BY_NAME(.preinit_array.*))
 .preinit_array.00100
                0x0000000010004938        0x4 CMakeFiles/lcd_example.dir/home/uzygncr/pico/pico-sdk/src/rp2_common/pico_runtime_init/runtime_init.c.obj
                0x0000000010004938                __pre_init_runtime_init_early_resets
 .preinit_array.00101
                0x000000001000493c        0x4 CMakeFiles/lcd_example.dir/home/uzygncr/pico/pico-sdk/src/rp2_common/pico_runtime_init/runtime_init.c.obj
                0x000000001000493c                __pre_init_runtime_init_usb_power_down
 .preinit_array.00275
                0x0000000010004940        0x4 CMakeFiles/lcd_example.dir/home/uzygncr/pico/pico-sdk/src/rp2_common/pico_bit_ops/bit_ops_aeabi.S.obj
 .preinit_array.00300
                0x0000000010004944        0x4 CMakeFiles/lcd_example.dir/home/uzygncr/pico/pico-sdk/src/rp2_common/pico_mem_ops/mem_ops_aeabi.S.obj
 .preinit_array.00350
                0x0000000010004948        0x4 CMakeFiles/lcd_example.dir/home/uzygncr/pico/pico-sdk/src/rp2_common/pico_double/double_aeabi_rp2040.S.obj
 .preinit_array.00350
                0x000000001000494c        0x4 CMakeFiles/lcd_example.dir/home/uzygncr/pico/pico-sdk/src/rp2_common/pico_float/float_aeabi_rp2040.S.obj
 .preinit_array.00500
                0x0000000010004950        0x4 CMakeFiles/lcd_example.dir/home/uzygncr/pico/pico-sdk/src/rp2_common/pico_runtime_init/runtime_init.c.obj
                0x0000000010004950                __pre_init_runtime_init_clocks
 .preinit_array.00600
                0x0000000010004954        0x4 CMakeFiles/lcd_example.dir/home/uzygncr/pico/pico-sdk/src/rp2_common/pico_runtime_init/runtime_init.c.obj
                0x0000000010004954                __pre_init_runtime_init_post_clock_resets
 .preinit_array.00700
                0x0000000010004958        0x4 CMakeFiles/lcd_example.dir/home/uzygncr/pico/pico-sdk/src/rp2_common/pico_runtime_init/runtime_init.c.obj
                0x0000000010004958                __pre_init_runtime_init_rp2040_gpio_ie_disable
 .preinit_array.01000
                0x000000001000495c        0x4 CMakeFiles/lcd_example.dir/home/uzygncr/pico/pico-sdk/src/rp2_common/pico_runtime_init/runtime_init.c.obj
                0x000000001000495c                __pre_init_runtime_init_spin_locks_reset
 .preinit_array.01100
                0x0000000010004960        0x4 CMakeFiles/lcd_example.dir/home/uzygncr/pico/pico-sdk/src/common/pico_sync/mutex.c.obj
                0x0000000010004960                __pre_init_runtime_init_mutex
 .preinit_array.10080
                0x0000000010004964        0x4 CMakeFiles/lcd_example.dir/home/uzygncr/pico/pico-sdk/src/rp2_common/pico_runtime_init/runtime_init.c.obj
                0x0000000010004964                __pre_init_runtime_init_install_ram_vector_table
 .preinit_array.11000
                0x0000000010004968        0x4 CMakeFiles/lcd_example.dir/home/uzygncr/pico/pico-sdk/src/common/pico_time/time.c.obj
                0x0000000010004968                __pre_init_runtime_init_default_alarm_pool
 .preinit_array.YYYYY
                0x000000001000496c        0x4 CMakeFiles/lcd_example.dir/home/uzygncr/pico/pico-sdk/src/rp2_common/pico_runtime/runtime.c.obj
                0x000000001000496c                __pre_init_first_per_core_initializer
 .preinit_array.ZZZZZ.01200
                0x0000000010004970        0x4 CMakeFiles/lcd_example.dir/home/uzygncr/pico/pico-sdk/src/rp2_common/hardware_irq/irq.c.obj
                0x0000000010004970                __pre_init_runtime_init_per_core_irq_priorities
 *(.preinit_array)
                0x0000000010004974                PROVIDE (__preinit_array_end = .)
                0x0000000010004974                . = ALIGN (0x4)
                0x0000000010004974                PROVIDE (__init_array_start = .)
 *(SORT_BY_NAME(.init_array.*))
 *(.init_array)
 .init_array    0x0000000010004974        0x4 /usr/lib/gcc/arm-none-eabi/10.3.1/thumb/v6-m/nofp/crtbegin.o
 .init_array    0x0000000010004978        0x4 CMakeFiles/lcd_example.dir/home/uzygncr/pico/pico-sdk/src/rp2_common/pico_unique_id/unique_id.c.obj
                0x000000001000497c                PROVIDE (__init_array_end = .)
                0x000000001000497c                . = ALIGN (0x4)
                0x000000001000497c                PROVIDE (__fini_array_start = .)
 *(SORT_BY_NAME(.fini_array.*))
 *(.fini_array)
                0x000000001000497c                PROVIDE (__fini_array_end = .)
 *(.eh_frame*)
 .eh_frame      0x000000001000497c        0x0 /usr/lib/gcc/arm-none-eabi/10.3.1/thumb/v6-m/nofp/crtbegin.o
                0x000000001000497c                . = ALIGN (0x4)

.glue_7         0x000000001000497c        0x0
 .glue_7        0x000000001000497c        0x0 linker stubs

.glue_7t        0x000000001000497c        0x0
 .glue_7t       0x000000001000497c        0x0 linker stubs

.vfp11_veneer   0x000000001000497c        0x0
 .vfp11_veneer  0x000000001000497c        0x0 linker stubs

.v4_bx          0x000000001000497c        0x0
 .v4_bx         0x000000001000497c        0x0 linker stubs

.iplt           0x000000001000497c        0x0
 .iplt          0x000000001000497c        0x0 /usr/lib/gcc/arm-none-eabi/10.3.1/thumb/v6-m/nofp/crtbegin.o

.rodata         0x000000001000497c      0x408
 *(EXCLUDE_FILE(*libm.a: *libc.a:*lib_a-mem*.o *libgcc.a:) .rodata*)
 .rodata.main.str1.4
                0x000000001000497c       0x13 CMakeFiles/lcd_example.dir/lcd.cpp.obj
 *fill*         0x000000001000498f        0x1 
 .rodata.panic.str1.4
                0x0000000010004990       0x12 CMakeFiles/lcd_example.dir/home/uzygncr/pico/pico-sdk/src/rp2_common/pico_platform_panic/panic.c.obj
 *fill*         0x00000000100049a2        0x2 
 .rodata.spin_lock_claim_unused.str1.4
                0x00000000100049a4       0x1b CMakeFiles/lcd_example.dir/home/uzygncr/pico/pico-sdk/src/rp2_common/hardware_sync/sync.c.obj
 *fill*         0x00000000100049bf        0x1 
 .rodata.user_irq_claim_unused.str1.4
                0x00000000100049c0       0x1b CMakeFiles/lcd_example.dir/home/uzygncr/pico/pico-sdk/src/rp2_common/hardware_irq/irq.c.obj
 *fill*         0x00000000100049db        0x1 
 .rodata.timer_hardware_alarm_claim.str1.4
                0x00000000100049dc       0x22 CMakeFiles/lcd_example.dir/home/uzygncr/pico/pico-sdk/src/rp2_common/hardware_timer/timer.c.obj
 *fill*         0x00000000100049fe        0x2 
 .rodata.hard_assertion_failure.str1.4
                0x0000000010004a00        0xc CMakeFiles/lcd_example.dir/home/uzygncr/pico/pico-sdk/src/rp2_common/pico_runtime/runtime.c.obj
 .rodata.str1.4
                0x0000000010004a0c       0x30 CMakeFiles/lcd_example.dir/home/uzygncr/pico/pico-sdk/src/rp2_common/pico_standard_binary_info/standard_binary_info.c.obj
 .rodata.__bi_26
                0x0000000010004a3c        0xc CMakeFiles/lcd_example.dir/home/uzygncr/pico/pico-sdk/src/rp2_common/pico_standard_binary_info/standard_binary_info.c.obj
 .rodata.__bi_34
                0x0000000010004a48        0xc CMakeFiles/lcd_example.dir/home/uzygncr/pico/pico-sdk/src/rp2_common/pico_standard_binary_info/standard_binary_info.c.obj
 .rodata.__bi_42
                0x0000000010004a54        0xc CMakeFiles/lcd_example.dir/home/uzygncr/pico/pico-sdk/src/rp2_common/pico_standard_binary_info/standard_binary_info.c.obj
 .rodata.__bi_48
                0x0000000010004a60        0xc CMakeFiles/lcd_example.dir/home/uzygncr/pico/pico-sdk/src/rp2_common/pico_standard_binary_info/standard_binary_info.c.obj
 .rodata.__bi_54
                0x0000000010004a6c        0xc CMakeFiles/lcd_example.dir/home/uzygncr/pico/pico-sdk/src/rp2_common/pico_standard_binary_info/standard_binary_info.c.obj
 .rodata.__bi_84
                0x0000000010004a78        0xc CMakeFiles/lcd_example.dir/home/uzygncr/pico/pico-sdk/src/rp2_common/pico_standard_binary_info/standard_binary_info.c.obj
 .rodata.crlf_str.0
                0x0000000010004a84        0x2 CMakeFiles/lcd_example.dir/home/uzygncr/pico/pico-sdk/src/rp2_common/pico_stdio/stdio.c.obj
 *fill*         0x0000000010004a86        0x2 
 .rodata._resetd_driver
                0x0000000010004a88       0x20 CMakeFiles/lcd_example.dir/home/uzygncr/pico/pico-sdk/src/rp2_common/pico_stdio_usb/reset_interface.c.obj
 .rodata.desc_bos
                0x0000000010004aa8       0x21 CMakeFiles/lcd_example.dir/home/uzygncr/pico/pico-sdk/src/rp2_common/pico_stdio_usb/reset_interface.c.obj
                0x0000000010004aa8                desc_bos
 *fill*         0x0000000010004ac9        0x3 
 .rodata.desc_ms_os_20
                0x0000000010004acc       0xa6 CMakeFiles/lcd_example.dir/home/uzygncr/pico/pico-sdk/src/rp2_common/pico_stdio_usb/reset_interface.c.obj
 *fill*         0x0000000010004b72        0x2 
 .rodata.str1.4
                0x0000000010004b74       0x13 CMakeFiles/lcd_example.dir/home/uzygncr/pico/pico-sdk/src/rp2_common/pico_stdio_usb/stdio_usb.c.obj
 *fill*         0x0000000010004b87        0x1 
 .rodata.__bi_197.0
                0x0000000010004b88        0xc CMakeFiles/lcd_example.dir/home/uzygncr/pico/pico-sdk/src/rp2_common/pico_stdio_usb/stdio_usb.c.obj
 .rodata.str1.4
                0x0000000010004b94       0x2a CMakeFiles/lcd_example.dir/home/uzygncr/pico/pico-sdk/src/rp2_common/pico_stdio_usb/stdio_usb_descriptors.c.obj
 *fill*         0x0000000010004bbe        0x2 
 .rodata.usbd_desc_cfg
                0x0000000010004bc0       0x54 CMakeFiles/lcd_example.dir/home/uzygncr/pico/pico-sdk/src/rp2_common/pico_stdio_usb/stdio_usb_descriptors.c.obj
 .rodata.usbd_desc_device
                0x0000000010004c14       0x12 CMakeFiles/lcd_example.dir/home/uzygncr/pico/pico-sdk/src/rp2_common/pico_stdio_usb/stdio_usb_descriptors.c.obj
 *fill*         0x0000000010004c26        0x2 
 .rodata.usbd_desc_str
                0x0000000010004c28       0x18 CMakeFiles/lcd_example.dir/home/uzygncr/pico/pico-sdk/src/rp2_common/pico_stdio_usb/stdio_usb_descriptors.c.obj
 .rodata.str1.4
                0x0000000010004c40       0x14 CMakeFiles/lcd_example.dir/home/uzygncr/pico/pico-sdk/lib/tinyusb/src/portable/raspberrypi/rp2040/dcd_rp2040.c.obj
 .rodata.str1.4
                0x0000000010004c54       0x48 CMakeFiles/lcd_example.dir/home/uzygncr/pico/pico-sdk/lib/tinyusb/src/portable/raspberrypi/rp2040/rp2040_usb.c.obj
 .rodata.tud_task_ext
                0x0000000010004c9c       0x8c CMakeFiles/lcd_example.dir/home/uzygncr/pico/pico-sdk/lib/tinyusb/src/device/usbd.c.obj
 .rodata        0x0000000010004d28       0x1c CMakeFiles/lcd_example.dir/home/uzygncr/pico/pico-sdk/lib/tinyusb/src/device/usbd.c.obj
 .rodata._usbd_driver
                0x0000000010004d44       0x40 CMakeFiles/lcd_example.dir/home/uzygncr/pico/pico-sdk/lib/tinyusb/src/device/usbd.c.obj
                0x0000000010004d84                . = ALIGN (0x4)
 *(SORT_BY_ALIGNMENT(SORT_BY_NAME(.flashdata*)))
                0x0000000010004d84                . = ALIGN (0x4)

.ARM.extab
 *(.ARM.extab* .gnu.linkonce.armextab.*)
                0x0000000010004d84                __exidx_start = .

.ARM.exidx
 *(.ARM.exidx* .gnu.linkonce.armexidx.*)
                0x0000000010004d84                __exidx_end = .
                0x0000000010004d84                . = ALIGN (0x4)
                0x0000000010004d84                __binary_info_start = .

.binary_info    0x0000000010004d84       0x1c
 *(.binary_info.keep.*)
 .binary_info.keep.__bi_ptr26
                0x0000000010004d84        0x4 CMakeFiles/lcd_example.dir/home/uzygncr/pico/pico-sdk/src/rp2_common/pico_standard_binary_info/standard_binary_info.c.obj
 .binary_info.keep.__bi_ptr34
                0x0000000010004d88        0x4 CMakeFiles/lcd_example.dir/home/uzygncr/pico/pico-sdk/src/rp2_common/pico_standard_binary_info/standard_binary_info.c.obj
 .binary_info.keep.__bi_ptr42
                0x0000000010004d8c        0x4 CMakeFiles/lcd_example.dir/home/uzygncr/pico/pico-sdk/src/rp2_common/pico_standard_binary_info/standard_binary_info.c.obj
 .binary_info.keep.__bi_ptr48
                0x0000000010004d90        0x4 CMakeFiles/lcd_example.dir/home/uzygncr/pico/pico-sdk/src/rp2_common/pico_standard_binary_info/standard_binary_info.c.obj
 .binary_info.keep.__bi_ptr54
                0x0000000010004d94        0x4 CMakeFiles/lcd_example.dir/home/uzygncr/pico/pico-sdk/src/rp2_common/pico_standard_binary_info/standard_binary_info.c.obj
 .binary_info.keep.__bi_ptr84
                0x0000000010004d98        0x4 CMakeFiles/lcd_example.dir/home/uzygncr/pico/pico-sdk/src/rp2_common/pico_standard_binary_info/standard_binary_info.c.obj
 *(.binary_info.*)
 .binary_info.__bi_ptr197
                0x0000000010004d9c        0x4 CMakeFiles/lcd_example.dir/home/uzygncr/pico/pico-sdk/src/rp2_common/pico_stdio_usb/stdio_usb.c.obj
                0x0000000010004da0                __binary_info_end = .

.rel.dyn        0x0000000010004da0        0x0
 .rel.iplt      0x0000000010004da0        0x0 /usr/lib/gcc/arm-none-eabi/10.3.1/thumb/v6-m/nofp/crtbegin.o
                0x0000000010004da0                . = ALIGN (0x4)

.ram_vector_table
                0x0000000020000000       0xc0
 *(.ram_vector_table)
 .ram_vector_table
                0x0000000020000000       0xc0 CMakeFiles/lcd_example.dir/home/uzygncr/pico/pico-sdk/src/rp2_common/pico_runtime_init/runtime_init.c.obj
                0x0000000020000000                ram_vector_table

.uninitialized_data
                0x00000000200000c0        0x0
                0x00000000200000c0                . = ALIGN (0x4)
 *(.uninitialized_data*)

.data           0x00000000200000c0     0x1008 load address 0x0000000010004da0
                0x00000000200000c0                __data_start__ = .
 *(vtable)
 *(.time_critical*)
 .time_critical.mutex_try_enter
                0x00000000200000c0       0x44 CMakeFiles/lcd_example.dir/home/uzygncr/pico/pico-sdk/src/common/pico_sync/mutex.c.obj
                0x00000000200000c0                mutex_try_enter
 .time_critical.mutex_try_enter_block_until
                0x0000000020000104       0x9c CMakeFiles/lcd_example.dir/home/uzygncr/pico/pico-sdk/src/common/pico_sync/mutex.c.obj
                0x0000000020000104                mutex_try_enter_block_until
 .time_critical.mutex_enter_timeout_ms
                0x00000000200001a0       0x90 CMakeFiles/lcd_example.dir/home/uzygncr/pico/pico-sdk/src/common/pico_sync/mutex.c.obj
                0x00000000200001a0                mutex_enter_timeout_ms
 .time_critical.mutex_exit
                0x0000000020000230       0x28 CMakeFiles/lcd_example.dir/home/uzygncr/pico/pico-sdk/src/common/pico_sync/mutex.c.obj
                0x0000000020000230                mutex_exit
 .time_critical.flash_init_boot2_copyout
                0x0000000020000258       0x30 CMakeFiles/lcd_example.dir/home/uzygncr/pico/pico-sdk/src/rp2_common/hardware_flash/flash.c.obj
 .time_critical.flash_enable_xip_via_boot2
                0x0000000020000288       0x10 CMakeFiles/lcd_example.dir/home/uzygncr/pico/pico-sdk/src/rp2_common/hardware_flash/flash.c.obj
 .time_critical.flash_cs_force
                0x0000000020000298       0x38 CMakeFiles/lcd_example.dir/home/uzygncr/pico/pico-sdk/src/rp2_common/hardware_flash/flash.c.obj
 .time_critical.flash_do_cmd
                0x00000000200002d0       0xc4 CMakeFiles/lcd_example.dir/home/uzygncr/pico/pico-sdk/src/rp2_common/hardware_flash/flash.c.obj
                0x00000000200002d0                flash_do_cmd
 .time_critical.reset_non_control_endpoints
                0x0000000020000394       0xbc CMakeFiles/lcd_example.dir/home/uzygncr/pico/pico-sdk/lib/tinyusb/src/portable/raspberrypi/rp2040/dcd_rp2040.c.obj
 .time_critical.hw_handle_buff_status
                0x0000000020000450       0xa8 CMakeFiles/lcd_example.dir/home/uzygncr/pico/pico-sdk/lib/tinyusb/src/portable/raspberrypi/rp2040/dcd_rp2040.c.obj
 .time_critical.dcd_rp2040_irq
                0x00000000200004f8      0x554 CMakeFiles/lcd_example.dir/home/uzygncr/pico/pico-sdk/lib/tinyusb/src/portable/raspberrypi/rp2040/dcd_rp2040.c.obj
 .time_critical.prepare_ep_buffer
                0x0000000020000a4c       0xf4 CMakeFiles/lcd_example.dir/home/uzygncr/pico/pico-sdk/lib/tinyusb/src/portable/raspberrypi/rp2040/rp2040_usb.c.obj
 .time_critical.sync_ep_buffer
                0x0000000020000b40       0xb4 CMakeFiles/lcd_example.dir/home/uzygncr/pico/pico-sdk/lib/tinyusb/src/portable/raspberrypi/rp2040/rp2040_usb.c.obj
 .time_critical._hw_endpoint_xfer_sync
                0x0000000020000bf4       0x28 CMakeFiles/lcd_example.dir/home/uzygncr/pico/pico-sdk/lib/tinyusb/src/portable/raspberrypi/rp2040/rp2040_usb.c.obj
 .time_critical.e15_is_bulkin_ep
                0x0000000020000c1c       0x28 CMakeFiles/lcd_example.dir/home/uzygncr/pico/pico-sdk/lib/tinyusb/src/portable/raspberrypi/rp2040/rp2040_usb.c.obj
 .time_critical.e15_is_critical_frame_period
                0x0000000020000c44       0x34 CMakeFiles/lcd_example.dir/home/uzygncr/pico/pico-sdk/lib/tinyusb/src/portable/raspberrypi/rp2040/rp2040_usb.c.obj
 .time_critical.hw_endpoint_reset_transfer
                0x0000000020000c78        0xc CMakeFiles/lcd_example.dir/home/uzygncr/pico/pico-sdk/lib/tinyusb/src/portable/raspberrypi/rp2040/rp2040_usb.c.obj
                0x0000000020000c78                hw_endpoint_reset_transfer
 .time_critical._hw_endpoint_buffer_control_update32
                0x0000000020000c84       0x50 CMakeFiles/lcd_example.dir/home/uzygncr/pico/pico-sdk/lib/tinyusb/src/portable/raspberrypi/rp2040/rp2040_usb.c.obj
                0x0000000020000c84                _hw_endpoint_buffer_control_update32
 .time_critical.hw_endpoint_start_next_buffer
                0x0000000020000cd4       0x6c CMakeFiles/lcd_example.dir/home/uzygncr/pico/pico-sdk/lib/tinyusb/src/portable/raspberrypi/rp2040/rp2040_usb.c.obj
                0x0000000020000cd4                hw_endpoint_start_next_buffer
 .time_critical.hw_endpoint_xfer_continue
                0x0000000020000d40       0x40 CMakeFiles/lcd_example.dir/home/uzygncr/pico/pico-sdk/lib/tinyusb/src/portable/raspberrypi/rp2040/rp2040_usb.c.obj
                0x0000000020000d40                hw_endpoint_xfer_continue
 .time_critical.tinyusb
                0x0000000020000d80      0x1f0 CMakeFiles/lcd_example.dir/home/uzygncr/pico/pico-sdk/lib/tinyusb/src/device/usbd.c.obj
                0x0000000020000d80                dcd_event_handler
 *(.text*)
 .text          0x0000000020000f70        0x4 /usr/lib/gcc/arm-none-eabi/10.3.1/thumb/v6-m/nofp/libgcc.a(_dvmd_tls.o)
                0x0000000020000f70                __aeabi_ldiv0
                0x0000000020000f70                __aeabi_idiv0
 *fill*         0x0000000020000f74        0x4 
 .text.__stub   0x0000000020000f78       0x80 linker stubs
                0x0000000020000ff8                . = ALIGN (0x4)
 *(.rodata*)
                0x0000000020000ff8                . = ALIGN (0x4)
 *(.data*)
 .data.striped_spin_lock_num
                0x0000000020000ff8        0x1 CMakeFiles/lcd_example.dir/home/uzygncr/pico/pico-sdk/src/rp2_common/hardware_sync/sync.c.obj
 *fill*         0x0000000020000ff9        0x3 
 .data          0x0000000020000ffc       0x48 CMakeFiles/lcd_example.dir/home/uzygncr/pico/pico-sdk/src/rp2_common/hardware_irq/irq_handler_chain.S.obj
                0x0000000020000ffc                irq_handler_chain_slots
                0x000000002000102c                irq_handler_chain_first_slot
                0x0000000020001036                irq_handler_chain_remove_tail
 .data.default_alarm_pool
                0x0000000020001044       0x18 CMakeFiles/lcd_example.dir/home/uzygncr/pico/pico-sdk/src/common/pico_time/time.c.obj
 *fill*         0x000000002000105c        0x4 
 .data.aeabi_bits_funcs
                0x0000000020001060       0x10 CMakeFiles/lcd_example.dir/home/uzygncr/pico/pico-sdk/src/rp2_common/pico_bit_ops/bit_ops_aeabi.S.obj
                0x0000000020001060                aeabi_bits_funcs
                0x0000000020001070                aeabi_bits_funcs_end
 .data.aeabi_mem_funcs
                0x0000000020001070       0x10 CMakeFiles/lcd_example.dir/home/uzygncr/pico/pico-sdk/src/rp2_common/pico_mem_ops/mem_ops_aeabi.S.obj
                0x0000000020001070                aeabi_mem_funcs
                0x0000000020001080                aeabi_mem_funcs_end
 .data.stdio_usb
                0x0000000020001080       0x18 CMakeFiles/lcd_example.dir/home/uzygncr/pico/pico-sdk/src/rp2_common/pico_stdio_usb/stdio_usb.c.obj
                0x0000000020001080                stdio_usb
 .data._usbd_qdef
                0x0000000020001098       0x1c CMakeFiles/lcd_example.dir/home/uzygncr/pico/pico-sdk/lib/tinyusb/src/device/usbd.c.obj
                0x0000000020001098                _usbd_qdef
 .data._usbd_rhport
                0x00000000200010b4        0x1 CMakeFiles/lcd_example.dir/home/uzygncr/pico/pico-sdk/lib/tinyusb/src/device/usbd.c.obj
 *fill*         0x00000000200010b5        0x3 
 .data.i2c0_inst
                0x00000000200010b8        0x8 CMakeFiles/lcd_example.dir/home/uzygncr/pico/pico-sdk/src/rp2_common/hardware_i2c/i2c.c.obj
                0x00000000200010b8                i2c0_inst
                0x00000000200010c0                . = ALIGN (0x4)
 *(.after_data.*)
                0x00000000200010c0                . = ALIGN (0x4)
                0x00000000200010c0                PROVIDE (__mutex_array_start = .)
 *(SORT_BY_NAME(.mutex_array.*))
 *(.mutex_array)
 .mutex_array   0x00000000200010c0        0x8 CMakeFiles/lcd_example.dir/home/uzygncr/pico/pico-sdk/src/rp2_common/pico_stdio/stdio.c.obj
                0x00000000200010c8                PROVIDE (__mutex_array_end = .)
                0x00000000200010c8                . = ALIGN (0x4)
 *(.jcr)
                0x00000000200010c8                . = ALIGN (0x4)

.tm_clone_table
                0x00000000200010c8        0x0 load address 0x0000000010005da8
 .tm_clone_table
                0x00000000200010c8        0x0 /usr/lib/gcc/arm-none-eabi/10.3.1/thumb/v6-m/nofp/crtbegin.o
 .tm_clone_table
                0x00000000200010c8        0x0 /usr/lib/gcc/arm-none-eabi/10.3.1/thumb/v6-m/nofp/crtend.o

.igot.plt       0x00000000200010c8        0x0 load address 0x0000000010005da8
 .igot.plt      0x00000000200010c8        0x0 /usr/lib/gcc/arm-none-eabi/10.3.1/thumb/v6-m/nofp/crtbegin.o

.tdata          0x00000000200010c8        0x0 load address 0x0000000010005da8
                0x00000000200010c8                . = ALIGN (0x4)
 *(.tdata .tdata.* .gnu.linkonce.td.*)
                0x00000000200010c8                __tdata_end = .
                0x00000000200010c8                PROVIDE (__data_end__ = .)
                0x0000000010004da0                __etext = LOADADDR (.data)

.tbss           0x00000000200010c8        0x0 load address 0x0000000010005da8
                0x00000000200010c8                . = ALIGN (0x4)
                0x00000000200010c8                __bss_start__ = .
                0x00000000200010c8                __tls_base = .
 *(.tbss .tbss.* .gnu.linkonce.tb.*)
 *(.tcommon)
                0x00000000200010c8                __tls_end = .

.bss            0x00000000200010c8     0x106c load address 0x0000000010005da8
                0x00000000200010c8                . = ALIGN (0x4)
                0x00000000200010c8                __tbss_end = .
 *(SORT_BY_ALIGNMENT(SORT_BY_NAME(.bss*)))
 .bss.default_alarm_pool_entries
                0x00000000200010c8      0x180 CMakeFiles/lcd_example.dir/home/uzygncr/pico/pico-sdk/src/common/pico_time/time.c.obj
 .bss.last_avail_time.1
                0x0000000020001248        0x8 CMakeFiles/lcd_example.dir/home/uzygncr/pico/pico-sdk/src/rp2_common/pico_stdio_usb/stdio_usb.c.obj
 .bss.sd_table  0x0000000020001250      0x100 CMakeFiles/lcd_example.dir/home/uzygncr/pico/pico-sdk/src/rp2_common/pico_double/double_init_rom_rp2040.c.obj
                0x0000000020001250                sd_table
 .bss.sf_table  0x0000000020001350      0x100 CMakeFiles/lcd_example.dir/home/uzygncr/pico/pico-sdk/src/rp2_common/pico_float/float_init_rom_rp2040.c.obj
                0x0000000020001350                sf_table
 .bss           0x0000000020001450       0x1c /usr/lib/gcc/arm-none-eabi/10.3.1/thumb/v6-m/nofp/crtbegin.o
 .bss._app_driver
                0x000000002000146c        0x4 CMakeFiles/lcd_example.dir/home/uzygncr/pico/pico-sdk/lib/tinyusb/src/device/usbd.c.obj
 .bss._cdcd_fifo_cfg
                0x0000000020001470        0x1 CMakeFiles/lcd_example.dir/home/uzygncr/pico/pico-sdk/lib/tinyusb/src/class/cdc/cdc_device.c.obj
 *fill*         0x0000000020001471        0x3 
 .bss._cdcd_itf
                0x0000000020001474      0x2c8 CMakeFiles/lcd_example.dir/home/uzygncr/pico/pico-sdk/lib/tinyusb/src/class/cdc/cdc_device.c.obj
 .bss._ctrl_xfer
                0x000000002000173c       0x14 CMakeFiles/lcd_example.dir/home/uzygncr/pico/pico-sdk/lib/tinyusb/src/device/usbd_control.c.obj
 .bss._ubsd_mutexdef
                0x0000000020001750        0x8 CMakeFiles/lcd_example.dir/home/uzygncr/pico/pico-sdk/lib/tinyusb/src/device/usbd.c.obj
 .bss._usbd_ctrl_buf
                0x0000000020001758       0x40 CMakeFiles/lcd_example.dir/home/uzygncr/pico/pico-sdk/lib/tinyusb/src/device/usbd_control.c.obj
 .bss._usbd_dev
                0x0000000020001798       0x54 CMakeFiles/lcd_example.dir/home/uzygncr/pico/pico-sdk/lib/tinyusb/src/device/usbd.c.obj
 .bss._usbd_mutex
                0x00000000200017ec        0x4 CMakeFiles/lcd_example.dir/home/uzygncr/pico/pico-sdk/lib/tinyusb/src/device/usbd.c.obj
 .bss._usbd_q   0x00000000200017f0        0x4 CMakeFiles/lcd_example.dir/home/uzygncr/pico/pico-sdk/lib/tinyusb/src/device/usbd.c.obj
 .bss._usbd_qdef_buf
                0x00000000200017f4       0xc0 CMakeFiles/lcd_example.dir/home/uzygncr/pico/pico-sdk/lib/tinyusb/src/device/usbd.c.obj
                0x00000000200017f4                _usbd_qdef_buf
 .bss._vendord_itf
                0x00000000200018b4      0x2bc CMakeFiles/lcd_example.dir/home/uzygncr/pico/pico-sdk/lib/tinyusb/src/class/vendor/vendor_device.c.obj
 .bss.boot2_copyout
                0x0000000020001b70      0x100 CMakeFiles/lcd_example.dir/home/uzygncr/pico/pico-sdk/src/rp2_common/hardware_flash/flash.c.obj
 .bss.chars_available_callback
                0x0000000020001c70        0x4 CMakeFiles/lcd_example.dir/home/uzygncr/pico/pico-sdk/src/rp2_common/pico_stdio_usb/stdio_usb.c.obj
 .bss.chars_available_param
                0x0000000020001c74        0x4 CMakeFiles/lcd_example.dir/home/uzygncr/pico/pico-sdk/src/rp2_common/pico_stdio_usb/stdio_usb.c.obj
 .bss.claimed   0x0000000020001c78        0x4 CMakeFiles/lcd_example.dir/home/uzygncr/pico/pico-sdk/src/rp2_common/hardware_sync/sync.c.obj
 .bss.claimed   0x0000000020001c7c        0x1 CMakeFiles/lcd_example.dir/home/uzygncr/pico/pico-sdk/src/rp2_common/hardware_timer/timer.c.obj
 *fill*         0x0000000020001c7d        0x3 
 .bss.configured_freq
                0x0000000020001c80       0x28 CMakeFiles/lcd_example.dir/home/uzygncr/pico/pico-sdk/src/rp2_common/hardware_clocks/clocks.c.obj
 .bss.desc_str.0
                0x0000000020001ca8       0x28 CMakeFiles/lcd_example.dir/home/uzygncr/pico/pico-sdk/src/rp2_common/pico_stdio_usb/stdio_usb_descriptors.c.obj
 .bss.drivers   0x0000000020001cd0        0x4 CMakeFiles/lcd_example.dir/home/uzygncr/pico/pico-sdk/src/rp2_common/pico_stdio/stdio.c.obj
 .bss.e15_last_sof
                0x0000000020001cd4        0x4 CMakeFiles/lcd_example.dir/home/uzygncr/pico/pico-sdk/lib/tinyusb/src/portable/raspberrypi/rp2040/rp2040_usb.c.obj
                0x0000000020001cd4                e15_last_sof
 .bss.filter    0x0000000020001cd8        0x4 CMakeFiles/lcd_example.dir/home/uzygncr/pico/pico-sdk/src/rp2_common/pico_stdio/stdio.c.obj
 .bss.hw_endpoints
                0x0000000020001cdc      0x400 CMakeFiles/lcd_example.dir/home/uzygncr/pico/pico-sdk/lib/tinyusb/src/portable/raspberrypi/rp2040/dcd_rp2040.c.obj
 .bss.lazy_vsnprintf
                0x00000000200020dc        0x4 CMakeFiles/lcd_example.dir/home/uzygncr/pico/pico-sdk/src/rp2_common/pico_printf/printf.c.obj
 .bss.load_value
                0x00000000200020e0        0x4 CMakeFiles/lcd_example.dir/home/uzygncr/pico/pico-sdk/src/rp2_common/hardware_watchdog/watchdog.c.obj
 .bss.next_buffer_ptr
                0x00000000200020e4        0x4 CMakeFiles/lcd_example.dir/home/uzygncr/pico/pico-sdk/lib/tinyusb/src/portable/raspberrypi/rp2040/dcd_rp2040.c.obj
 .bss.one_shot_timer_crit_sec
                0x00000000200020e8        0x8 CMakeFiles/lcd_example.dir/home/uzygncr/pico/pico-sdk/src/rp2_common/pico_stdio_usb/stdio_usb.c.obj
 .bss.pools     0x00000000200020f0       0x10 CMakeFiles/lcd_example.dir/home/uzygncr/pico/pico-sdk/src/common/pico_time/time.c.obj
 .bss.retrieved_id
                0x0000000020002100        0x8 CMakeFiles/lcd_example.dir/home/uzygncr/pico/pico-sdk/src/rp2_common/pico_unique_id/unique_id.c.obj
 .bss.sf_clz_func
                0x0000000020002108        0x4 CMakeFiles/lcd_example.dir/home/uzygncr/pico/pico-sdk/src/rp2_common/pico_double/double_init_rom_rp2040.c.obj
                0x0000000020002108                sf_clz_func
 .bss.sleep_notifier
                0x000000002000210c        0x4 CMakeFiles/lcd_example.dir/home/uzygncr/pico/pico-sdk/src/common/pico_time/time.c.obj
 .bss.stdio_usb_mutex
                0x0000000020002110        0x8 CMakeFiles/lcd_example.dir/home/uzygncr/pico/pico-sdk/src/rp2_common/pico_stdio_usb/stdio_usb.c.obj
 .bss.usbd_serial_str
                0x0000000020002118       0x11 CMakeFiles/lcd_example.dir/home/uzygncr/pico/pico-sdk/src/rp2_common/pico_stdio_usb/stdio_usb_descriptors.c.obj
 .bss._app_driver_count
                0x0000000020002129        0x1 CMakeFiles/lcd_example.dir/home/uzygncr/pico/pico-sdk/lib/tinyusb/src/device/usbd.c.obj
 .bss._sof_enable
                0x000000002000212a        0x1 CMakeFiles/lcd_example.dir/home/uzygncr/pico/pico-sdk/lib/tinyusb/src/portable/raspberrypi/rp2040/dcd_rp2040.c.obj
 .bss._usbd_queued_setup
                0x000000002000212b        0x1 CMakeFiles/lcd_example.dir/home/uzygncr/pico/pico-sdk/lib/tinyusb/src/device/usbd.c.obj
 .bss.boot2_copyout_valid
                0x000000002000212c        0x1 CMakeFiles/lcd_example.dir/home/uzygncr/pico/pico-sdk/src/rp2_common/hardware_flash/flash.c.obj
 .bss.irq_handler_chain_free_slot_head
                0x000000002000212d        0x1 CMakeFiles/lcd_example.dir/home/uzygncr/pico/pico-sdk/src/rp2_common/hardware_irq/irq.c.obj
 .bss.itf_num   0x000000002000212e        0x1 CMakeFiles/lcd_example.dir/home/uzygncr/pico/pico-sdk/src/rp2_common/pico_stdio_usb/reset_interface.c.obj
 .bss.low_priority_irq_num
                0x000000002000212f        0x1 CMakeFiles/lcd_example.dir/home/uzygncr/pico/pico-sdk/src/rp2_common/pico_stdio_usb/stdio_usb.c.obj
 .bss.one_shot_timer_pending
                0x0000000020002130        0x1 CMakeFiles/lcd_example.dir/home/uzygncr/pico/pico-sdk/src/rp2_common/pico_stdio_usb/stdio_usb.c.obj
 .bss.user_irq_claimed
                0x0000000020002131        0x1 CMakeFiles/lcd_example.dir/home/uzygncr/pico/pico-sdk/src/rp2_common/hardware_irq/irq.c.obj
 *(COMMON)
                0x0000000020002134                . = ALIGN (0x4)
 *fill*         0x0000000020002132        0x2 
                0x0000000020002134                __bss_end__ = .

.heap           0x0000000020002134    0x3decc load address 0x0000000010005da8
                0x0000000020002134                __end__ = .
                0x0000000020002134                end = __end__
 *(.heap*)
 .heap          0x0000000020002134      0x800 CMakeFiles/lcd_example.dir/home/uzygncr/pico/pico-sdk/src/rp2_common/pico_crt0/crt0.S.obj
                0x0000000020040000                . = (ORIGIN (RAM) + LENGTH (RAM))
 *fill*         0x0000000020002934    0x3d6cc 
                0x0000000020040000                __HeapLimit = .

.scratch_x      0x0000000020040000        0x0 load address 0x0000000010005da8
                0x0000000020040000                __scratch_x_start__ = .
 *(.scratch_x.*)
                0x0000000020040000                . = ALIGN (0x4)
                0x0000000020040000                __scratch_x_end__ = .
                0x0000000010005da8                __scratch_x_source__ = LOADADDR (.scratch_x)

.scratch_y      0x0000000020041000        0x0 load address 0x0000000010005da8
                0x0000000020041000                __scratch_y_start__ = .
 *(.scratch_y.*)
                0x0000000020041000                . = ALIGN (0x4)
                0x0000000020041000                __scratch_y_end__ = .
                0x0000000010005da8                __scratch_y_source__ = LOADADDR (.scratch_y)

.stack1_dummy   0x0000000020040000        0x0
 *(.stack1*)

.stack_dummy    0x0000000020041000      0x800
 *(.stack*)
 .stack         0x0000000020041000      0x800 CMakeFiles/lcd_example.dir/home/uzygncr/pico/pico-sdk/src/rp2_common/pico_crt0/crt0.S.obj

.flash_end      0x0000000010005da8        0x0
 *(.embedded_end_block*)
                0x0000000010005da8                PROVIDE (__flash_binary_end = .)
                0x0000000020040000                __StackLimit = (ORIGIN (RAM) + LENGTH (RAM))
                0x0000000020041000                __StackOneTop = (ORIGIN (SCRATCH_X) + LENGTH (SCRATCH_X))
                0x0000000020042000                __StackTop = (ORIGIN (SCRATCH_Y) + LENGTH (SCRATCH_Y))
                0x0000000020041000                __StackOneBottom = (__StackOneTop - SIZEOF (.stack1_dummy))
                0x0000000020041800                __StackBottom = (__StackTop - SIZEOF (.stack_dummy))
                0x0000000020042000                PROVIDE (__stack = __StackTop)
                [!provide]                        PROVIDE (__heap_start = __end__)
                [!provide]                        PROVIDE (__heap_end = __HeapLimit)
                [!provide]                        PROVIDE (__tls_align = MAX (ALIGNOF (.tdata), ALIGNOF (.tbss)))
                [!provide]                        PROVIDE (__tls_size_align = (((__tls_size + __tls_align) - 0x1) & ~ ((__tls_align - 0x1))))
                [!provide]                        PROVIDE (__arm32_tls_tcb_offset = MAX (0x8, __tls_align))
                [!provide]                        PROVIDE (_end = __end__)
                [!provide]                        PROVIDE (__llvm_libc_heap_limit = __HeapLimit)
                0x0000000000000001                ASSERT ((__StackLimit >= __HeapLimit), region RAM overflowed)
                0x0000000000000001                ASSERT (((__binary_info_header_end - __logical_binary_start) <= 0x100), Binary info must be in first 256 bytes of the binary)
LOAD CMakeFiles/lcd_example.dir/lcd.cpp.obj
LOAD CMakeFiles/lcd_example.dir/home/uzygncr/pico/pico-sdk/src/rp2_common/pico_stdlib/stdlib.c.obj
LOAD CMakeFiles/lcd_example.dir/home/uzygncr/pico/pico-sdk/src/rp2_common/hardware_gpio/gpio.c.obj
LOAD CMakeFiles/lcd_example.dir/home/uzygncr/pico/pico-sdk/src/rp2040/pico_platform/platform.c.obj
LOAD CMakeFiles/lcd_example.dir/home/uzygncr/pico/pico-sdk/src/rp2_common/pico_platform_panic/panic.c.obj
LOAD CMakeFiles/lcd_example.dir/home/uzygncr/pico/pico-sdk/src/common/hardware_claim/claim.c.obj
LOAD CMakeFiles/lcd_example.dir/home/uzygncr/pico/pico-sdk/src/rp2_common/hardware_sync/sync.c.obj
LOAD CMakeFiles/lcd_example.dir/home/uzygncr/pico/pico-sdk/src/rp2_common/hardware_sync_spin_lock/sync_spin_lock.c.obj
LOAD CMakeFiles/lcd_example.dir/home/uzygncr/pico/pico-sdk/src/rp2_common/hardware_irq/irq.c.obj
LOAD CMakeFiles/lcd_example.dir/home/uzygncr/pico/pico-sdk/src/rp2_common/hardware_irq/irq_handler_chain.S.obj
LOAD CMakeFiles/lcd_example.dir/home/uzygncr/pico/pico-sdk/src/common/pico_sync/sem.c.obj
LOAD CMakeFiles/lcd_example.dir/home/uzygncr/pico/pico-sdk/src/common/pico_sync/lock_core.c.obj
LOAD CMakeFiles/lcd_example.dir/home/uzygncr/pico/pico-sdk/src/common/pico_sync/mutex.c.obj
LOAD CMakeFiles/lcd_example.dir/home/uzygncr/pico/pico-sdk/src/common/pico_sync/critical_section.c.obj
LOAD CMakeFiles/lcd_example.dir/home/uzygncr/pico/pico-sdk/src/common/pico_time/time.c.obj
LOAD CMakeFiles/lcd_example.dir/home/uzygncr/pico/pico-sdk/src/common/pico_time/timeout_helper.c.obj
LOAD CMakeFiles/lcd_example.dir/home/uzygncr/pico/pico-sdk/src/rp2_common/hardware_timer/timer.c.obj
LOAD CMakeFiles/lcd_example.dir/home/uzygncr/pico/pico-sdk/src/common/pico_util/datetime.c.obj
LOAD CMakeFiles/lcd_example.dir/home/uzygncr/pico/pico-sdk/src/common/pico_util/pheap.c.obj
LOAD CMakeFiles/lcd_example.dir/home/uzygncr/pico/pico-sdk/src/common/pico_util/queue.c.obj
LOAD CMakeFiles/lcd_example.dir/home/uzygncr/pico/pico-sdk/src/rp2_common/hardware_uart/uart.c.obj
LOAD CMakeFiles/lcd_example.dir/home/uzygncr/pico/pico-sdk/src/rp2_common/hardware_clocks/clocks.c.obj
LOAD CMakeFiles/lcd_example.dir/home/uzygncr/pico/pico-sdk/src/rp2_common/hardware_pll/pll.c.obj
LOAD CMakeFiles/lcd_example.dir/home/uzygncr/pico/pico-sdk/src/rp2_common/hardware_vreg/vreg.c.obj
LOAD CMakeFiles/lcd_example.dir/home/uzygncr/pico/pico-sdk/src/rp2_common/hardware_watchdog/watchdog.c.obj
LOAD CMakeFiles/lcd_example.dir/home/uzygncr/pico/pico-sdk/src/rp2_common/hardware_ticks/ticks.c.obj
LOAD CMakeFiles/lcd_example.dir/home/uzygncr/pico/pico-sdk/src/rp2_common/hardware_xosc/xosc.c.obj
LOAD CMakeFiles/lcd_example.dir/home/uzygncr/pico/pico-sdk/src/rp2_common/hardware_divider/divider.S.obj
LOAD CMakeFiles/lcd_example.dir/home/uzygncr/pico/pico-sdk/src/rp2_common/pico_runtime/runtime.c.obj
LOAD CMakeFiles/lcd_example.dir/home/uzygncr/pico/pico-sdk/src/rp2_common/pico_runtime_init/runtime_init.c.obj
LOAD CMakeFiles/lcd_example.dir/home/uzygncr/pico/pico-sdk/src/rp2_common/pico_runtime_init/runtime_init_clocks.c.obj
LOAD CMakeFiles/lcd_example.dir/home/uzygncr/pico/pico-sdk/src/rp2_common/pico_runtime_init/runtime_init_stack_guard.c.obj
LOAD CMakeFiles/lcd_example.dir/home/uzygncr/pico/pico-sdk/src/rp2_common/pico_bit_ops/bit_ops_aeabi.S.obj
LOAD CMakeFiles/lcd_example.dir/home/uzygncr/pico/pico-sdk/src/rp2_common/pico_bootrom/bootrom.c.obj
LOAD CMakeFiles/lcd_example.dir/home/uzygncr/pico/pico-sdk/src/rp2_common/pico_bootrom/bootrom_lock.c.obj
LOAD CMakeFiles/lcd_example.dir/home/uzygncr/pico/pico-sdk/src/rp2_common/hardware_boot_lock/boot_lock.c.obj
LOAD CMakeFiles/lcd_example.dir/home/uzygncr/pico/pico-sdk/src/rp2_common/pico_divider/divider_hardware.S.obj
LOAD CMakeFiles/lcd_example.dir/home/uzygncr/pico/pico-sdk/src/rp2_common/pico_double/double_aeabi_rp2040.S.obj
LOAD CMakeFiles/lcd_example.dir/home/uzygncr/pico/pico-sdk/src/rp2_common/pico_double/double_init_rom_rp2040.c.obj
LOAD CMakeFiles/lcd_example.dir/home/uzygncr/pico/pico-sdk/src/rp2_common/pico_double/double_math.c.obj
LOAD CMakeFiles/lcd_example.dir/home/uzygncr/pico/pico-sdk/src/rp2_common/pico_double/double_v1_rom_shim_rp2040.S.obj
LOAD CMakeFiles/lcd_example.dir/home/uzygncr/pico/pico-sdk/src/rp2_common/pico_int64_ops/pico_int64_ops_aeabi.S.obj
LOAD CMakeFiles/lcd_example.dir/home/uzygncr/pico/pico-sdk/src/rp2_common/pico_float/float_aeabi_rp2040.S.obj
LOAD CMakeFiles/lcd_example.dir/home/uzygncr/pico/pico-sdk/src/rp2_common/pico_float/float_init_rom_rp2040.c.obj
LOAD CMakeFiles/lcd_example.dir/home/uzygncr/pico/pico-sdk/src/rp2_common/pico_float/float_math.c.obj
LOAD CMakeFiles/lcd_example.dir/home/uzygncr/pico/pico-sdk/src/rp2_common/pico_float/float_v1_rom_shim_rp2040.S.obj
LOAD CMakeFiles/lcd_example.dir/home/uzygncr/pico/pico-sdk/src/rp2_common/pico_malloc/malloc.c.obj
LOAD CMakeFiles/lcd_example.dir/home/uzygncr/pico/pico-sdk/src/rp2_common/pico_mem_ops/mem_ops_aeabi.S.obj
LOAD CMakeFiles/lcd_example.dir/home/uzygncr/pico/pico-sdk/src/rp2_common/pico_atomic/atomic.c.obj
LOAD CMakeFiles/lcd_example.dir/home/uzygncr/pico/pico-sdk/src/rp2_common/pico_cxx_options/new_delete.cpp.obj
LOAD CMakeFiles/lcd_example.dir/home/uzygncr/pico/pico-sdk/src/rp2_common/pico_standard_binary_info/standard_binary_info.c.obj
LOAD CMakeFiles/lcd_example.dir/home/uzygncr/pico/pico-sdk/src/rp2_common/pico_printf/printf.c.obj
LOAD CMakeFiles/lcd_example.dir/home/uzygncr/pico/pico-sdk/src/rp2_common/pico_crt0/crt0.S.obj
LOAD CMakeFiles/lcd_example.dir/home/uzygncr/pico/pico-sdk/src/rp2_common/pico_clib_interface/newlib_interface.c.obj
LOAD CMakeFiles/lcd_example.dir/home/uzygncr/pico/pico-sdk/src/rp2_common/pico_stdio/stdio.c.obj
LOAD CMakeFiles/lcd_example.dir/home/uzygncr/pico/pico-sdk/src/rp2_common/pico_stdio_usb/reset_interface.c.obj
LOAD CMakeFiles/lcd_example.dir/home/uzygncr/pico/pico-sdk/src/rp2_common/pico_stdio_usb/stdio_usb.c.obj
LOAD CMakeFiles/lcd_example.dir/home/uzygncr/pico/pico-sdk/src/rp2_common/pico_stdio_usb/stdio_usb_descriptors.c.obj
LOAD CMakeFiles/lcd_example.dir/home/uzygncr/pico/pico-sdk/src/rp2_common/pico_unique_id/unique_id.c.obj
LOAD CMakeFiles/lcd_example.dir/home/uzygncr/pico/pico-sdk/src/rp2_common/hardware_flash/flash.c.obj
LOAD CMakeFiles/lcd_example.dir/home/uzygncr/pico/pico-sdk/lib/tinyusb/src/portable/raspberrypi/rp2040/dcd_rp2040.c.obj
LOAD CMakeFiles/lcd_example.dir/home/uzygncr/pico/pico-sdk/lib/tinyusb/src/portable/raspberrypi/rp2040/rp2040_usb.c.obj
LOAD CMakeFiles/lcd_example.dir/home/uzygncr/pico/pico-sdk/lib/tinyusb/src/device/usbd.c.obj
LOAD CMakeFiles/lcd_example.dir/home/uzygncr/pico/pico-sdk/lib/tinyusb/src/device/usbd_control.c.obj
LOAD CMakeFiles/lcd_example.dir/home/uzygncr/pico/pico-sdk/lib/tinyusb/src/class/audio/audio_device.c.obj
LOAD CMakeFiles/lcd_example.dir/home/uzygncr/pico/pico-sdk/lib/tinyusb/src/class/cdc/cdc_device.c.obj
LOAD CMakeFiles/lcd_example.dir/home/uzygncr/pico/pico-sdk/lib/tinyusb/src/class/dfu/dfu_device.c.obj
LOAD CMakeFiles/lcd_example.dir/home/uzygncr/pico/pico-sdk/lib/tinyusb/src/class/dfu/dfu_rt_device.c.obj
LOAD CMakeFiles/lcd_example.dir/home/uzygncr/pico/pico-sdk/lib/tinyusb/src/class/hid/hid_device.c.obj
LOAD CMakeFiles/lcd_example.dir/home/uzygncr/pico/pico-sdk/lib/tinyusb/src/class/midi/midi_device.c.obj
LOAD CMakeFiles/lcd_example.dir/home/uzygncr/pico/pico-sdk/lib/tinyusb/src/class/msc/msc_device.c.obj
LOAD CMakeFiles/lcd_example.dir/home/uzygncr/pico/pico-sdk/lib/tinyusb/src/class/net/ecm_rndis_device.c.obj
LOAD CMakeFiles/lcd_example.dir/home/uzygncr/pico/pico-sdk/lib/tinyusb/src/class/net/ncm_device.c.obj
LOAD CMakeFiles/lcd_example.dir/home/uzygncr/pico/pico-sdk/lib/tinyusb/src/class/usbtmc/usbtmc_device.c.obj
LOAD CMakeFiles/lcd_example.dir/home/uzygncr/pico/pico-sdk/lib/tinyusb/src/class/vendor/vendor_device.c.obj
LOAD CMakeFiles/lcd_example.dir/home/uzygncr/pico/pico-sdk/lib/tinyusb/src/class/video/video_device.c.obj
LOAD CMakeFiles/lcd_example.dir/home/uzygncr/pico/pico-sdk/lib/tinyusb/src/tusb.c.obj
LOAD CMakeFiles/lcd_example.dir/home/uzygncr/pico/pico-sdk/lib/tinyusb/src/common/tusb_fifo.c.obj
LOAD CMakeFiles/lcd_example.dir/home/uzygncr/pico/pico-sdk/src/rp2_common/pico_fix/rp2040_usb_device_enumeration/rp2040_usb_device_enumeration.c.obj
LOAD CMakeFiles/lcd_example.dir/home/uzygncr/pico/pico-sdk/src/rp2_common/hardware_i2c/i2c.c.obj
LOAD /tmp/ccWDPiU9.o
LOAD /usr/lib/gcc/arm-none-eabi/10.3.1/../../../arm-none-eabi/lib/thumb/v6-m/nofp/libstdc++.a
LOAD /usr/lib/gcc/arm-none-eabi/10.3.1/../../../arm-none-eabi/lib/thumb/v6-m/nofp/libm.a
START GROUP
LOAD /usr/lib/gcc/arm-none-eabi/10.3.1/thumb/v6-m/nofp/libgcc.a
LOAD /usr/lib/gcc/arm-none-eabi/10.3.1/../../../arm-none-eabi/lib/thumb/v6-m/nofp/libg.a
LOAD /usr/lib/gcc/arm-none-eabi/10.3.1/../../../arm-none-eabi/lib/thumb/v6-m/nofp/libc.a
END GROUP
START GROUP
LOAD /usr/lib/gcc/arm-none-eabi/10.3.1/thumb/v6-m/nofp/libgcc.a
LOAD /usr/lib/gcc/arm-none-eabi/10.3.1/../../../arm-none-eabi/lib/thumb/v6-m/nofp/libc.a
LOAD /usr/lib/gcc/arm-none-eabi/10.3.1/../../../arm-none-eabi/lib/thumb/v6-m/nofp/libnosys.a
END GROUP
LOAD /usr/lib/gcc/arm-none-eabi/10.3.1/thumb/v6-m/nofp/crtend.o
LOAD /usr/lib/gcc/arm-none-eabi/10.3.1/thumb/v6-m/nofp/crtn.o
OUTPUT(lcd_example.elf elf32-littlearm)
LOAD linker stubs

.ARM.attributes
                0x0000000000000000       0x28
 .ARM.attributes
                0x0000000000000000       0x1e /usr/lib/gcc/arm-none-eabi/10.3.1/thumb/v6-m/nofp/crti.o
 .ARM.attributes
                0x000000000000001e       0x2c /usr/lib/gcc/arm-none-eabi/10.3.1/thumb/v6-m/nofp/crtbegin.o
 .ARM.attributes
                0x000000000000004a       0x2c CMakeFiles/lcd_example.dir/lcd.cpp.obj
 .ARM.attributes
                0x0000000000000076       0x2c CMakeFiles/lcd_example.dir/home/uzygncr/pico/pico-sdk/src/rp2_common/hardware_gpio/gpio.c.obj
 .ARM.attributes
                0x00000000000000a2       0x2c CMakeFiles/lcd_example.dir/home/uzygncr/pico/pico-sdk/src/rp2040/pico_platform/platform.c.obj
 .ARM.attributes
                0x00000000000000ce       0x2c CMakeFiles/lcd_example.dir/home/uzygncr/pico/pico-sdk/src/rp2_common/pico_platform_panic/panic.c.obj
 .ARM.attributes
                0x00000000000000fa       0x2c CMakeFiles/lcd_example.dir/home/uzygncr/pico/pico-sdk/src/common/hardware_claim/claim.c.obj
 .ARM.attributes
                0x0000000000000126       0x2c CMakeFiles/lcd_example.dir/home/uzygncr/pico/pico-sdk/src/rp2_common/hardware_sync/sync.c.obj
 .ARM.attributes
                0x0000000000000152       0x2c CMakeFiles/lcd_example.dir/home/uzygncr/pico/pico-sdk/src/rp2_common/hardware_sync_spin_lock/sync_spin_lock.c.obj
 .ARM.attributes
                0x000000000000017e       0x2c CMakeFiles/lcd_example.dir/home/uzygncr/pico/pico-sdk/src/rp2_common/hardware_irq/irq.c.obj
 .ARM.attributes
                0x00000000000001aa       0x22 CMakeFiles/lcd_example.dir/home/uzygncr/pico/pico-sdk/src/rp2_common/hardware_irq/irq_handler_chain.S.obj
 .ARM.attributes
                0x00000000000001cc       0x2c CMakeFiles/lcd_example.dir/home/uzygncr/pico/pico-sdk/src/common/pico_sync/lock_core.c.obj
 .ARM.attributes
                0x00000000000001f8       0x2c CMakeFiles/lcd_example.dir/home/uzygncr/pico/pico-sdk/src/common/pico_sync/mutex.c.obj
 .ARM.attributes
                0x0000000000000224       0x2c CMakeFiles/lcd_example.dir/home/uzygncr/pico/pico-sdk/src/common/pico_sync/critical_section.c.obj
 .ARM.attributes
                0x0000000000000250       0x2c CMakeFiles/lcd_example.dir/home/uzygncr/pico/pico-sdk/src/common/pico_time/time.c.obj
 .ARM.attributes
                0x000000000000027c       0x2c CMakeFiles/lcd_example.dir/home/uzygncr/pico/pico-sdk/src/rp2_common/hardware_timer/timer.c.obj
 .ARM.attributes
                0x00000000000002a8       0x2c CMakeFiles/lcd_example.dir/home/uzygncr/pico/pico-sdk/src/rp2_common/hardware_clocks/clocks.c.obj
 .ARM.attributes
                0x00000000000002d4       0x2c CMakeFiles/lcd_example.dir/home/uzygncr/pico/pico-sdk/src/rp2_common/hardware_pll/pll.c.obj
 .ARM.attributes
                0x0000000000000300       0x2c CMakeFiles/lcd_example.dir/home/uzygncr/pico/pico-sdk/src/rp2_common/hardware_watchdog/watchdog.c.obj
 .ARM.attributes
                0x000000000000032c       0x2c CMakeFiles/lcd_example.dir/home/uzygncr/pico/pico-sdk/src/rp2_common/hardware_ticks/ticks.c.obj
 .ARM.attributes