Archive member included to satisfy reference by file (symbol)

/usr/lib/gcc/arm-none-eabi/10.3.1/thumb/v6-m/nofp/libgcc.a(_dvmd_tls.o)
                              CMakeFiles/test.dir/home/uzygncr/pico/pico-sdk/src/rp2_common/pico_divider/divider_hardware.S.obj (__aeabi_idiv0)
/usr/lib/gcc/arm-none-eabi/10.3.1/../../../arm-none-eabi/lib/thumb/v6-m/nofp/libg.a(lib_a-atexit.o)
                              /usr/lib/gcc/arm-none-eabi/10.3.1/../../../arm-none-eabi/lib/thumb/v6-m/nofp/crt0.o (atexit)
/usr/lib/gcc/arm-none-eabi/10.3.1/../../../arm-none-eabi/lib/thumb/v6-m/nofp/libg.a(lib_a-atoi.o)
                              CMakeFiles/test.dir/home/uzygncr/pico/pico-sdk/lib/lwip/src/core/netif.c.obj (atoi)
/usr/lib/gcc/arm-none-eabi/10.3.1/../../../arm-none-eabi/lib/thumb/v6-m/nofp/libg.a(lib_a-calloc.o)
                              CMakeFiles/test.dir/home/uzygncr/pico/pico-sdk/src/rp2_common/pico_malloc/malloc.c.obj (calloc)
/usr/lib/gcc/arm-none-eabi/10.3.1/../../../arm-none-eabi/lib/thumb/v6-m/nofp/libg.a(lib_a-callocr.o)
                              /usr/lib/gcc/arm-none-eabi/10.3.1/../../../arm-none-eabi/lib/thumb/v6-m/nofp/libg.a(lib_a-calloc.o) (_calloc_r)
/usr/lib/gcc/arm-none-eabi/10.3.1/../../../arm-none-eabi/lib/thumb/v6-m/nofp/libg.a(lib_a-ctype_.o)
                              CMakeFiles/test.dir/home/uzygncr/pico/pico-sdk/lib/lwip/src/core/dns.c.obj (_ctype_)
/usr/lib/gcc/arm-none-eabi/10.3.1/../../../arm-none-eabi/lib/thumb/v6-m/nofp/libg.a(lib_a-fini.o)
                              /usr/lib/gcc/arm-none-eabi/10.3.1/../../../arm-none-eabi/lib/thumb/v6-m/nofp/crt0.o (__libc_fini_array)
/usr/lib/gcc/arm-none-eabi/10.3.1/../../../arm-none-eabi/lib/thumb/v6-m/nofp/libg.a(lib_a-impure.o)
                              /usr/lib/gcc/arm-none-eabi/10.3.1/../../../arm-none-eabi/lib/thumb/v6-m/nofp/libg.a(lib_a-calloc.o) (_impure_ptr)
/usr/lib/gcc/arm-none-eabi/10.3.1/../../../arm-none-eabi/lib/thumb/v6-m/nofp/libg.a(lib_a-init.o)
                              /usr/lib/gcc/arm-none-eabi/10.3.1/../../../arm-none-eabi/lib/thumb/v6-m/nofp/crt0.o (__libc_init_array)
/usr/lib/gcc/arm-none-eabi/10.3.1/../../../arm-none-eabi/lib/thumb/v6-m/nofp/libg.a(lib_a-lcltime_r.o)
                              CMakeFiles/test.dir/home/uzygncr/pico/pico-sdk/src/common/pico_util/datetime.c.obj (localtime_r)
/usr/lib/gcc/arm-none-eabi/10.3.1/../../../arm-none-eabi/lib/thumb/v6-m/nofp/libg.a(lib_a-malloc.o)
                              CMakeFiles/test.dir/home/uzygncr/pico/pico-sdk/src/rp2_common/pico_malloc/malloc.c.obj (malloc)
/usr/lib/gcc/arm-none-eabi/10.3.1/../../../arm-none-eabi/lib/thumb/v6-m/nofp/libg.a(lib_a-mallocr.o)
                              /usr/lib/gcc/arm-none-eabi/10.3.1/../../../arm-none-eabi/lib/thumb/v6-m/nofp/libg.a(lib_a-callocr.o) (_malloc_r)
/usr/lib/gcc/arm-none-eabi/10.3.1/../../../arm-none-eabi/lib/thumb/v6-m/nofp/libg.a(lib_a-memcmp.o)
                              CMakeFiles/test.dir/home/uzygncr/pico/pico-sdk/lib/lwip/src/netif/ethernet.c.obj (memcmp)
/usr/lib/gcc/arm-none-eabi/10.3.1/../../../arm-none-eabi/lib/thumb/v6-m/nofp/libg.a(lib_a-memmove.o)
                              CMakeFiles/test.dir/home/uzygncr/pico/pico-sdk/lib/lwip/src/core/def.c.obj (memmove)
/usr/lib/gcc/arm-none-eabi/10.3.1/../../../arm-none-eabi/lib/thumb/v6-m/nofp/libg.a(lib_a-mktime.o)
                              CMakeFiles/test.dir/home/uzygncr/pico/pico-sdk/src/common/pico_util/datetime.c.obj (mktime)
/usr/lib/gcc/arm-none-eabi/10.3.1/../../../arm-none-eabi/lib/thumb/v6-m/nofp/libg.a(lib_a-mlock.o)
                              /usr/lib/gcc/arm-none-eabi/10.3.1/../../../arm-none-eabi/lib/thumb/v6-m/nofp/libg.a(lib_a-mallocr.o) (__malloc_lock)
/usr/lib/gcc/arm-none-eabi/10.3.1/../../../arm-none-eabi/lib/thumb/v6-m/nofp/libg.a(lib_a-month_lengths.o)
                              /usr/lib/gcc/arm-none-eabi/10.3.1/../../../arm-none-eabi/lib/thumb/v6-m/nofp/libg.a(lib_a-lcltime_r.o) (__month_lengths)
/usr/lib/gcc/arm-none-eabi/10.3.1/../../../arm-none-eabi/lib/thumb/v6-m/nofp/libg.a(lib_a-realloc.o)
                              CMakeFiles/test.dir/home/uzygncr/pico/pico-sdk/src/rp2_common/pico_malloc/malloc.c.obj (realloc)
/usr/lib/gcc/arm-none-eabi/10.3.1/../../../arm-none-eabi/lib/thumb/v6-m/nofp/libg.a(lib_a-reallocr.o)
                              /usr/lib/gcc/arm-none-eabi/10.3.1/../../../arm-none-eabi/lib/thumb/v6-m/nofp/libg.a(lib_a-realloc.o) (_realloc_r)
/usr/lib/gcc/arm-none-eabi/10.3.1/../../../arm-none-eabi/lib/thumb/v6-m/nofp/libg.a(lib_a-sbrkr.o)
                              /usr/lib/gcc/arm-none-eabi/10.3.1/../../../arm-none-eabi/lib/thumb/v6-m/nofp/libg.a(lib_a-mallocr.o) (_sbrk_r)
/usr/lib/gcc/arm-none-eabi/10.3.1/../../../arm-none-eabi/lib/thumb/v6-m/nofp/libg.a(lib_a-strlen-stub.o)
                              CMakeFiles/test.dir/home/uzygncr/pico/pico-sdk/lib/lwip/src/core/def.c.obj (strlen)
[...]
Memory Configuration

Name             Origin             Length             Attributes
FLASH            0x0000000010000000 0x0000000000200000 xr
RAM              0x0000000020000000 0x0000000000040000 xrw
SCRATCH_X        0x0000000020040000 0x0000000000001000 xrw
SCRATCH_Y        0x0000000020041000 0x0000000000001000 xrw
*default*        0x0000000000000000 0xffffffffffffffff

Linker script and memory map

LOAD /usr/lib/gcc/arm-none-eabi/10.3.1/thumb/v6-m/nofp/crti.o
LOAD /usr/lib/gcc/arm-none-eabi/10.3.1/thumb/v6-m/nofp/crtbegin.o
LOAD /usr/lib/gcc/arm-none-eabi/10.3.1/../../../arm-none-eabi/lib/thumb/v6-m/nofp/crt0.o

.flash_begin    0x0000000010000000        0x0
                0x0000000010000000                __flash_binary_start = .

.boot2          0x0000000010000000      0x100
                0x0000000010000000                __boot2_start__ = .
 *(.boot2)
 .boot2         0x0000000010000000      0x100 /tmp/cck9koF2.o
                0x0000000010000100                __boot2_end__ = .
                0x0000000000000001                ASSERT (((__boot2_end__ - __boot2_start__) == 0x100), ERROR: Pico second stage bootloader must be 256 bytes in size)

.text           0x0000000010000100     0xd83c
                0x0000000010000100                __logical_binary_start = .
 *(.vectors)
 .vectors       0x0000000010000100       0xd4 CMakeFiles/test.dir/home/uzygncr/pico/pico-sdk/src/rp2_common/pico_crt0/crt0.S.obj
                0x0000000010000100                __vectors
                0x0000000010000100                __VECTOR_TABLE
                0x00000000100001c0                isr_invalid
                0x00000000100001c0                __default_isrs_start
                0x00000000100001c2                isr_nmi
                0x00000000100001c4                isr_hardfault
                0x00000000100001c6                isr_svcall
                0x00000000100001c8                isr_pendsv
                0x00000000100001ca                isr_systick
                0x00000000100001cc                isr_irq30
                0x00000000100001cc                __unhandled_user_irq
                0x00000000100001cc                isr_irq13
                0x00000000100001cc                isr_irq27
                0x00000000100001cc                isr_irq31
                0x00000000100001cc                isr_irq5
                0x00000000100001cc                isr_irq11
                0x00000000100001cc                isr_irq23
                0x00000000100001cc                isr_irq18
                0x00000000100001cc                isr_irq28
                0x00000000100001cc                isr_irq19
                0x00000000100001cc                isr_irq0
                0x00000000100001cc                isr_irq6
                0x00000000100001cc                isr_irq22
                0x00000000100001cc                isr_irq17
                0x00000000100001cc                isr_irq14
                0x00000000100001cc                isr_irq2
                0x00000000100001cc                isr_irq10
                0x00000000100001cc                isr_irq8
                0x00000000100001cc                isr_irq24
                0x00000000100001cc                isr_irq1
                0x00000000100001cc                isr_irq7
                0x00000000100001cc                isr_irq21
                0x00000000100001cc                isr_irq20
                0x00000000100001cc                isr_irq15
                0x00000000100001cc                isr_irq25
                0x00000000100001cc                isr_irq4
                0x00000000100001cc                isr_irq16
                0x00000000100001cc                isr_irq29
                0x00000000100001cc                isr_irq26
                0x00000000100001cc                __default_isrs_end
                0x00000000100001cc                isr_irq3
                0x00000000100001cc                isr_irq12
                0x00000000100001cc                isr_irq9
                0x00000000100001d2                unhandled_user_irq_num_in_r0
 *(.binary_info_header)
 .binary_info_header
                0x00000000100001d4       0x14 CMakeFiles/test.dir/home/uzygncr/pico/pico-sdk/src/rp2_common/pico_crt0/crt0.S.obj
                0x00000000100001e8                __binary_info_header_end = .
 *(.embedded_block)
                0x00000000100001e8                __embedded_block_end = .
 *(.reset)
 .reset         0x00000000100001e8       0x9c CMakeFiles/test.dir/home/uzygncr/pico/pico-sdk/src/rp2_common/pico_crt0/crt0.S.obj
                0x00000000100001e8                _entry_point
 *(.init)
 .init          0x0000000010000284        0x4 /usr/lib/gcc/arm-none-eabi/10.3.1/thumb/v6-m/nofp/crti.o
                0x0000000010000284                _init
 *(EXCLUDE_FILE(*libm.a: *libc.a:*lib_a-mem*.o *libgcc.a:) .text*)
 .text          0x0000000010000288       0x98 /usr/lib/gcc/arm-none-eabi/10.3.1/thumb/v6-m/nofp/crtbegin.o
 .text.startup.main
                0x0000000010000320       0x34 CMakeFiles/test.dir/w_blink.c.obj
                0x0000000010000320                main
 .text.lwip_timeout_reached
                0x0000000010000354        0x8 CMakeFiles/test.dir/home/uzygncr/pico/pico-sdk/src/rp2_common/pico_lwip/lwip_nosys.c.obj
 .text.update_next_timeout
                0x000000001000035c       0x6c CMakeFiles/test.dir/home/uzygncr/pico/pico-sdk/src/rp2_common/pico_lwip/lwip_nosys.c.obj
 .text.lwip_nosys_init
                0x00000000100003c8       0x30 CMakeFiles/test.dir/home/uzygncr/pico/pico-sdk/src/rp2_common/pico_lwip/lwip_nosys.c.obj
                0x00000000100003c8                lwip_nosys_init
 .text.lwip_nosys_deinit
                0x00000000100003f8       0x20 CMakeFiles/test.dir/home/uzygncr/pico/pico-sdk/src/rp2_common/pico_lwip/lwip_nosys.c.obj
                0x00000000100003f8                lwip_nosys_deinit
 .text.sys_arch_protect
                0x0000000010000418        0x4 CMakeFiles/test.dir/home/uzygncr/pico/pico-sdk/src/rp2_common/pico_lwip/lwip_nosys.c.obj
                0x0000000010000418                sys_arch_protect
 .text.sys_arch_unprotect
                0x000000001000041c        0x4 CMakeFiles/test.dir/home/uzygncr/pico/pico-sdk/src/rp2_common/pico_lwip/lwip_nosys.c.obj
                0x000000001000041c                sys_arch_unprotect
 .text.sys_now  0x0000000010000420       0x20 CMakeFiles/test.dir/home/uzygncr/pico/pico-sdk/src/rp2_common/pico_lwip/lwip_nosys.c.obj
                0x0000000010000420                sys_now
 .text.async_context_base_add_at_time_worker
                0x0000000010000440       0x28 CMakeFiles/test.dir/home/uzygncr/pico/pico-sdk/src/rp2_common/pico_async_context/async_context_base.c.obj
                0x0000000010000440                async_context_base_add_at_time_worker
 .text.async_context_base_remove_at_time_worker
                0x0000000010000468       0x28 CMakeFiles/test.dir/home/uzygncr/pico/pico-sdk/src/rp2_common/pico_async_context/async_context_base.c.obj
                0x0000000010000468                async_context_base_remove_at_time_worker
 .text.async_context_base_add_when_pending_worker
                0x0000000010000490       0x24 CMakeFiles/test.dir/home/uzygncr/pico/pico-sdk/src/rp2_common/pico_async_context/async_context_base.c.obj
                0x0000000010000490                async_context_base_add_when_pending_worker
 .text.async_context_base_remove_when_pending_worker
                0x00000000100004b4       0x28 CMakeFiles/test.dir/home/uzygncr/pico/pico-sdk/src/rp2_common/pico_async_context/async_context_base.c.obj
                0x00000000100004b4                async_context_base_remove_when_pending_worker
 .text.async_context_base_execute_once
                0x00000000100004dc       0xe8 CMakeFiles/test.dir/home/uzygncr/pico/pico-sdk/src/rp2_common/pico_async_context/async_context_base.c.obj
                0x00000000100004dc                async_context_base_execute_once
 .text.panic    0x00000000100005c4       0x30 CMakeFiles/test.dir/home/uzygncr/pico/pico-sdk/src/rp2_common/pico_platform_panic/panic.c.obj
                0x00000000100005c4                panic
 .text.splitmix64
                0x00000000100005f4       0x5c CMakeFiles/test.dir/home/uzygncr/pico/pico-sdk/src/rp2_common/pico_rand/rand.c.obj
 .text.xoroshiro128ss
                0x0000000010000650       0x90 CMakeFiles/test.dir/home/uzygncr/pico/pico-sdk/src/rp2_common/pico_rand/rand.c.obj
 .text.get_rand_64
                0x00000000100006e0      0x418 CMakeFiles/test.dir/home/uzygncr/pico/pico-sdk/src/rp2_common/pico_rand/rand.c.obj
                0x00000000100006e0                get_rand_64
 .text.get_rand_32
                0x0000000010000af8        0x8 CMakeFiles/test.dir/home/uzygncr/pico/pico-sdk/src/rp2_common/pico_rand/rand.c.obj
                0x0000000010000af8                get_rand_32
 .text.startup._retrieve_unique_id_on_boot
                0x0000000010000b00       0x10 CMakeFiles/test.dir/home/uzygncr/pico/pico-sdk/src/rp2_common/pico_unique_id/unique_id.c.obj
 .text.pico_get_unique_board_id
                0x0000000010000b10       0x10 CMakeFiles/test.dir/home/uzygncr/pico/pico-sdk/src/rp2_common/pico_unique_id/unique_id.c.obj
                0x0000000010000b10                pico_get_unique_board_id
 .text.flash_get_unique_id
                0x0000000010000b20       0x40 CMakeFiles/test.dir/home/uzygncr/pico/pico-sdk/src/rp2_common/hardware_flash/flash.c.obj
                0x0000000010000b20                flash_get_unique_id
 .text.hw_claim_lock
                0x0000000010000b60       0x18 CMakeFiles/test.dir/home/uzygncr/pico/pico-sdk/src/common/hardware_claim/claim.c.obj
                0x0000000010000b60                hw_claim_lock
 .text.hw_claim_unlock
                0x0000000010000b78       0x14 CMakeFiles/test.dir/home/uzygncr/pico/pico-sdk/src/common/hardware_claim/claim.c.obj
                0x0000000010000b78                hw_claim_unlock
 .text.hw_claim_or_assert
                0x0000000010000b8c       0x44 CMakeFiles/test.dir/home/uzygncr/pico/pico-sdk/src/common/hardware_claim/claim.c.obj
                0x0000000010000b8c                hw_claim_or_assert
 .text.hw_claim_unused_from_range
                0x0000000010000bd0       0x9c CMakeFiles/test.dir/home/uzygncr/pico/pico-sdk/src/common/hardware_claim/claim.c.obj
                0x0000000010000bd0                hw_claim_unused_from_range
 .text.hw_claim_clear
                0x0000000010000c6c       0x38 CMakeFiles/test.dir/home/uzygncr/pico/pico-sdk/src/common/hardware_claim/claim.c.obj
                0x0000000010000c6c                hw_claim_clear
 .text.next_striped_spin_lock_num
                0x0000000010000ca4       0x18 CMakeFiles/test.dir/home/uzygncr/pico/pico-sdk/src/rp2_common/hardware_sync/sync.c.obj
                0x0000000010000ca4                next_striped_spin_lock_num
 .text.spin_locks_reset
                0x0000000010000cbc       0x1c CMakeFiles/test.dir/home/uzygncr/pico/pico-sdk/src/rp2_common/hardware_sync_spin_lock/sync_spin_lock.c.obj
                0x0000000010000cbc                spin_locks_reset
 .text.rom_func_lookup
                0x0000000010000cd8       0x10 CMakeFiles/test.dir/home/uzygncr/pico/pico-sdk/src/rp2_common/pico_bootrom/bootrom.c.obj
                0x0000000010000cd8                rom_func_lookup
 .text.rom_data_lookup
                0x0000000010000ce8       0x10 CMakeFiles/test.dir/home/uzygncr/pico/pico-sdk/src/rp2_common/pico_bootrom/bootrom.c.obj
                0x0000000010000ce8                rom_data_lookup
 .text.rom_funcs_lookup
                0x0000000010000cf8       0x44 CMakeFiles/test.dir/home/uzygncr/pico/pico-sdk/src/rp2_common/pico_bootrom/bootrom.c.obj
                0x0000000010000cf8                rom_funcs_lookup
 .text.clock_configure_int_divider
                0x0000000010000d3c       0xf4 CMakeFiles/test.dir/home/uzygncr/pico/pico-sdk/src/rp2_common/hardware_clocks/clocks.c.obj
                0x0000000010000d3c                clock_configure_int_divider
 .text.clock_configure_undivided
                0x0000000010000e30       0xe8 CMakeFiles/test.dir/home/uzygncr/pico/pico-sdk/src/rp2_common/hardware_clocks/clocks.c.obj
                0x0000000010000e30                clock_configure_undivided
 .text.clock_get_hz
                0x0000000010000f18        0xc CMakeFiles/test.dir/home/uzygncr/pico/pico-sdk/src/rp2_common/hardware_clocks/clocks.c.obj
                0x0000000010000f18                clock_get_hz
 .text.gpio_set_function
                0x0000000010000f24       0x34 CMakeFiles/test.dir/home/uzygncr/pico/pico-sdk/src/rp2_common/hardware_gpio/gpio.c.obj
                0x0000000010000f24                gpio_set_function
 .text.gpio_set_pulls
                0x0000000010000f58       0x34 CMakeFiles/test.dir/home/uzygncr/pico/pico-sdk/src/rp2_common/hardware_gpio/gpio.c.obj
                0x0000000010000f58                gpio_set_pulls
 .text.gpio_set_input_hysteresis_enabled
                0x0000000010000f8c       0x28 CMakeFiles/test.dir/home/uzygncr/pico/pico-sdk/src/rp2_common/hardware_gpio/gpio.c.obj
                0x0000000010000f8c                gpio_set_input_hysteresis_enabled
 .text.gpio_set_irq_enabled
                0x0000000010000fb4       0x58 CMakeFiles/test.dir/home/uzygncr/pico/pico-sdk/src/rp2_common/hardware_gpio/gpio.c.obj
                0x0000000010000fb4                gpio_set_irq_enabled
 .text.gpio_add_raw_irq_handler_with_order_priority_masked
                0x000000001000100c       0x44 CMakeFiles/test.dir/home/uzygncr/pico/pico-sdk/src/rp2_common/hardware_gpio/gpio.c.obj
                0x000000001000100c                gpio_add_raw_irq_handler_with_order_priority_masked
 .text.gpio_remove_raw_irq_handler_masked
                0x0000000010001050       0x20 CMakeFiles/test.dir/home/uzygncr/pico/pico-sdk/src/rp2_common/hardware_gpio/gpio.c.obj
                0x0000000010001050                gpio_remove_raw_irq_handler_masked
 .text.gpio_init
                0x0000000010001070       0x40 CMakeFiles/test.dir/home/uzygncr/pico/pico-sdk/src/rp2_common/hardware_gpio/gpio.c.obj
                0x0000000010001070                gpio_init
 .text.runtime_init_per_core_irq_priorities
                0x00000000100010b0       0x24 CMakeFiles/test.dir/home/uzygncr/pico/pico-sdk/src/rp2_common/hardware_irq/irq.c.obj
                0x00000000100010b0                runtime_init_per_core_irq_priorities
 .text.irq_set_enabled
                0x00000000100010d4       0x24 CMakeFiles/test.dir/home/uzygncr/pico/pico-sdk/src/rp2_common/hardware_irq/irq.c.obj
                0x00000000100010d4                irq_set_enabled
 .text.irq_set_pending
                0x00000000100010f8       0x10 CMakeFiles/test.dir/home/uzygncr/pico/pico-sdk/src/rp2_common/hardware_irq/irq.c.obj
                0x00000000100010f8                irq_set_pending
 .text.irq_set_exclusive_handler
                0x0000000010001108       0x54 CMakeFiles/test.dir/home/uzygncr/pico/pico-sdk/src/rp2_common/hardware_irq/irq.c.obj
                0x0000000010001108                irq_set_exclusive_handler
 .text.irq_add_shared_handler
                0x000000001000115c      0x1e8 CMakeFiles/test.dir/home/uzygncr/pico/pico-sdk/src/rp2_common/hardware_irq/irq.c.obj
                0x000000001000115c                irq_add_shared_handler
 .text.irq_remove_handler
                0x0000000010001344      0x1c4 CMakeFiles/test.dir/home/uzygncr/pico/pico-sdk/src/rp2_common/hardware_irq/irq.c.obj
                0x0000000010001344                irq_remove_handler
 .text.irq_set_priority
                0x0000000010001508       0x28 CMakeFiles/test.dir/home/uzygncr/pico/pico-sdk/src/rp2_common/hardware_irq/irq.c.obj
                0x0000000010001508                irq_set_priority
 .text.irq_add_tail_to_free_list
                0x0000000010001530       0xb4 CMakeFiles/test.dir/home/uzygncr/pico/pico-sdk/src/rp2_common/hardware_irq/irq.c.obj
                0x0000000010001530                irq_add_tail_to_free_list
 .text.user_irq_unclaim
                0x00000000100015e4       0x14 CMakeFiles/test.dir/home/uzygncr/pico/pico-sdk/src/rp2_common/hardware_irq/irq.c.obj
                0x00000000100015e4                user_irq_unclaim
 .text.user_irq_claim_unused
                0x00000000100015f8       0x28 CMakeFiles/test.dir/home/uzygncr/pico/pico-sdk/src/rp2_common/hardware_irq/irq.c.obj
                0x00000000100015f8                user_irq_claim_unused
 .text.sem_init
                0x0000000010001620       0x20 CMakeFiles/test.dir/home/uzygncr/pico/pico-sdk/src/common/pico_sync/sem.c.obj
                0x0000000010001620                sem_init
 .text.lock_init
                0x0000000010001640       0x10 CMakeFiles/test.dir/home/uzygncr/pico/pico-sdk/src/common/pico_sync/lock_core.c.obj
                0x0000000010001640                lock_init
 .text.runtime_init_mutex
                0x0000000010001650       0x58 CMakeFiles/test.dir/home/uzygncr/pico/pico-sdk/src/common/pico_sync/mutex.c.obj
                0x0000000010001650                runtime_init_mutex
 .text.recursive_mutex_init
                0x00000000100016a8       0x1c CMakeFiles/test.dir/home/uzygncr/pico/pico-sdk/src/common/pico_sync/mutex.c.obj
                0x00000000100016a8                recursive_mutex_init
 .text.sleep_until_callback
                0x00000000100016c4       0x30 CMakeFiles/test.dir/home/uzygncr/pico/pico-sdk/src/common/pico_time/time.c.obj
 .text.alarm_pool_irq_handler
                0x00000000100016f4      0x2e4 CMakeFiles/test.dir/home/uzygncr/pico/pico-sdk/src/common/pico_time/time.c.obj
 .text.runtime_init_default_alarm_pool
                0x00000000100019d8       0xdc CMakeFiles/test.dir/home/uzygncr/pico/pico-sdk/src/common/pico_time/time.c.obj
                0x00000000100019d8                runtime_init_default_alarm_pool
 .text.alarm_pool_get_default
                0x0000000010001ab4        0x8 CMakeFiles/test.dir/home/uzygncr/pico/pico-sdk/src/common/pico_time/time.c.obj
                0x0000000010001ab4                alarm_pool_get_default
 .text.alarm_pool_add_alarm_at
                0x0000000010001abc       0xc8 CMakeFiles/test.dir/home/uzygncr/pico/pico-sdk/src/common/pico_time/time.c.obj
                0x0000000010001abc                alarm_pool_add_alarm_at
 .text.alarm_pool_add_alarm_at_force_in_context
                0x0000000010001b84       0xb0 CMakeFiles/test.dir/home/uzygncr/pico/pico-sdk/src/common/pico_time/time.c.obj
                0x0000000010001b84                alarm_pool_add_alarm_at_force_in_context
 .text.alarm_pool_cancel_alarm
                0x0000000010001c34       0x7c CMakeFiles/test.dir/home/uzygncr/pico/pico-sdk/src/common/pico_time/time.c.obj
                0x0000000010001c34                alarm_pool_cancel_alarm
 .text.sleep_until
                0x0000000010001cb0       0xd0 CMakeFiles/test.dir/home/uzygncr/pico/pico-sdk/src/common/pico_time/time.c.obj
                0x0000000010001cb0                sleep_until
 .text.sleep_ms
                0x0000000010001d80       0x34 CMakeFiles/test.dir/home/uzygncr/pico/pico-sdk/src/common/pico_time/time.c.obj
                0x0000000010001d80                sleep_ms
 .text.best_effort_wfe_or_timeout
                0x0000000010001db4      0x11c CMakeFiles/test.dir/home/uzygncr/pico/pico-sdk/src/common/pico_time/time.c.obj
                0x0000000010001db4                best_effort_wfe_or_timeout
 .text.timer_hardware_alarm_claim
                0x0000000010001ed0       0x14 CMakeFiles/test.dir/home/uzygncr/pico/pico-sdk/src/rp2_common/hardware_timer/timer.c.obj
                0x0000000010001ed0                timer_hardware_alarm_claim
 .text.timer_time_us_64
                0x0000000010001ee4       0x10 CMakeFiles/test.dir/home/uzygncr/pico/pico-sdk/src/rp2_common/hardware_timer/timer.c.obj
                0x0000000010001ee4                timer_time_us_64
 .text.time_us_64
                0x0000000010001ef4       0x14 CMakeFiles/test.dir/home/uzygncr/pico/pico-sdk/src/rp2_common/hardware_timer/timer.c.obj
                0x0000000010001ef4                time_us_64
 .text.busy_wait_us
                0x0000000010001f08       0x54 CMakeFiles/test.dir/home/uzygncr/pico/pico-sdk/src/rp2_common/hardware_timer/timer.c.obj
                0x0000000010001f08                busy_wait_us
 .text.busy_wait_until
                0x0000000010001f5c       0x20 CMakeFiles/test.dir/home/uzygncr/pico/pico-sdk/src/rp2_common/hardware_timer/timer.c.obj
                0x0000000010001f5c                busy_wait_until
 .text.pll_init
                0x0000000010001f7c       0xa0 CMakeFiles/test.dir/home/uzygncr/pico/pico-sdk/src/rp2_common/hardware_pll/pll.c.obj
                0x0000000010001f7c                pll_init
 .text.tick_start
                0x000000001000201c       0x10 CMakeFiles/test.dir/home/uzygncr/pico/pico-sdk/src/rp2_common/hardware_ticks/ticks.c.obj
                0x000000001000201c                tick_start
 .text.xosc_init
                0x000000001000202c       0x28 CMakeFiles/test.dir/home/uzygncr/pico/pico-sdk/src/rp2_common/hardware_xosc/xosc.c.obj
                0x000000001000202c                xosc_init
 .text.lwip_init
                0x0000000010002054       0x24 CMakeFiles/test.dir/home/uzygncr/pico/pico-sdk/lib/lwip/src/core/init.c.obj
                0x0000000010002054                lwip_init
 .text.lwip_htons
                0x0000000010002078        0x8 CMakeFiles/test.dir/home/uzygncr/pico/pico-sdk/lib/lwip/src/core/def.c.obj
                0x0000000010002078                lwip_htons
 .text.lwip_htonl
                0x0000000010002080        0x4 CMakeFiles/test.dir/home/uzygncr/pico/pico-sdk/lib/lwip/src/core/def.c.obj
                0x0000000010002080                lwip_htonl
 .text.dns_call_found
                0x0000000010002084      0x134 CMakeFiles/test.dir/home/uzygncr/pico/pico-sdk/lib/lwip/src/core/dns.c.obj
 .text.dns_send.isra.0
                0x00000000100021b8      0x168 CMakeFiles/test.dir/home/uzygncr/pico/pico-sdk/lib/lwip/src/core/dns.c.obj
 .text.dns_init
                0x0000000010002320        0x4 CMakeFiles/test.dir/home/uzygncr/pico/pico-sdk/lib/lwip/src/core/dns.c.obj
                0x0000000010002320                dns_init
 .text.dns_setserver
                0x0000000010002324       0x2c CMakeFiles/test.dir/home/uzygncr/pico/pico-sdk/lib/lwip/src/core/dns.c.obj
                0x0000000010002324                dns_setserver
 .text.dns_tmr  0x0000000010002350      0x138 CMakeFiles/test.dir/home/uzygncr/pico/pico-sdk/lib/lwip/src/core/dns.c.obj
                0x0000000010002350                dns_tmr
 .text.lwip_standard_chksum
                0x0000000010002488       0xd8 CMakeFiles/test.dir/home/uzygncr/pico/pico-sdk/lib/lwip/src/core/inet_chksum.c.obj
                0x0000000010002488                lwip_standard_chksum
 .text.inet_chksum_pseudo
                0x0000000010002560       0xb4 CMakeFiles/test.dir/home/uzygncr/pico/pico-sdk/lib/lwip/src/core/inet_chksum.c.obj
                0x0000000010002560                inet_chksum_pseudo
 .text.ip_chksum_pseudo
                0x0000000010002614       0x10 CMakeFiles/test.dir/home/uzygncr/pico/pico-sdk/lib/lwip/src/core/inet_chksum.c.obj
                0x0000000010002614                ip_chksum_pseudo
 .text.inet_chksum
                0x0000000010002624        0xc CMakeFiles/test.dir/home/uzygncr/pico/pico-sdk/lib/lwip/src/core/inet_chksum.c.obj
                0x0000000010002624                inet_chksum
 .text.mem_init
                0x0000000010002630       0x40 CMakeFiles/test.dir/home/uzygncr/pico/pico-sdk/lib/lwip/src/core/mem.c.obj
                0x0000000010002630                mem_init
 .text.mem_free
                0x0000000010002670      0x11c CMakeFiles/test.dir/home/uzygncr/pico/pico-sdk/lib/lwip/src/core/mem.c.obj
                0x0000000010002670                mem_free
 .text.mem_trim
                0x000000001000278c      0x110 CMakeFiles/test.dir/home/uzygncr/pico/pico-sdk/lib/lwip/src/core/mem.c.obj
                0x000000001000278c                mem_trim
 .text.mem_malloc
                0x000000001000289c      0x120 CMakeFiles/test.dir/home/uzygncr/pico/pico-sdk/lib/lwip/src/core/mem.c.obj
                0x000000001000289c                mem_malloc
 .text.memp_init
                0x00000000100029bc       0x6c CMakeFiles/test.dir/home/uzygncr/pico/pico-sdk/lib/lwip/src/core/memp.c.obj
                0x00000000100029bc                memp_init
 .text.memp_malloc
                0x0000000010002a28       0x3c CMakeFiles/test.dir/home/uzygncr/pico/pico-sdk/lib/lwip/src/core/memp.c.obj
                0x0000000010002a28                memp_malloc
 .text.memp_free
                0x0000000010002a64       0x38 CMakeFiles/test.dir/home/uzygncr/pico/pico-sdk/lib/lwip/src/core/memp.c.obj
                0x0000000010002a64                memp_free
 .text.netif_do_set_ipaddr.isra.0
                0x0000000010002a9c       0x70 CMakeFiles/test.dir/home/uzygncr/pico/pico-sdk/lib/lwip/src/core/netif.c.obj
 .text.netif_init
                0x0000000010002b0c        0x4 CMakeFiles/test.dir/home/uzygncr/pico/pico-sdk/lib/lwip/src/core/netif.c.obj
                0x0000000010002b0c                netif_init
 .text.netif_set_addr
                0x0000000010002b10       0xb8 CMakeFiles/test.dir/home/uzygncr/pico/pico-sdk/lib/lwip/src/core/netif.c.obj
                0x0000000010002b10                netif_set_addr
 .text.netif_remove
                0x0000000010002bc8       0x94 CMakeFiles/test.dir/home/uzygncr/pico/pico-sdk/lib/lwip/src/core/netif.c.obj
                0x0000000010002bc8                netif_remove
 .text.netif_set_link_up
                0x0000000010002c5c       0x44 CMakeFiles/test.dir/home/uzygncr/pico/pico-sdk/lib/lwip/src/core/netif.c.obj
                0x0000000010002c5c                netif_set_link_up
 .text.netif_set_link_down
                0x0000000010002ca0       0x20 CMakeFiles/test.dir/home/uzygncr/pico/pico-sdk/lib/lwip/src/core/netif.c.obj
                0x0000000010002ca0                netif_set_link_down
 .text.netif_get_by_index
                0x0000000010002cc0       0x2c CMakeFiles/test.dir/home/uzygncr/pico/pico-sdk/lib/lwip/src/core/netif.c.obj
                0x0000000010002cc0                netif_get_by_index
 .text.pbuf_free.part.0
                0x0000000010002cec       0x7c CMakeFiles/test.dir/home/uzygncr/pico/pico-sdk/lib/lwip/src/core/pbuf.c.obj
 .text.pbuf_free_ooseq
                0x0000000010002d68       0x34 CMakeFiles/test.dir/home/uzygncr/pico/pico-sdk/lib/lwip/src/core/pbuf.c.obj
                0x0000000010002d68                pbuf_free_ooseq
 .text.pbuf_alloc
                0x0000000010002d9c      0x130 CMakeFiles/test.dir/home/uzygncr/pico/pico-sdk/lib/lwip/src/core/pbuf.c.obj
                0x0000000010002d9c                pbuf_alloc
 .text.pbuf_realloc
                0x0000000010002ecc       0x88 CMakeFiles/test.dir/home/uzygncr/pico/pico-sdk/lib/lwip/src/core/pbuf.c.obj
                0x0000000010002ecc                pbuf_realloc
 .text.pbuf_add_header
                0x0000000010002f54       0x54 CMakeFiles/test.dir/home/uzygncr/pico/pico-sdk/lib/lwip/src/core/pbuf.c.obj
                0x0000000010002f54                pbuf_add_header
 .text.pbuf_free
                0x0000000010002fa8       0x18 CMakeFiles/test.dir/home/uzygncr/pico/pico-sdk/lib/lwip/src/core/pbuf.c.obj
                0x0000000010002fa8                pbuf_free
 .text.pbuf_clen
                0x0000000010002fc0       0x14 CMakeFiles/test.dir/home/uzygncr/pico/pico-sdk/lib/lwip/src/core/pbuf.c.obj
                0x0000000010002fc0                pbuf_clen
 .text.pbuf_chain
                0x0000000010002fd4       0x64 CMakeFiles/test.dir/home/uzygncr/pico/pico-sdk/lib/lwip/src/core/pbuf.c.obj
                0x0000000010002fd4                pbuf_chain
 .text.pbuf_copy_partial_pbuf
                0x0000000010003038      0x13c CMakeFiles/test.dir/home/uzygncr/pico/pico-sdk/lib/lwip/src/core/pbuf.c.obj
                0x0000000010003038                pbuf_copy_partial_pbuf
 .text.pbuf_copy_partial
                0x0000000010003174       0x70 CMakeFiles/test.dir/home/uzygncr/pico/pico-sdk/lib/lwip/src/core/pbuf.c.obj
                0x0000000010003174                pbuf_copy_partial
 .text.pbuf_take
                0x00000000100031e4       0x78 CMakeFiles/test.dir/home/uzygncr/pico/pico-sdk/lib/lwip/src/core/pbuf.c.obj
                0x00000000100031e4                pbuf_take
 .text.pbuf_take_at
                0x000000001000325c       0xc0 CMakeFiles/test.dir/home/uzygncr/pico/pico-sdk/lib/lwip/src/core/pbuf.c.obj
                0x000000001000325c                pbuf_take_at
 .text.pbuf_put_at
                0x000000001000331c       0x1c CMakeFiles/test.dir/home/uzygncr/pico/pico-sdk/lib/lwip/src/core/pbuf.c.obj
                0x000000001000331c                pbuf_put_at
 .text.raw_netif_ip_addr_changed
                0x0000000010003338       0x40 CMakeFiles/test.dir/home/uzygncr/pico/pico-sdk/lib/lwip/src/core/raw.c.obj
                0x0000000010003338                raw_netif_ip_addr_changed
 .text.stats_init
                0x0000000010003378        0x4 CMakeFiles/test.dir/home/uzygncr/pico/pico-sdk/lib/lwip/src/core/stats.c.obj
                0x0000000010003378                stats_init
 .text.tcp_close_shutdown_fin
                0x000000001000337c       0x58 CMakeFiles/test.dir/home/uzygncr/pico/pico-sdk/lib/lwip/src/core/tcp.c.obj
 .text.tcp_pcb_purge.part.0
                0x00000000100033d4       0xc4 CMakeFiles/test.dir/home/uzygncr/pico/pico-sdk/lib/lwip/src/core/tcp.c.obj
 .text.tcp_init
                0x0000000010003498       0x20 CMakeFiles/test.dir/home/uzygncr/pico/pico-sdk/lib/lwip/src/core/tcp.c.obj
                0x0000000010003498                tcp_init
 .text.tcp_recved
                0x00000000100034b8       0x98 CMakeFiles/test.dir/home/uzygncr/pico/pico-sdk/lib/lwip/src/core/tcp.c.obj
                0x00000000100034b8                tcp_recved
 .text.tcp_slowtmr
                0x0000000010003550      0x4dc CMakeFiles/test.dir/home/uzygncr/pico/pico-sdk/lib/lwip/src/core/tcp.c.obj
                0x0000000010003550                tcp_slowtmr
 .text.tcp_seg_free
                0x0000000010003a2c       0x1c CMakeFiles/test.dir/home/uzygncr/pico/pico-sdk/lib/lwip/src/core/tcp.c.obj
                0x0000000010003a2c                tcp_seg_free
 .text.tcp_pcb_remove
                0x0000000010003a48       0xc8 CMakeFiles/test.dir/home/uzygncr/pico/pico-sdk/lib/lwip/src/core/tcp.c.obj
                0x0000000010003a48                tcp_pcb_remove
 .text.tcp_abandon
                0x0000000010003b10      0x1ac CMakeFiles/test.dir/home/uzygncr/pico/pico-sdk/lib/lwip/src/core/tcp.c.obj
                0x0000000010003b10                tcp_abandon
 .text.tcp_process_refused_data
                0x0000000010003cbc       0x78 CMakeFiles/test.dir/home/uzygncr/pico/pico-sdk/lib/lwip/src/core/tcp.c.obj
                0x0000000010003cbc                tcp_process_refused_data
 .text.tcp_fasttmr
                0x0000000010003d34       0x98 CMakeFiles/test.dir/home/uzygncr/pico/pico-sdk/lib/lwip/src/core/tcp.c.obj
                0x0000000010003d34                tcp_fasttmr
 .text.tcp_tmr  0x0000000010003dcc       0x20 CMakeFiles/test.dir/home/uzygncr/pico/pico-sdk/lib/lwip/src/core/tcp.c.obj
                0x0000000010003dcc                tcp_tmr
 .text.tcp_eff_send_mss_netif
                0x0000000010003dec       0x38 CMakeFiles/test.dir/home/uzygncr/pico/pico-sdk/lib/lwip/src/core/tcp.c.obj
                0x0000000010003dec                tcp_eff_send_mss_netif
 .text.tcp_netif_ip_addr_changed
                0x0000000010003e24       0x9c CMakeFiles/test.dir/home/uzygncr/pico/pico-sdk/lib/lwip/src/core/tcp.c.obj
                0x0000000010003e24                tcp_netif_ip_addr_changed
 .text.tcp_free_ooseq
                0x0000000010003ec0       0x40 CMakeFiles/test.dir/home/uzygncr/pico/pico-sdk/lib/lwip/src/core/tcp.c.obj
                0x0000000010003ec0                tcp_free_ooseq
 .text.tcp_create_segment
                0x0000000010003f00       0xf8 CMakeFiles/test.dir/home/uzygncr/pico/pico-sdk/lib/lwip/src/core/tcp_out.c.obj
 .text.tcp_output_control_segment
                0x0000000010003ff8       0xc0 CMakeFiles/test.dir/home/uzygncr/pico/pico-sdk/lib/lwip/src/core/tcp_out.c.obj
 .text.tcp_output_alloc_header.constprop.0
                0x00000000100040b8       0xcc CMakeFiles/test.dir/home/uzygncr/pico/pico-sdk/lib/lwip/src/core/tcp_out.c.obj
 .text.tcp_split_unsent_seg
                0x0000000010004184      0x1c4 CMakeFiles/test.dir/home/uzygncr/pico/pico-sdk/lib/lwip/src/core/tcp_out.c.obj
                0x0000000010004184                tcp_split_unsent_seg
 .text.tcp_send_fin
                0x0000000010004348      0x12c CMakeFiles/test.dir/home/uzygncr/pico/pico-sdk/lib/lwip/src/core/tcp_out.c.obj
                0x0000000010004348                tcp_send_fin
 .text.tcp_rexmit_rto_prepare
                0x0000000010004474       0x9c CMakeFiles/test.dir/home/uzygncr/pico/pico-sdk/lib/lwip/src/core/tcp_out.c.obj
                0x0000000010004474                tcp_rexmit_rto_prepare
 .text.tcp_rst  0x0000000010004510       0xe8 CMakeFiles/test.dir/home/uzygncr/pico/pico-sdk/lib/lwip/src/core/tcp_out.c.obj
                0x0000000010004510                tcp_rst
 .text.tcp_send_empty_ack
                0x00000000100045f8       0x54 CMakeFiles/test.dir/home/uzygncr/pico/pico-sdk/lib/lwip/src/core/tcp_out.c.obj
                0x00000000100045f8                tcp_send_empty_ack
 .text.tcp_output
                0x000000001000464c      0x46c CMakeFiles/test.dir/home/uzygncr/pico/pico-sdk/lib/lwip/src/core/tcp_out.c.obj
                0x000000001000464c                tcp_output
 .text.tcp_rexmit_rto_commit
                0x0000000010004ab8       0x24 CMakeFiles/test.dir/home/uzygncr/pico/pico-sdk/lib/lwip/src/core/tcp_out.c.obj
                0x0000000010004ab8                tcp_rexmit_rto_commit
 .text.tcp_keepalive
                0x0000000010004adc       0xe0 CMakeFiles/test.dir/home/uzygncr/pico/pico-sdk/lib/lwip/src/core/tcp_out.c.obj
                0x0000000010004adc                tcp_keepalive
 .text.tcp_zero_window_probe
                0x0000000010004bbc      0x108 CMakeFiles/test.dir/home/uzygncr/pico/pico-sdk/lib/lwip/src/core/tcp_out.c.obj
                0x0000000010004bbc                tcp_zero_window_probe
 .text.sys_timeout_abs
                0x0000000010004cc4       0x48 CMakeFiles/test.dir/home/uzygncr/pico/pico-sdk/lib/lwip/src/core/timeouts.c.obj
 .text.lwip_cyclic_timer
                0x0000000010004d0c       0x38 CMakeFiles/test.dir/home/uzygncr/pico/pico-sdk/lib/lwip/src/core/timeouts.c.obj
 .text.sys_timeouts_init
                0x0000000010004d44       0x90 CMakeFiles/test.dir/home/uzygncr/pico/pico-sdk/lib/lwip/src/core/timeouts.c.obj
                0x0000000010004d44                sys_timeouts_init
 .text.sys_check_timeouts
                0x0000000010004dd4       0x68 CMakeFiles/test.dir/home/uzygncr/pico/pico-sdk/lib/lwip/src/core/timeouts.c.obj
                0x0000000010004dd4                sys_check_timeouts
 .text.sys_timeouts_sleeptime
                0x0000000010004e3c       0x28 CMakeFiles/test.dir/home/uzygncr/pico/pico-sdk/lib/lwip/src/core/timeouts.c.obj
                0x0000000010004e3c                sys_timeouts_sleeptime
 .text.udp_init
                0x0000000010004e64       0x20 CMakeFiles/test.dir/home/uzygncr/pico/pico-sdk/lib/lwip/src/core/udp.c.obj
                0x0000000010004e64                udp_init
 .text.udp_bind
                0x0000000010004e84      0x10c CMakeFiles/test.dir/home/uzygncr/pico/pico-sdk/lib/lwip/src/core/udp.c.obj
                0x0000000010004e84                udp_bind
 .text.udp_sendto_if_src
                0x0000000010004f90      0x130 CMakeFiles/test.dir/home/uzygncr/pico/pico-sdk/lib/lwip/src/core/udp.c.obj
                0x0000000010004f90                udp_sendto_if_src
 .text.udp_sendto_if
                0x00000000100050c0       0x48 CMakeFiles/test.dir/home/uzygncr/pico/pico-sdk/lib/lwip/src/core/udp.c.obj
                0x00000000100050c0                udp_sendto_if
 .text.udp_sendto
                0x0000000010005108       0x7c CMakeFiles/test.dir/home/uzygncr/pico/pico-sdk/lib/lwip/src/core/udp.c.obj
                0x0000000010005108                udp_sendto
 .text.udp_connect
                0x0000000010005184       0x64 CMakeFiles/test.dir/home/uzygncr/pico/pico-sdk/lib/lwip/src/core/udp.c.obj
                0x0000000010005184                udp_connect
 .text.udp_recv
                0x00000000100051e8        0xc CMakeFiles/test.dir/home/uzygncr/pico/pico-sdk/lib/lwip/src/core/udp.c.obj
                0x00000000100051e8                udp_recv
 .text.udp_remove
                0x00000000100051f4       0x3c CMakeFiles/test.dir/home/uzygncr/pico/pico-sdk/lib/lwip/src/core/udp.c.obj
                0x00000000100051f4                udp_remove
 .text.udp_new  0x0000000010005230       0x1c CMakeFiles/test.dir/home/uzygncr/pico/pico-sdk/lib/lwip/src/core/udp.c.obj
                0x0000000010005230                udp_new
 .text.udp_netif_ip_addr_changed
                0x000000001000524c       0x40 CMakeFiles/test.dir/home/uzygncr/pico/pico-sdk/lib/lwip/src/core/udp.c.obj
                0x000000001000524c                udp_netif_ip_addr_changed
 .text.dhcp_create_msg
                0x000000001000528c      0x16c CMakeFiles/test.dir/home/uzygncr/pico/pico-sdk/lib/lwip/src/core/ipv4/dhcp.c.obj
 .text.dhcp_inc_pcb_refcount
                0x00000000100053f8       0x6c CMakeFiles/test.dir/home/uzygncr/pico/pico-sdk/lib/lwip/src/core/ipv4/dhcp.c.obj
 .text.dhcp_bind
                0x0000000010005464      0x11c CMakeFiles/test.dir/home/uzygncr/pico/pico-sdk/lib/lwip/src/core/ipv4/dhcp.c.obj
 .text.dhcp_option_hostname.isra.0
                0x0000000010005580       0x8c CMakeFiles/test.dir/home/uzygncr/pico/pico-sdk/lib/lwip/src/core/ipv4/dhcp.c.obj
 .text.dhcp_handle_ack.isra.0
                0x000000001000560c       0xcc CMakeFiles/test.dir/home/uzygncr/pico/pico-sdk/lib/lwip/src/core/ipv4/dhcp.c.obj
 .text.dhcp_reboot.isra.0
                0x00000000100056d8      0x1e4 CMakeFiles/test.dir/home/uzygncr/pico/pico-sdk/lib/lwip/src/core/ipv4/dhcp.c.obj
 .text.dhcp_discover
                0x00000000100058bc      0x198 CMakeFiles/test.dir/home/uzygncr/pico/pico-sdk/lib/lwip/src/core/ipv4/dhcp.c.obj
 .text.dhcp_select.isra.0
                0x0000000010005a54      0x268 CMakeFiles/test.dir/home/uzygncr/pico/pico-sdk/lib/lwip/src/core/ipv4/dhcp.c.obj
 .text.dhcp_recv
                0x0000000010005cbc      0x494 CMakeFiles/test.dir/home/uzygncr/pico/pico-sdk/lib/lwip/src/core/ipv4/dhcp.c.obj
 .text.dhcp_network_changed_link_up
                0x0000000010006150       0x40 CMakeFiles/test.dir/home/uzygncr/pico/pico-sdk/lib/lwip/src/core/ipv4/dhcp.c.obj
                0x0000000010006150                dhcp_network_changed_link_up
 .text.dhcp_renew
                0x0000000010006190      0x1b8 CMakeFiles/test.dir/home/uzygncr/pico/pico-sdk/lib/lwip/src/core/ipv4/dhcp.c.obj
                0x0000000010006190                dhcp_renew
 .text.dhcp_release_and_stop
                0x0000000010006348      0x180 CMakeFiles/test.dir/home/uzygncr/pico/pico-sdk/lib/lwip/src/core/ipv4/dhcp.c.obj
                0x0000000010006348                dhcp_release_and_stop
 .text.dhcp_start
                0x00000000100064c8       0xb0 CMakeFiles/test.dir/home/uzygncr/pico/pico-sdk/lib/lwip/src/core/ipv4/dhcp.c.obj
                0x00000000100064c8                dhcp_start
 .text.dhcp_coarse_tmr
                0x0000000010006578      0x238 CMakeFiles/test.dir/home/uzygncr/pico/pico-sdk/lib/lwip/src/core/ipv4/dhcp.c.obj
                0x0000000010006578                dhcp_coarse_tmr
 .text.dhcp_fine_tmr
                0x00000000100067b0       0x78 CMakeFiles/test.dir/home/uzygncr/pico/pico-sdk/lib/lwip/src/core/ipv4/dhcp.c.obj
                0x00000000100067b0                dhcp_fine_tmr
 .text.dhcp_stop
                0x0000000010006828      0x180 CMakeFiles/test.dir/home/uzygncr/pico/pico-sdk/lib/lwip/src/core/ipv4/dhcp.c.obj
                0x0000000010006828                dhcp_stop
 .text.etharp_raw
                0x00000000100069a8       0xec CMakeFiles/test.dir/home/uzygncr/pico/pico-sdk/lib/lwip/src/core/ipv4/etharp.c.obj
 .text.etharp_tmr
                0x0000000010006a94       0x94 CMakeFiles/test.dir/home/uzygncr/pico/pico-sdk/lib/lwip/src/core/ipv4/etharp.c.obj
                0x0000000010006a94                etharp_tmr
 .text.etharp_cleanup_netif
                0x0000000010006b28      0x188 CMakeFiles/test.dir/home/uzygncr/pico/pico-sdk/lib/lwip/src/core/ipv4/etharp.c.obj
                0x0000000010006b28                etharp_cleanup_netif
 .text.etharp_request
                0x0000000010006cb0       0x2c CMakeFiles/test.dir/home/uzygncr/pico/pico-sdk/lib/lwip/src/core/ipv4/etharp.c.obj
                0x0000000010006cb0                etharp_request
 .text.icmp_time_exceeded
                0x0000000010006cdc       0xd0 CMakeFiles/test.dir/home/uzygncr/pico/pico-sdk/lib/lwip/src/core/ipv4/icmp.c.obj
                0x0000000010006cdc                icmp_time_exceeded
 .text.ip_reass_free_complete_datagram
                0x0000000010006dac      0x114 CMakeFiles/test.dir/home/uzygncr/pico/pico-sdk/lib/lwip/src/core/ipv4/ip4_frag.c.obj
 .text.ip_reass_tmr
                0x0000000010006ec0       0x38 CMakeFiles/test.dir/home/uzygncr/pico/pico-sdk/lib/lwip/src/core/ipv4/ip4_frag.c.obj
                0x0000000010006ec0                ip_reass_tmr
 .text.ip4_frag
                0x0000000010006ef8      0x17c CMakeFiles/test.dir/home/uzygncr/pico/pico-sdk/lib/lwip/src/core/ipv4/ip4_frag.c.obj
                0x0000000010006ef8                ip4_frag
 .text.ip4_route
                0x0000000010007074       0x7c CMakeFiles/test.dir/home/uzygncr/pico/pico-sdk/lib/lwip/src/core/ipv4/ip4.c.obj
                0x0000000010007074                ip4_route
 .text.ip4_output_if
                0x00000000100070f0      0x190 CMakeFiles/test.dir/home/uzygncr/pico/pico-sdk/lib/lwip/src/core/ipv4/ip4.c.obj
                0x00000000100070f0                ip4_output_if
 .text.ip4_output_if_src
                0x0000000010007280      0x17c CMakeFiles/test.dir/home/uzygncr/pico/pico-sdk/lib/lwip/src/core/ipv4/ip4.c.obj
                0x0000000010007280                ip4_output_if_src
 .text.ethernet_output
                0x00000000100073fc       0x6c CMakeFiles/test.dir/home/uzygncr/pico/pico-sdk/lib/lwip/src/netif/ethernet.c.obj
                0x00000000100073fc                ethernet_output
 .text.cyw43_arch_set_async_context
                0x0000000010007468        0xc CMakeFiles/test.dir/home/uzygncr/pico/pico-sdk/src/rp2_common/pico_cyw43_arch/cyw43_arch.c.obj
                0x0000000010007468                cyw43_arch_set_async_context
 .text.cyw43_arch_gpio_put
                0x0000000010007474       0x14 CMakeFiles/test.dir/home/uzygncr/pico/pico-sdk/src/rp2_common/pico_cyw43_arch/cyw43_arch.c.obj
                0x0000000010007474                cyw43_arch_gpio_put
 .text.cyw43_arch_async_context
                0x0000000010007488        0xc CMakeFiles/test.dir/home/uzygncr/pico/pico-sdk/src/rp2_common/pico_cyw43_arch/cyw43_arch.c.obj
                0x0000000010007488                cyw43_arch_async_context
 .text.cyw43_arch_init
                0x0000000010007494       0x80 CMakeFiles/test.dir/home/uzygncr/pico/pico-sdk/src/rp2_common/pico_cyw43_arch/cyw43_arch_threadsafe_background.c.obj
                0x0000000010007494                cyw43_arch_init
 .text.ns_delay.constprop.0
                0x0000000010007514       0x20 CMakeFiles/test.dir/home/uzygncr/pico/pico-sdk/src/rp2_common/pico_cyw43_driver/cyw43_bus_pio_spi.c.obj
 .text.cyw43_spi_deinit
                0x0000000010007534       0x7c CMakeFiles/test.dir/home/uzygncr/pico/pico-sdk/src/rp2_common/pico_cyw43_driver/cyw43_bus_pio_spi.c.obj
                0x0000000010007534                cyw43_spi_deinit
 .text.cyw43_spi_init
                0x00000000100075b0      0x140 CMakeFiles/test.dir/home/uzygncr/pico/pico-sdk/src/rp2_common/pico_cyw43_driver/cyw43_bus_pio_spi.c.obj
                0x00000000100075b0                cyw43_spi_init
 .text.cyw43_spi_transfer
                0x00000000100076f0      0x40c CMakeFiles/test.dir/home/uzygncr/pico/pico-sdk/src/rp2_common/pico_cyw43_driver/cyw43_bus_pio_spi.c.obj
                0x00000000100076f0                cyw43_spi_transfer
 .text.cyw43_spi_gpio_setup
                0x0000000010007afc       0x3c CMakeFiles/test.dir/home/uzygncr/pico/pico-sdk/src/rp2_common/pico_cyw43_driver/cyw43_bus_pio_spi.c.obj
                0x0000000010007afc                cyw43_spi_gpio_setup
 .text.cyw43_spi_reset
                0x0000000010007b38       0x28 CMakeFiles/test.dir/home/uzygncr/pico/pico-sdk/src/rp2_common/pico_cyw43_driver/cyw43_bus_pio_spi.c.obj
                0x0000000010007b38                cyw43_spi_reset
 .text.read_reg_u32_swap
                0x0000000010007b60       0x3c CMakeFiles/test.dir/home/uzygncr/pico/pico-sdk/src/rp2_common/pico_cyw43_driver/cyw43_bus_pio_spi.c.obj
                0x0000000010007b60                read_reg_u32_swap
 .text.cyw43_read_reg_u32
                0x0000000010007b9c       0x6c CMakeFiles/test.dir/home/uzygncr/pico/pico-sdk/src/rp2_common/pico_cyw43_driver/cyw43_bus_pio_spi.c.obj
                0x0000000010007b9c                cyw43_read_reg_u32
 .text.cyw43_read_reg_u16
                0x0000000010007c08       0x6c CMakeFiles/test.dir/home/uzygncr/pico/pico-sdk/src/rp2_common/pico_cyw43_driver/cyw43_bus_pio_spi.c.obj
                0x0000000010007c08                cyw43_read_reg_u16
 .text.cyw43_read_reg_u8
                0x0000000010007c74       0x6c CMakeFiles/test.dir/home/uzygncr/pico/pico-sdk/src/rp2_common/pico_cyw43_driver/cyw43_bus_pio_spi.c.obj
                0x0000000010007c74                cyw43_read_reg_u8
 .text.write_reg_u32_swap
                0x0000000010007ce0      0x1e4 CMakeFiles/test.dir/home/uzygncr/pico/pico-sdk/src/rp2_common/pico_cyw43_driver/cyw43_bus_pio_spi.c.obj
                0x0000000010007ce0                write_reg_u32_swap
 .text.cyw43_write_reg_u32
                0x0000000010007ec4      0x204 CMakeFiles/test.dir/home/uzygncr/pico/pico-sdk/src/rp2_common/pico_cyw43_driver/cyw43_bus_pio_spi.c.obj
                0x0000000010007ec4                cyw43_write_reg_u32
 .text.cyw43_write_reg_u16
                0x00000000100080c8      0x204 CMakeFiles/test.dir/home/uzygncr/pico/pico-sdk/src/rp2_common/pico_cyw43_driver/cyw43_bus_pio_spi.c.obj
                0x00000000100080c8                cyw43_write_reg_u16
 .text.cyw43_write_reg_u8
                0x00000000100082cc      0x204 CMakeFiles/test.dir/home/uzygncr/pico/pico-sdk/src/rp2_common/pico_cyw43_driver/cyw43_bus_pio_spi.c.obj
                0x00000000100082cc                cyw43_write_reg_u8
 .text.cyw43_read_bytes
                0x00000000100084d0       0x78 CMakeFiles/test.dir/home/uzygncr/pico/pico-sdk/src/rp2_common/pico_cyw43_driver/cyw43_bus_pio_spi.c.obj
                0x00000000100084d0                cyw43_read_bytes
 .text.cyw43_write_bytes
                0x0000000010008548       0xec CMakeFiles/test.dir/home/uzygncr/pico/pico-sdk/src/rp2_common/pico_cyw43_driver/cyw43_bus_pio_spi.c.obj
                0x0000000010008548                cyw43_write_bytes
 .text.cyw43_set_backplane_window
                0x0000000010008634       0x64 CMakeFiles/test.dir/home/uzygncr/pico/pico-sdk/lib/cyw43-driver/src/cyw43_ll.c.obj
 .text.cyw43_ll_parse_async_event
                0x0000000010008698      0x13c CMakeFiles/test.dir/home/uzygncr/pico/pico-sdk/lib/cyw43-driver/src/cyw43_ll.c.obj
 .text.cyw43_kso_set
                0x00000000100087d4       0xa0 CMakeFiles/test.dir/home/uzygncr/pico/pico-sdk/lib/cyw43-driver/src/cyw43_ll.c.obj
 .text.cyw43_ll_sdpcm_poll_device
                0x0000000010008874      0x238 CMakeFiles/test.dir/home/uzygncr/pico/pico-sdk/lib/cyw43-driver/src/cyw43_ll.c.obj
 .text.cyw43_sdpcm_send_common
                0x0000000010008aac       0xf8 CMakeFiles/test.dir/home/uzygncr/pico/pico-sdk/lib/cyw43-driver/src/cyw43_ll.c.obj
 .text.cyw43_do_ioctl.part.0
                0x0000000010008ba4       0xc4 CMakeFiles/test.dir/home/uzygncr/pico/pico-sdk/lib/cyw43-driver/src/cyw43_ll.c.obj
 .text.cyw43_download_resource
                0x0000000010008c68       0xd0 CMakeFiles/test.dir/home/uzygncr/pico/pico-sdk/lib/cyw43-driver/src/cyw43_ll.c.obj
 .text.cyw43_write_iovar_n
                0x0000000010008d38       0x8c CMakeFiles/test.dir/home/uzygncr/pico/pico-sdk/lib/cyw43-driver/src/cyw43_ll.c.obj
 .text.cyw43_write_iovar_u32
                0x0000000010008dc4       0xa4 CMakeFiles/test.dir/home/uzygncr/pico/pico-sdk/lib/cyw43-driver/src/cyw43_ll.c.obj
 .text.cyw43_read_backplane.constprop.0
                0x0000000010008e68       0xdc CMakeFiles/test.dir/home/uzygncr/pico/pico-sdk/lib/cyw43-driver/src/cyw43_ll.c.obj
 .text.cyw43_write_backplane
                0x0000000010008f44      0x104 CMakeFiles/test.dir/home/uzygncr/pico/pico-sdk/lib/cyw43-driver/src/cyw43_ll.c.obj
 .text.reset_device_core.constprop.0
                0x0000000010009048      0x3f0 CMakeFiles/test.dir/home/uzygncr/pico/pico-sdk/lib/cyw43-driver/src/cyw43_ll.c.obj
 .text.cyw43_ll_init
                0x0000000010009438       0x1c CMakeFiles/test.dir/home/uzygncr/pico/pico-sdk/lib/cyw43-driver/src/cyw43_ll.c.obj
                0x0000000010009438                cyw43_ll_init
 .text.cyw43_ll_deinit
                0x0000000010009454        0x8 CMakeFiles/test.dir/home/uzygncr/pico/pico-sdk/lib/cyw43-driver/src/cyw43_ll.c.obj
                0x0000000010009454                cyw43_ll_deinit
 .text.cyw43_ll_process_packets
                0x000000001000945c       0x54 CMakeFiles/test.dir/home/uzygncr/pico/pico-sdk/lib/cyw43-driver/src/cyw43_ll.c.obj
                0x000000001000945c                cyw43_ll_process_packets
 .text.cyw43_ll_ioctl
                0x00000000100094b0       0x80 CMakeFiles/test.dir/home/uzygncr/pico/pico-sdk/lib/cyw43-driver/src/cyw43_ll.c.obj
                0x00000000100094b0                cyw43_ll_ioctl
 .text.cyw43_ll_bus_sleep
                0x0000000010009530       0x34 CMakeFiles/test.dir/home/uzygncr/pico/pico-sdk/lib/cyw43-driver/src/cyw43_ll.c.obj
                0x0000000010009530                cyw43_ll_bus_sleep
 .text.cyw43_ll_wifi_get_mac
                0x0000000010009564       0x74 CMakeFiles/test.dir/home/uzygncr/pico/pico-sdk/lib/cyw43-driver/src/cyw43_ll.c.obj
                0x0000000010009564                cyw43_ll_wifi_get_mac
 .text.cyw43_ll_bus_init
                0x00000000100095d8      0x90c CMakeFiles/test.dir/home/uzygncr/pico/pico-sdk/lib/cyw43-driver/src/cyw43_ll.c.obj
                0x00000000100095d8                cyw43_ll_bus_init
 .text.cyw43_ll_wifi_set_wpa_auth
                0x0000000010009ee4       0x4c CMakeFiles/test.dir/home/uzygncr/pico/pico-sdk/lib/cyw43-driver/src/cyw43_ll.c.obj
                0x0000000010009ee4                cyw43_ll_wifi_set_wpa_auth
 .text.cyw43_ll_wifi_rejoin
                0x0000000010009f30       0x58 CMakeFiles/test.dir/home/uzygncr/pico/pico-sdk/lib/cyw43-driver/src/cyw43_ll.c.obj
                0x0000000010009f30                cyw43_ll_wifi_rejoin
 .text.cyw43_ll_gpio_set
                0x0000000010009f88       0x9c CMakeFiles/test.dir/home/uzygncr/pico/pico-sdk/lib/cyw43-driver/src/cyw43_ll.c.obj
                0x0000000010009f88                cyw43_ll_gpio_set
 .text.cyw43_ll_has_work
                0x000000001000a024       0x14 CMakeFiles/test.dir/home/uzygncr/pico/pico-sdk/lib/cyw43-driver/src/cyw43_ll.c.obj
                0x000000001000a024                cyw43_ll_has_work
 .text.cyw43_cb_tcpip_deinit
                0x000000001000a038       0x4c CMakeFiles/test.dir/home/uzygncr/pico/pico-sdk/lib/cyw43-driver/src/cyw43_lwip.c.obj
                0x000000001000a038                cyw43_cb_tcpip_deinit
 .text.cyw43_cb_process_ethernet
                0x000000001000a084       0x68 CMakeFiles/test.dir/home/uzygncr/pico/pico-sdk/lib/cyw43-driver/src/cyw43_lwip.c.obj
                0x000000001000a084                cyw43_cb_process_ethernet
 .text.cyw43_cb_tcpip_set_link_up
                0x000000001000a0ec       0x18 CMakeFiles/test.dir/home/uzygncr/pico/pico-sdk/lib/cyw43-driver/src/cyw43_lwip.c.obj
                0x000000001000a0ec                cyw43_cb_tcpip_set_link_up
 .text.cyw43_cb_tcpip_set_link_down
                0x000000001000a104       0x18 CMakeFiles/test.dir/home/uzygncr/pico/pico-sdk/lib/cyw43-driver/src/cyw43_lwip.c.obj
                0x000000001000a104                cyw43_cb_tcpip_set_link_down
 .text.cyw43_poll_func
                0x000000001000a11c       0xc0 CMakeFiles/test.dir/home/uzygncr/pico/pico-sdk/lib/cyw43-driver/src/cyw43_ctrl.c.obj
 .text.cyw43_init
                0x000000001000a1dc       0x6c CMakeFiles/test.dir/home/uzygncr/pico/pico-sdk/lib/cyw43-driver/src/cyw43_ctrl.c.obj
                0x000000001000a1dc                cyw43_init
 .text.cyw43_deinit
                0x000000001000a248       0x90 CMakeFiles/test.dir/home/uzygncr/pico/pico-sdk/lib/cyw43-driver/src/cyw43_ctrl.c.obj
                0x000000001000a248                cyw43_deinit
 .text.cyw43_cb_read_host_interrupt_pin
                0x000000001000a2d8        0xc CMakeFiles/test.dir/home/uzygncr/pico/pico-sdk/lib/cyw43-driver/src/cyw43_ctrl.c.obj
                0x000000001000a2d8                cyw43_cb_read_host_interrupt_pin
 .text.cyw43_cb_ensure_awake
                0x000000001000a2e4        0xc CMakeFiles/test.dir/home/uzygncr/pico/pico-sdk/lib/cyw43-driver/src/cyw43_ctrl.c.obj
                0x000000001000a2e4                cyw43_cb_ensure_awake
 .text.cyw43_cb_process_async_event
                0x000000001000a2f0      0x228 CMakeFiles/test.dir/home/uzygncr/pico/pico-sdk/lib/cyw43-driver/src/cyw43_ctrl.c.obj
                0x000000001000a2f0                cyw43_cb_process_async_event
 .text.cyw43_gpio_set
                0x000000001000a518       0xa0 CMakeFiles/test.dir/home/uzygncr/pico/pico-sdk/lib/cyw43-driver/src/cyw43_ctrl.c.obj
                0x000000001000a518                cyw43_gpio_set
 .text.pio_sm_unclaim
                0x000000001000a5b8       0x20 CMakeFiles/test.dir/home/uzygncr/pico/pico-sdk/src/rp2_common/hardware_pio/pio.c.obj
                0x000000001000a5b8                pio_sm_unclaim
 .text.pio_claim_unused_sm
                0x000000001000a5d8       0x38 CMakeFiles/test.dir/home/uzygncr/pico/pico-sdk/src/rp2_common/hardware_pio/pio.c.obj
                0x000000001000a5d8                pio_claim_unused_sm
 .text.pio_can_add_program
                0x000000001000a610       0x6c CMakeFiles/test.dir/home/uzygncr/pico/pico-sdk/src/rp2_common/hardware_pio/pio.c.obj
                0x000000001000a610                pio_can_add_program
 .text.pio_add_program
                0x000000001000a67c       0xf4 CMakeFiles/test.dir/home/uzygncr/pico/pico-sdk/src/rp2_common/hardware_pio/pio.c.obj
                0x000000001000a67c                pio_add_program
 .text.pio_remove_program
                0x000000001000a770       0x34 CMakeFiles/test.dir/home/uzygncr/pico/pico-sdk/src/rp2_common/hardware_pio/pio.c.obj
                0x000000001000a770                pio_remove_program
 .text.pio_sm_set_pindirs_with_mask
                0x000000001000a7a4       0xa4 CMakeFiles/test.dir/home/uzygncr/pico/pico-sdk/src/rp2_common/hardware_pio/pio.c.obj
                0x000000001000a7a4                pio_sm_set_pindirs_with_mask
 .text.pio_sm_set_consecutive_pindirs
                0x000000001000a848       0xbc CMakeFiles/test.dir/home/uzygncr/pico/pico-sdk/src/rp2_common/hardware_pio/pio.c.obj
                0x000000001000a848                pio_sm_set_consecutive_pindirs
 .text.dma_channel_unclaim
                0x000000001000a904       0x10 CMakeFiles/test.dir/home/uzygncr/pico/pico-sdk/src/rp2_common/hardware_dma/dma.c.obj
                0x000000001000a904                dma_channel_unclaim
 .text.dma_claim_unused_channel
                0x000000001000a914       0x20 CMakeFiles/test.dir/home/uzygncr/pico/pico-sdk/src/rp2_common/hardware_dma/dma.c.obj
                0x000000001000a914                dma_claim_unused_channel
 .text.dma_channel_cleanup
                0x000000001000a934       0x64 CMakeFiles/test.dir/home/uzygncr/pico/pico-sdk/src/rp2_common/hardware_dma/dma.c.obj
                0x000000001000a934                dma_channel_cleanup
 .text.cyw43_sleep_timeout_reached
                0x000000001000a998       0x10 CMakeFiles/test.dir/home/uzygncr/pico/pico-sdk/src/rp2_common/pico_cyw43_driver/cyw43_driver.c.obj
 .text.cyw43_irq_init
                0x000000001000a9a8       0x28 CMakeFiles/test.dir/home/uzygncr/pico/pico-sdk/src/rp2_common/pico_cyw43_driver/cyw43_driver.c.obj
                0x000000001000a9a8                cyw43_irq_init
 .text.cyw43_irq_deinit
                0x000000001000a9d0       0x20 CMakeFiles/test.dir/home/uzygncr/pico/pico-sdk/src/rp2_common/pico_cyw43_driver/cyw43_driver.c.obj
                0x000000001000a9d0                cyw43_irq_deinit
 .text.cyw43_gpio_irq_handler
                0x000000001000a9f0       0x44 CMakeFiles/test.dir/home/uzygncr/pico/pico-sdk/src/rp2_common/pico_cyw43_driver/cyw43_driver.c.obj
 .text.cyw43_do_poll
                0x000000001000aa34       0x6c CMakeFiles/test.dir/home/uzygncr/pico/pico-sdk/src/rp2_common/pico_cyw43_driver/cyw43_driver.c.obj
 .text.cyw43_post_poll_hook
                0x000000001000aaa0       0x10 CMakeFiles/test.dir/home/uzygncr/pico/pico-sdk/src/rp2_common/pico_cyw43_driver/cyw43_driver.c.obj
                0x000000001000aaa0                cyw43_post_poll_hook
 .text.cyw43_schedule_internal_poll_dispatch
                0x000000001000aab0       0x18 CMakeFiles/test.dir/home/uzygncr/pico/pico-sdk/src/rp2_common/pico_cyw43_driver/cyw43_driver.c.obj
                0x000000001000aab0                cyw43_schedule_internal_poll_dispatch
 .text.cyw43_driver_init
                0x000000001000aac8       0x38 CMakeFiles/test.dir/home/uzygncr/pico/pico-sdk/src/rp2_common/pico_cyw43_driver/cyw43_driver.c.obj
                0x000000001000aac8                cyw43_driver_init
 .text.cyw43_driver_deinit
                0x000000001000ab00       0x44 CMakeFiles/test.dir/home/uzygncr/pico/pico-sdk/src/rp2_common/pico_cyw43_driver/cyw43_driver.c.obj
                0x000000001000ab00                cyw43_driver_deinit
 .text.cyw43_hal_generate_laa_mac
                0x000000001000ab44       0x28 CMakeFiles/test.dir/home/uzygncr/pico/pico-sdk/src/rp2_common/pico_cyw43_driver/cyw43_driver.c.obj
                0x000000001000ab44                cyw43_hal_generate_laa_mac
 .text.cyw43_thread_enter
                0x000000001000ab6c       0x14 CMakeFiles/test.dir/home/uzygncr/pico/pico-sdk/src/rp2_common/pico_cyw43_driver/cyw43_driver.c.obj
                0x000000001000ab6c                cyw43_thread_enter
 .text.cyw43_thread_exit
                0x000000001000ab80       0x14 CMakeFiles/test.dir/home/uzygncr/pico/pico-sdk/src/rp2_common/pico_cyw43_driver/cyw43_driver.c.obj
                0x000000001000ab80                cyw43_thread_exit
 .text.cyw43_await_background_or_timeout_us
                0x000000001000ab94       0x60 CMakeFiles/test.dir/home/uzygncr/pico/pico-sdk/src/rp2_common/pico_cyw43_driver/cyw43_driver.c.obj
                0x000000001000ab94                cyw43_await_background_or_timeout_us
 .text.cyw43_delay_ms
                0x000000001000abf4       0x44 CMakeFiles/test.dir/home/uzygncr/pico/pico-sdk/src/rp2_common/pico_cyw43_driver/cyw43_driver.c.obj
                0x000000001000abf4                cyw43_delay_ms
 .text.async_context_threadsafe_background_acquire_lock_blocking
                0x000000001000ac38        0xc CMakeFiles/test.dir/home/uzygncr/pico/pico-sdk/src/rp2_common/pico_async_context/async_context_threadsafe_background.c.obj
 .text.alarm_handler
                0x000000001000ac44       0x20 CMakeFiles/test.dir/home/uzygncr/pico/pico-sdk/src/rp2_common/pico_async_context/async_context_threadsafe_background.c.obj
 .text.async_context_threadsafe_background_set_work_pending
                0x000000001000ac64       0x1c CMakeFiles/test.dir/home/uzygncr/pico/pico-sdk/src/rp2_common/pico_async_context/async_context_threadsafe_background.c.obj
 .text.process_under_lock
                0x000000001000ac80       0xc8 CMakeFiles/test.dir/home/uzygncr/pico/pico-sdk/src/rp2_common/pico_async_context/async_context_threadsafe_background.c.obj
 .text.async_context_threadsafe_background_execute_sync
                0x000000001000ad48       0x30 CMakeFiles/test.dir/home/uzygncr/pico/pico-sdk/src/rp2_common/pico_async_context/async_context_threadsafe_background.c.obj
                0x000000001000ad48                async_context_threadsafe_background_execute_sync
 .text.async_context_threadsafe_background_deinit
                0x000000001000ad78       0x54 CMakeFiles/test.dir/home/uzygncr/pico/pico-sdk/src/rp2_common/pico_async_context/async_context_threadsafe_background.c.obj
 .text.low_priority_irq_handler
                0x000000001000adcc       0x3c CMakeFiles/test.dir/home/uzygncr/pico/pico-sdk/src/rp2_common/pico_async_context/async_context_threadsafe_background.c.obj
 .text.async_context_threadsafe_background_wait_for_work_until
                0x000000001000ae08        0xc CMakeFiles/test.dir/home/uzygncr/pico/pico-sdk/src/rp2_common/pico_async_context/async_context_threadsafe_background.c.obj
 .text.async_context_threadsafe_background_wait_until
                0x000000001000ae14       0x1c CMakeFiles/test.dir/home/uzygncr/pico/pico-sdk/src/rp2_common/pico_async_context/async_context_threadsafe_background.c.obj
 .text.async_context_threadsafe_background_lock_check
                0x000000001000ae30       0x28 CMakeFiles/test.dir/home/uzygncr/pico/pico-sdk/src/rp2_common/pico_async_context/async_context_threadsafe_background.c.obj
 .text.async_context_threadsafe_background_release_lock
                0x000000001000ae58       0x1c CMakeFiles/test.dir/home/uzygncr/pico/pico-sdk/src/rp2_common/pico_async_context/async_context_threadsafe_background.c.obj
 .text.async_context_threadsafe_background_when_pending_worker
                0x000000001000ae74       0x34 CMakeFiles/test.dir/home/uzygncr/pico/pico-sdk/src/rp2_common/pico_async_context/async_context_threadsafe_background.c.obj
 .text.async_context_threadsafe_background_remove_at_time_worker
                0x000000001000aea8       0x34 CMakeFiles/test.dir/home/uzygncr/pico/pico-sdk/src/rp2_common/pico_async_context/async_context_threadsafe_background.c.obj
 .text.async_context_threadsafe_background_add_when_pending_worker
                0x000000001000aedc       0x34 CMakeFiles/test.dir/home/uzygncr/pico/pico-sdk/src/rp2_common/pico_async_context/async_context_threadsafe_background.c.obj
 .text.async_context_threadsafe_background_add_at_time_worker
                0x000000001000af10       0x34 CMakeFiles/test.dir/home/uzygncr/pico/pico-sdk/src/rp2_common/pico_async_context/async_context_threadsafe_background.c.obj
 .text.async_context_threadsafe_background_default_config
                0x000000001000af44        0xc CMakeFiles/test.dir/home/uzygncr/pico/pico-sdk/src/rp2_common/pico_async_context/async_context_threadsafe_background.c.obj
                0x000000001000af44                async_context_threadsafe_background_default_config
 .text.async_context_threadsafe_background_init
                0x000000001000af50       0x8c CMakeFiles/test.dir/home/uzygncr/pico/pico-sdk/src/rp2_common/pico_async_context/async_context_threadsafe_background.c.obj
                0x000000001000af50                async_context_threadsafe_background_init
 .text.uart_init
                0x000000001000afdc      0x11c CMakeFiles/test.dir/home/uzygncr/pico/pico-sdk/src/rp2_common/hardware_uart/uart.c.obj
                0x000000001000afdc                uart_init
 .text.first_per_core_initializer
                0x000000001000b0f8        0x4 CMakeFiles/test.dir/home/uzygncr/pico/pico-sdk/src/rp2_common/pico_runtime/runtime.c.obj
 .text.hard_assertion_failure
                0x000000001000b0fc        0xc CMakeFiles/test.dir/home/uzygncr/pico/pico-sdk/src/rp2_common/pico_runtime/runtime.c.obj
                0x000000001000b0fc                hard_assertion_failure
 .text.runtime_run_initializers
                0x000000001000b108       0x28 CMakeFiles/test.dir/home/uzygncr/pico/pico-sdk/src/rp2_common/pico_runtime/runtime.c.obj
                0x000000001000b108                runtime_run_initializers
 .text.runtime_init_early_resets
                0x000000001000b130       0x2c CMakeFiles/test.dir/home/uzygncr/pico/pico-sdk/src/rp2_common/pico_runtime_init/runtime_init.c.obj
                0x000000001000b130                runtime_init_early_resets
 .text.runtime_init_usb_power_down
                0x000000001000b15c       0x1c CMakeFiles/test.dir/home/uzygncr/pico/pico-sdk/src/rp2_common/pico_runtime_init/runtime_init.c.obj
                0x000000001000b15c                runtime_init_usb_power_down
 .text.runtime_init_post_clock_resets
                0x000000001000b178       0x20 CMakeFiles/test.dir/home/uzygncr/pico/pico-sdk/src/rp2_common/pico_runtime_init/runtime_init.c.obj
                0x000000001000b178                runtime_init_post_clock_resets
 .text.runtime_init_rp2040_gpio_ie_disable
                0x000000001000b198       0x14 CMakeFiles/test.dir/home/uzygncr/pico/pico-sdk/src/rp2_common/pico_runtime_init/runtime_init.c.obj
                0x000000001000b198                runtime_init_rp2040_gpio_ie_disable
 .text.runtime_init_spin_locks_reset
                0x000000001000b1ac        0x8 CMakeFiles/test.dir/home/uzygncr/pico/pico-sdk/src/rp2_common/pico_runtime_init/runtime_init.c.obj
                0x000000001000b1ac                runtime_init_spin_locks_reset
 .text.runtime_init_install_ram_vector_table
                0x000000001000b1b4       0x1c CMakeFiles/test.dir/home/uzygncr/pico/pico-sdk/src/rp2_common/pico_runtime_init/runtime_init.c.obj
                0x000000001000b1b4                runtime_init_install_ram_vector_table
 .text.runtime_init_clocks
                0x000000001000b1d0       0xd8 CMakeFiles/test.dir/home/uzygncr/pico/pico-sdk/src/rp2_common/pico_runtime_init/runtime_init_clocks.c.obj
                0x000000001000b1d0                runtime_init_clocks
 .text          0x000000001000b2a8       0x10 CMakeFiles/test.dir/home/uzygncr/pico/pico-sdk/src/rp2_common/pico_bit_ops/bit_ops_aeabi.S.obj
 .text.ctzsi    0x000000001000b2b8        0xc CMakeFiles/test.dir/home/uzygncr/pico/pico-sdk/src/rp2_common/pico_bit_ops/bit_ops_aeabi.S.obj
                0x000000001000b2b8                __wrap___ctzsi2
 .text.__wrap___aeabi_idiv
                0x000000001000b2c4       0x50 CMakeFiles/test.dir/home/uzygncr/pico/pico-sdk/src/rp2_common/pico_divider/divider_hardware.S.obj
                0x000000001000b2c4                __wrap___aeabi_idivmod
                0x000000001000b2c4                divmod_s32s32
                0x000000001000b2c4                div_s32s32
                0x000000001000b2c4                __wrap___aeabi_idiv
                0x000000001000b2cc                divmod_s32s32_unsafe
                0x000000001000b2f8                divmod_s32s32_savestate
 .text.__wrap___aeabi_uidiv
                0x000000001000b314       0x4c CMakeFiles/test.dir/home/uzygncr/pico/pico-sdk/src/rp2_common/pico_divider/divider_hardware.S.obj
                0x000000001000b314                __wrap___aeabi_uidiv
                0x000000001000b314                __wrap___aeabi_uidivmod
                0x000000001000b314                div_u32u32
                0x000000001000b314                divmod_u32u32
                0x000000001000b31c                divmod_u32u32_unsafe
                0x000000001000b344                divmod_u32u32_savestate
 .text.__wrap___aeabi_ldiv
                0x000000001000b360      0x424 CMakeFiles/test.dir/home/uzygncr/pico/pico-sdk/src/rp2_common/pico_divider/divider_hardware.S.obj
                0x000000001000b360                div_s64s64
                0x000000001000b360                divmod_s64s64
                0x000000001000b360                __wrap___aeabi_ldivmod
                0x000000001000b390                div_u64u64
                0x000000001000b390                divmod_u64u64
                0x000000001000b390                __wrap___aeabi_uldivmod
                0x000000001000b3a0                divmod_u64u64_savestate
                0x000000001000b3c0                divmod_s64s64_unsafe
                0x000000001000b448                divmod_u64u64_unsafe
 .text.__wrap___aeabi_darithmetic
                0x000000001000b784       0x60 CMakeFiles/test.dir/home/uzygncr/pico/pico-sdk/src/rp2_common/pico_double/double_aeabi_rp2040.S.obj
                0x000000001000b784                __wrap___aeabi_drsub
                0x000000001000b78a                __wrap___aeabi_dsub
                0x000000001000b794                __wrap___aeabi_dadd
                0x000000001000b79e                __wrap___aeabi_ddiv
                0x000000001000b7d2                __wrap___aeabi_dmul
 .text.__wrap___aeabi_cdcmple
                0x000000001000b7e4       0x6c CMakeFiles/test.dir/home/uzygncr/pico/pico-sdk/src/rp2_common/pico_double/double_aeabi_rp2040.S.obj
                0x000000001000b7e4                __wrap___aeabi_cdrcmple
                0x000000001000b7f4                __wrap___aeabi_cdcmple
                0x000000001000b7f4                __wrap___aeabi_cdcmpeq
 .text.__wrap___aeabi_dcmplt
                0x000000001000b850        0xc CMakeFiles/test.dir/home/uzygncr/pico/pico-sdk/src/rp2_common/pico_double/double_aeabi_rp2040.S.obj
                0x000000001000b850                __wrap___aeabi_dcmplt
 .text.__wrap___aeabi_dcmple
                0x000000001000b85c       0x10 CMakeFiles/test.dir/home/uzygncr/pico/pico-sdk/src/rp2_common/pico_double/double_aeabi_rp2040.S.obj
                0x000000001000b85c                __wrap___aeabi_dcmple
 .text.__wrap___aeabi_dcmpge
                0x000000001000b86c       0x10 CMakeFiles/test.dir/home/uzygncr/pico/pico-sdk/src/rp2_common/pico_double/double_aeabi_rp2040.S.obj
                0x000000001000b86c                __wrap___aeabi_dcmpge
 .text.__wrap___aeabi_dcmpgt
                0x000000001000b87c        0xa CMakeFiles/test.dir/home/uzygncr/pico/pico-sdk/src/rp2_common/pico_double/double_aeabi_rp2040.S.obj
                0x000000001000b87c                __wrap___aeabi_dcmpgt
 .text.__wrap___aeabi_dcmpun
                0x000000001000b886       0x18 CMakeFiles/test.dir/home/uzygncr/pico/pico-sdk/src/rp2_common/pico_double/double_aeabi_rp2040.S.obj
                0x000000001000b886                __wrap___aeabi_dcmpun
 *fill*         0x000000001000b89e        0x2 
 .text.__wrap___aeabi_i2d
                0x000000001000b8a0       0x38 CMakeFiles/test.dir/home/uzygncr/pico/pico-sdk/src/rp2_common/pico_double/double_aeabi_rp2040.S.obj
                0x000000001000b8a0                __wrap___aeabi_ui2d
                0x000000001000b8a8                __wrap___aeabi_i2d
 .text.__wrap___aeabi_d2iz
                0x000000001000b8d8       0x48 CMakeFiles/test.dir/home/uzygncr/pico/pico-sdk/src/rp2_common/pico_double/double_aeabi_rp2040.S.obj
                0x000000001000b8d8                __wrap___aeabi_d2iz
                0x000000001000b8d8                double2int_z
 .text.__wrap___aeabi_d2uiz
                0x000000001000b920       0x10 CMakeFiles/test.dir/home/uzygncr/pico/pico-sdk/src/rp2_common/pico_double/double_aeabi_rp2040.S.obj
                0x000000001000b920                double2uint
                0x000000001000b920                __wrap___aeabi_d2uiz
 .text.missing_double_func_shim
                0x000000001000b930        0xc CMakeFiles/test.dir/home/uzygncr/pico/pico-sdk/src/rp2_common/pico_double/double_init_rom_rp2040.c.obj
 .text.__aeabi_double_init
                0x000000001000b93c       0xa4 CMakeFiles/test.dir/home/uzygncr/pico/pico-sdk/src/rp2_common/pico_double/double_init_rom_rp2040.c.obj
                0x000000001000b93c                __aeabi_double_init
 .text.double_table_shim_on_use_helper
                0x000000001000b9e0       0x2c CMakeFiles/test.dir/home/uzygncr/pico/pico-sdk/src/rp2_common/pico_double/double_v1_rom_shim_rp2040.S.obj
                0x000000001000b9e0                double_table_shim_on_use_helper
 .text.__aeabi_lmul
                0x000000001000ba0c       0x32 CMakeFiles/test.dir/home/uzygncr/pico/pico-sdk/src/rp2_common/pico_int64_ops/pico_int64_ops_aeabi.S.obj
                0x000000001000ba0c                __wrap___aeabi_lmul
 *fill*         0x000000001000ba3e        0x2 
 .text.missing_float_func_shim
                0x000000001000ba40        0xc CMakeFiles/test.dir/home/uzygncr/pico/pico-sdk/src/rp2_common/pico_float/float_init_rom_rp2040.c.obj
 .text.__aeabi_float_init
                0x000000001000ba4c       0x5c CMakeFiles/test.dir/home/uzygncr/pico/pico-sdk/src/rp2_common/pico_float/float_init_rom_rp2040.c.obj
                0x000000001000ba4c                __aeabi_float_init
 .text          0x000000001000baa8       0x10 CMakeFiles/test.dir/home/uzygncr/pico/pico-sdk/src/rp2_common/pico_mem_ops/mem_ops_aeabi.S.obj
                0x000000001000baa8                __aeabi_mem_init
 .text.memset   0x000000001000bab8        0xc CMakeFiles/test.dir/home/uzygncr/pico/pico-sdk/src/rp2_common/pico_mem_ops/mem_ops_aeabi.S.obj
                0x000000001000bab8                __wrap_memset
 .text.memcpy   0x000000001000bac4        0xc CMakeFiles/test.dir/home/uzygncr/pico/pico-sdk/src/rp2_common/pico_mem_ops/mem_ops_aeabi.S.obj
                0x000000001000bac4                __wrap___aeabi_memcpy
                0x000000001000bac4                __wrap_memcpy
 .text._out_null
                0x000000001000bad0        0x4 CMakeFiles/test.dir/home/uzygncr/pico/pico-sdk/src/rp2_common/pico_printf/printf.c.obj
 .text._out_rev
                0x000000001000bad4       0x9c CMakeFiles/test.dir/home/uzygncr/pico/pico-sdk/src/rp2_common/pico_printf/printf.c.obj
 .text._ntoa_format
                0x000000001000bb70      0x1cc CMakeFiles/test.dir/home/uzygncr/pico/pico-sdk/src/rp2_common/pico_printf/printf.c.obj
 .text._out_char
                0x000000001000bd3c       0x10 CMakeFiles/test.dir/home/uzygncr/pico/pico-sdk/src/rp2_common/pico_printf/printf.c.obj
 .text._out_fct
                0x000000001000bd4c       0x10 CMakeFiles/test.dir/home/uzygncr/pico/pico-sdk/src/rp2_common/pico_printf/printf.c.obj
 .text._etoa    0x000000001000bd5c      0x44c CMakeFiles/test.dir/home/uzygncr/pico/pico-sdk/src/rp2_common/pico_printf/printf.c.obj
 .text._ftoa    0x000000001000c1a8      0x398 CMakeFiles/test.dir/home/uzygncr/pico/pico-sdk/src/rp2_common/pico_printf/printf.c.obj
 .text._vsnprintf
                0x000000001000c540      0xb04 CMakeFiles/test.dir/home/uzygncr/pico/pico-sdk/src/rp2_common/pico_printf/printf.c.obj
 .text.vfctprintf
                0x000000001000d044       0x20 CMakeFiles/test.dir/home/uzygncr/pico/pico-sdk/src/rp2_common/pico_printf/printf.c.obj
                0x000000001000d044                vfctprintf
 .text.weak_raw_vprintf
                0x000000001000d064       0x30 CMakeFiles/test.dir/home/uzygncr/pico/pico-sdk/src/rp2_common/pico_printf/printf.c.obj
                0x000000001000d064                weak_raw_vprintf
 .text._exit    0x000000001000d094        0x4 CMakeFiles/test.dir/home/uzygncr/pico/pico-sdk/src/rp2_common/pico_clib_interface/newlib_interface.c.obj
                0x000000001000d094                _exit
 .text.exit     0x000000001000d098        0x8 CMakeFiles/test.dir/home/uzygncr/pico/pico-sdk/src/rp2_common/pico_clib_interface/newlib_interface.c.obj
                0x000000001000d098                exit
 .text.runtime_init
                0x000000001000d0a0       0x2c CMakeFiles/test.dir/home/uzygncr/pico/pico-sdk/src/rp2_common/pico_clib_interface/newlib_interface.c.obj
                0x000000001000d0a0                runtime_init
 .text.stdio_out_chars_no_crlf
                0x000000001000d0cc       0x10 CMakeFiles/test.dir/home/uzygncr/pico/pico-sdk/src/rp2_common/pico_stdio/stdio.c.obj
 .text.stdio_out_chars_crlf
                0x000000001000d0dc       0xb4 CMakeFiles/test.dir/home/uzygncr/pico/pico-sdk/src/rp2_common/pico_stdio/stdio.c.obj
 .text.stdio_buffered_printer
                0x000000001000d190       0x64 CMakeFiles/test.dir/home/uzygncr/pico/pico-sdk/src/rp2_common/pico_stdio/stdio.c.obj
 .text.stdio_put_string
                0x000000001000d1f4      0x100 CMakeFiles/test.dir/home/uzygncr/pico/pico-sdk/src/rp2_common/pico_stdio/stdio.c.obj
                0x000000001000d1f4                stdio_put_string
 .text.stdio_set_driver_enabled
                0x000000001000d2f4       0x30 CMakeFiles/test.dir/home/uzygncr/pico/pico-sdk/src/rp2_common/pico_stdio/stdio.c.obj
                0x000000001000d2f4                stdio_set_driver_enabled
 .text.stdio_init_all
                0x000000001000d324        0xc CMakeFiles/test.dir/home/uzygncr/pico/pico-sdk/src/rp2_common/pico_stdio/stdio.c.obj
                0x000000001000d324                stdio_init_all
 .text.__wrap_putchar
                0x000000001000d330       0x98 CMakeFiles/test.dir/home/uzygncr/pico/pico-sdk/src/rp2_common/pico_stdio/stdio.c.obj
                0x000000001000d330                stdio_putchar
                0x000000001000d330                __wrap_putchar
 .text.__wrap_puts
                0x000000001000d3c8       0x3c CMakeFiles/test.dir/home/uzygncr/pico/pico-sdk/src/rp2_common/pico_stdio/stdio.c.obj
                0x000000001000d3c8                __wrap_puts
                0x000000001000d3c8                stdio_puts
 .text.__wrap_vprintf
                0x000000001000d404       0xd8 CMakeFiles/test.dir/home/uzygncr/pico/pico-sdk/src/rp2_common/pico_stdio/stdio.c.obj
                0x000000001000d404                __wrap_vprintf
                0x000000001000d404                stdio_vprintf
 .text.__wrap_printf
                0x000000001000d4dc       0x18 CMakeFiles/test.dir/home/uzygncr/pico/pico-sdk/src/rp2_common/pico_stdio/stdio.c.obj
                0x000000001000d4dc                stdio_printf
                0x000000001000d4dc                __wrap_printf
 .text.stdio_uart_out_chars
                0x000000001000d4f4       0x4c CMakeFiles/test.dir/home/uzygncr/pico/pico-sdk/src/rp2_common/pico_stdio_uart/stdio_uart.c.obj
 .text.stdio_uart_in_chars
                0x000000001000d540       0x84 CMakeFiles/test.dir/home/uzygncr/pico/pico-sdk/src/rp2_common/pico_stdio_uart/stdio_uart.c.obj
                0x000000001000d540                stdio_uart_in_chars
 .text.on_uart_rx
                0x000000001000d5c4       0x28 CMakeFiles/test.dir/home/uzygncr/pico/pico-sdk/src/rp2_common/pico_stdio_uart/stdio_uart.c.obj
 .text.stdio_uart_out_flush
                0x000000001000d5ec       0x10 CMakeFiles/test.dir/home/uzygncr/pico/pico-sdk/src/rp2_common/pico_stdio_uart/stdio_uart.c.obj
 .text.stdio_uart_set_chars_available_callback
                0x000000001000d5fc       0x8c CMakeFiles/test.dir/home/uzygncr/pico/pico-sdk/src/rp2_common/pico_stdio_uart/stdio_uart.c.obj
 .text.stdio_uart_init
                0x000000001000d688       0x50 CMakeFiles/test.dir/home/uzygncr/pico/pico-sdk/src/rp2_common/pico_stdio_uart/stdio_uart.c.obj
                0x000000001000d688                stdio_uart_init
 .text          0x000000001000d6d8       0xac /usr/lib/gcc/arm-none-eabi/10.3.1/../../../arm-none-eabi/lib/thumb/v6-m/nofp/libg.a(lib_a-memmove.o)
                0x000000001000d6d8                memmove
 .text          0x000000001000d784       0x5c /usr/lib/gcc/arm-none-eabi/10.3.1/../../../arm-none-eabi/lib/thumb/v6-m/nofp/libg.a(lib_a-strlen-stub.o)
                0x000000001000d784                strlen
 .text          0x000000001000d7e0       0x74 /usr/lib/gcc/arm-none-eabi/10.3.1/../../../arm-none-eabi/lib/thumb/v6-m/nofp/libg.a(lib_a-strncmp.o)
                0x000000001000d7e0                strncmp
 *(.fini)
 .fini          0x000000001000d854        0x4 /usr/lib/gcc/arm-none-eabi/10.3.1/thumb/v6-m/nofp/crti.o
                0x000000001000d854                _fini
 .fini.__stub   0x000000001000d858       0xa0 linker stubs
 *crtbegin.o(.ctors)
 *crtbegin?.o(.ctors)
 *(EXCLUDE_FILE(*crtend.o *crtend?.o) .ctors)
 *(SORT_BY_NAME(.ctors.*))
 *(.ctors)
 *crtbegin.o(.dtors)
 *crtbegin?.o(.dtors)
 *(EXCLUDE_FILE(*crtend.o *crtend?.o) .dtors)
 *(SORT_BY_NAME(.dtors.*))
 *(.dtors)
                0x000000001000d8f8                . = ALIGN (0x4)
                0x000000001000d8f8                PROVIDE (__preinit_array_start = .)
 *(SORT_BY_NAME(.preinit_array.*))
 .preinit_array.00100
                0x000000001000d8f8        0x4 CMakeFiles/test.dir/home/uzygncr/pico/pico-sdk/src/rp2_common/pico_runtime_init/runtime_init.c.obj
                0x000000001000d8f8                __pre_init_runtime_init_early_resets
 .preinit_array.00101
                0x000000001000d8fc        0x4 CMakeFiles/test.dir/home/uzygncr/pico/pico-sdk/src/rp2_common/pico_runtime_init/runtime_init.c.obj
                0x000000001000d8fc                __pre_init_runtime_init_usb_power_down
 .preinit_array.00275
                0x000000001000d900        0x4 CMakeFiles/test.dir/home/uzygncr/pico/pico-sdk/src/rp2_common/pico_bit_ops/bit_ops_aeabi.S.obj
 .preinit_array.00300
                0x000000001000d904        0x4 CMakeFiles/test.dir/home/uzygncr/pico/pico-sdk/src/rp2_common/pico_mem_ops/mem_ops_aeabi.S.obj
 .preinit_array.00350
                0x000000001000d908        0x4 CMakeFiles/test.dir/home/uzygncr/pico/pico-sdk/src/rp2_common/pico_double/double_aeabi_rp2040.S.obj
 .preinit_array.00350
                0x000000001000d90c        0x4 CMakeFiles/test.dir/home/uzygncr/pico/pico-sdk/src/rp2_common/pico_float/float_aeabi_rp2040.S.obj
 .preinit_array.00500
                0x000000001000d910        0x4 CMakeFiles/test.dir/home/uzygncr/pico/pico-sdk/src/rp2_common/pico_runtime_init/runtime_init.c.obj
                0x000000001000d910                __pre_init_runtime_init_clocks
 .preinit_array.00600
                0x000000001000d914        0x4 CMakeFiles/test.dir/home/uzygncr/pico/pico-sdk/src/rp2_common/pico_runtime_init/runtime_init.c.obj
                0x000000001000d914                __pre_init_runtime_init_post_clock_resets
 .preinit_array.00700
                0x000000001000d918        0x4 CMakeFiles/test.dir/home/uzygncr/pico/pico-sdk/src/rp2_common/pico_runtime_init/runtime_init.c.obj
                0x000000001000d918                __pre_init_runtime_init_rp2040_gpio_ie_disable
 .preinit_array.01000
                0x000000001000d91c        0x4 CMakeFiles/test.dir/home/uzygncr/pico/pico-sdk/src/rp2_common/pico_runtime_init/runtime_init.c.obj
                0x000000001000d91c                __pre_init_runtime_init_spin_locks_reset
 .preinit_array.01100
                0x000000001000d920        0x4 CMakeFiles/test.dir/home/uzygncr/pico/pico-sdk/src/common/pico_sync/mutex.c.obj
                0x000000001000d920                __pre_init_runtime_init_mutex
 .preinit_array.10080
                0x000000001000d924        0x4 CMakeFiles/test.dir/home/uzygncr/pico/pico-sdk/src/rp2_common/pico_runtime_init/runtime_init.c.obj
                0x000000001000d924                __pre_init_runtime_init_install_ram_vector_table
 .preinit_array.11000
                0x000000001000d928        0x4 CMakeFiles/test.dir/home/uzygncr/pico/pico-sdk/src/common/pico_time/time.c.obj
                0x000000001000d928                __pre_init_runtime_init_default_alarm_pool
 .preinit_array.YYYYY
                0x000000001000d92c        0x4 CMakeFiles/test.dir/home/uzygncr/pico/pico-sdk/src/rp2_common/pico_runtime/runtime.c.obj
                0x000000001000d92c                __pre_init_first_per_core_initializer
 .preinit_array.ZZZZZ.01200
                0x000000001000d930        0x4 CMakeFiles/test.dir/home/uzygncr/pico/pico-sdk/src/rp2_common/hardware_irq/irq.c.obj
                0x000000001000d930                __pre_init_runtime_init_per_core_irq_priorities
 *(.preinit_array)
                0x000000001000d934                PROVIDE (__preinit_array_end = .)
                0x000000001000d934                . = ALIGN (0x4)
                0x000000001000d934                PROVIDE (__init_array_start = .)
 *(SORT_BY_NAME(.init_array.*))
 *(.init_array)
 .init_array    0x000000001000d934        0x4 /usr/lib/gcc/arm-none-eabi/10.3.1/thumb/v6-m/nofp/crtbegin.o
 .init_array    0x000000001000d938        0x4 CMakeFiles/test.dir/home/uzygncr/pico/pico-sdk/src/rp2_common/pico_unique_id/unique_id.c.obj
                0x000000001000d93c                PROVIDE (__init_array_end = .)
                0x000000001000d93c                . = ALIGN (0x4)
                0x000000001000d93c                PROVIDE (__fini_array_start = .)
 *(SORT_BY_NAME(.fini_array.*))
 *(.fini_array)
                0x000000001000d93c                PROVIDE (__fini_array_end = .)
 *(.eh_frame*)
 .eh_frame      0x000000001000d93c        0x0 /usr/lib/gcc/arm-none-eabi/10.3.1/thumb/v6-m/nofp/crtbegin.o
                0x000000001000d93c                . = ALIGN (0x4)

.glue_7         0x000000001000d93c        0x0
 .glue_7        0x000000001000d93c        0x0 linker stubs

.glue_7t        0x000000001000d93c        0x0
 .glue_7t       0x000000001000d93c        0x0 linker stubs

.vfp11_veneer   0x000000001000d93c        0x0
 .vfp11_veneer  0x000000001000d93c        0x0 linker stubs

.v4_bx          0x000000001000d93c        0x0
 .v4_bx         0x000000001000d93c        0x0 linker stubs

.iplt           0x000000001000d93c        0x0
 .iplt          0x000000001000d93c        0x0 /usr/lib/gcc/arm-none-eabi/10.3.1/thumb/v6-m/nofp/crtbegin.o

.rodata         0x000000001000d940    0x38cd4
 *(EXCLUDE_FILE(*libm.a: *libc.a:*lib_a-mem*.o *libgcc.a:) .rodata*)
 .rodata.panic.str1.4
                0x000000001000d940       0x10 CMakeFiles/test.dir/home/uzygncr/pico/pico-sdk/src/rp2_common/pico_platform_panic/panic.c.obj
                                         0x12 (size before relaxing)
 .rodata.user_irq_claim_unused.str1.4
                0x000000001000d950       0x1b CMakeFiles/test.dir/home/uzygncr/pico/pico-sdk/src/rp2_common/hardware_irq/irq.c.obj
 *fill*         0x000000001000d96b        0x5 
 .rodata.at_the_end_of_time
                0x000000001000d970        0x8 CMakeFiles/test.dir/home/uzygncr/pico/pico-sdk/src/common/pico_time/time.c.obj
                0x000000001000d970                at_the_end_of_time
 .rodata.timer_hardware_alarm_claim.str1.4
                0x000000001000d978       0x22 CMakeFiles/test.dir/home/uzygncr/pico/pico-sdk/src/rp2_common/hardware_timer/timer.c.obj
 *fill*         0x000000001000d99a        0x2 
 .rodata.dns_send.isra.0.str1.4
                0x000000001000d99c       0x18 CMakeFiles/test.dir/home/uzygncr/pico/pico-sdk/lib/lwip/src/core/dns.c.obj
 .rodata.dns_check_entry.str1.4
                0x000000001000d9b4       0x3b CMakeFiles/test.dir/home/uzygncr/pico/pico-sdk/lib/lwip/src/core/dns.c.obj
 *fill*         0x000000001000d9ef        0x1 
 .rodata.mem_free.str1.4
                0x000000001000d9f0       0xb6 CMakeFiles/test.dir/home/uzygncr/pico/pico-sdk/lib/lwip/src/core/mem.c.obj
 *fill*         0x000000001000daa6        0x2 
 .rodata.mem_trim.str1.4
                0x000000001000daa8       0x49 CMakeFiles/test.dir/home/uzygncr/pico/pico-sdk/lib/lwip/src/core/mem.c.obj
 *fill*         0x000000001000daf1        0x3 
 .rodata.mem_malloc.str1.4
                0x000000001000daf4       0x5f CMakeFiles/test.dir/home/uzygncr/pico/pico-sdk/lib/lwip/src/core/mem.c.obj
 *fill*         0x000000001000db53        0x1 
 .rodata.memp_malloc_pool.str1.4
                0x000000001000db54       0x37 CMakeFiles/test.dir/home/uzygncr/pico/pico-sdk/lib/lwip/src/core/memp.c.obj
 *fill*         0x000000001000db8b        0x1 
 .rodata.memp_free_pool.str1.4
                0x000000001000db8c       0x20 CMakeFiles/test.dir/home/uzygncr/pico/pico-sdk/lib/lwip/src/core/memp.c.obj
 .rodata.memp_PBUF
                0x000000001000dbac        0xc CMakeFiles/test.dir/home/uzygncr/pico/pico-sdk/lib/lwip/src/core/memp.c.obj
                0x000000001000dbac                memp_PBUF
 .rodata.memp_PBUF_POOL
                0x000000001000dbb8        0xc CMakeFiles/test.dir/home/uzygncr/pico/pico-sdk/lib/lwip/src/core/memp.c.obj
                0x000000001000dbb8                memp_PBUF_POOL
 .rodata.memp_RAW_PCB
                0x000000001000dbc4        0xc CMakeFiles/test.dir/home/uzygncr/pico/pico-sdk/lib/lwip/src/core/memp.c.obj
                0x000000001000dbc4                memp_RAW_PCB
 .rodata.memp_REASSDATA
                0x000000001000dbd0        0xc CMakeFiles/test.dir/home/uzygncr/pico/pico-sdk/lib/lwip/src/core/memp.c.obj
                0x000000001000dbd0                memp_REASSDATA
 .rodata.memp_SYS_TIMEOUT
                0x000000001000dbdc        0xc CMakeFiles/test.dir/home/uzygncr/pico/pico-sdk/lib/lwip/src/core/memp.c.obj
                0x000000001000dbdc                memp_SYS_TIMEOUT
 .rodata.memp_TCP_PCB
                0x000000001000dbe8        0xc CMakeFiles/test.dir/home/uzygncr/pico/pico-sdk/lib/lwip/src/core/memp.c.obj
                0x000000001000dbe8                memp_TCP_PCB
 .rodata.memp_TCP_PCB_LISTEN
                0x000000001000dbf4        0xc CMakeFiles/test.dir/home/uzygncr/pico/pico-sdk/lib/lwip/src/core/memp.c.obj
                0x000000001000dbf4                memp_TCP_PCB_LISTEN
 .rodata.memp_TCP_SEG
                0x000000001000dc00        0xc CMakeFiles/test.dir/home/uzygncr/pico/pico-sdk/lib/lwip/src/core/memp.c.obj
                0x000000001000dc00                memp_TCP_SEG
 .rodata.memp_UDP_PCB
                0x000000001000dc0c        0xc CMakeFiles/test.dir/home/uzygncr/pico/pico-sdk/lib/lwip/src/core/memp.c.obj
                0x000000001000dc0c                memp_UDP_PCB
 .rodata.memp_pools
                0x000000001000dc18       0x24 CMakeFiles/test.dir/home/uzygncr/pico/pico-sdk/lib/lwip/src/core/memp.c.obj
                0x000000001000dc18                memp_pools
 .rodata.netif_do_set_ipaddr.isra.0.str1.4
                0x000000001000dc3c       0x10 CMakeFiles/test.dir/home/uzygncr/pico/pico-sdk/lib/lwip/src/core/netif.c.obj
 .rodata.pbuf_free.part.0.str1.4
                0x000000001000dc4c       0x2a CMakeFiles/test.dir/home/uzygncr/pico/pico-sdk/lib/lwip/src/core/pbuf.c.obj
 *fill*         0x000000001000dc76        0x2 
 .rodata.pbuf_alloc.str1.4
                0x000000001000dc78       0x1b CMakeFiles/test.dir/home/uzygncr/pico/pico-sdk/lib/lwip/src/core/pbuf.c.obj
 *fill*         0x000000001000dc93        0x1 
 .rodata.pbuf_realloc.str1.4
                0x000000001000dc94       0x65 CMakeFiles/test.dir/home/uzygncr/pico/pico-sdk/lib/lwip/src/core/pbuf.c.obj
 *fill*         0x000000001000dcf9        0x3 
 .rodata.pbuf_add_header.str1.4
                0x000000001000dcfc        0xa CMakeFiles/test.dir/home/uzygncr/pico/pico-sdk/lib/lwip/src/core/pbuf.c.obj
 *fill*         0x000000001000dd06        0x2 
 .rodata.pbuf_ref.str1.4
                0x000000001000dd08       0x12 CMakeFiles/test.dir/home/uzygncr/pico/pico-sdk/lib/lwip/src/core/pbuf.c.obj
 *fill*         0x000000001000dd1a        0x2 
 .rodata.pbuf_cat.str1.4
                0x000000001000dd1c       0x2d CMakeFiles/test.dir/home/uzygncr/pico/pico-sdk/lib/lwip/src/core/pbuf.c.obj
 *fill*         0x000000001000dd49        0x3 
 .rodata.pbuf_copy_partial_pbuf.str1.4
                0x000000001000dd4c       0x33 CMakeFiles/test.dir/home/uzygncr/pico/pico-sdk/lib/lwip/src/core/pbuf.c.obj
 *fill*         0x000000001000dd7f        0x1 
 .rodata.pbuf_take.str1.4
                0x000000001000dd80       0x2e CMakeFiles/test.dir/home/uzygncr/pico/pico-sdk/lib/lwip/src/core/pbuf.c.obj
 *fill*         0x000000001000ddae        0x2 
 .rodata.tcp_close_shutdown_fin.str1.4
                0x000000001000ddb0        0xc CMakeFiles/test.dir/home/uzygncr/pico/pico-sdk/lib/lwip/src/core/tcp.c.obj
 .rodata.tcp_free.str1.4
                0x000000001000ddbc       0x11 CMakeFiles/test.dir/home/uzygncr/pico/pico-sdk/lib/lwip/src/core/tcp.c.obj
 *fill*         0x000000001000ddcd        0x3 
 .rodata.tcp_update_rcv_ann_wnd.str1.4
                0x000000001000ddd0       0x3e CMakeFiles/test.dir/home/uzygncr/pico/pico-sdk/lib/lwip/src/core/tcp.c.obj
 *fill*         0x000000001000de0e        0x2 
 .rodata.tcp_recved.str1.4
                0x000000001000de10       0x26 CMakeFiles/test.dir/home/uzygncr/pico/pico-sdk/lib/lwip/src/core/tcp.c.obj
 *fill*         0x000000001000de36        0x2 
 .rodata.tcp_slowtmr.str1.4
                0x000000001000de38      0x1c6 CMakeFiles/test.dir/home/uzygncr/pico/pico-sdk/lib/lwip/src/core/tcp.c.obj
 *fill*         0x000000001000dffe        0x2 
 .rodata.tcp_pcb_remove.str1.4
                0x000000001000e000       0x87 CMakeFiles/test.dir/home/uzygncr/pico/pico-sdk/lib/lwip/src/core/tcp.c.obj
 *fill*         0x000000001000e087        0x1 
 .rodata.tcp_abandon.str1.4
                0x000000001000e088       0x31 CMakeFiles/test.dir/home/uzygncr/pico/pico-sdk/lib/lwip/src/core/tcp.c.obj
 *fill*         0x000000001000e0b9        0x3 
 .rodata.tcp_eff_send_mss_netif.str1.4
                0x000000001000e0bc       0x27 CMakeFiles/test.dir/home/uzygncr/pico/pico-sdk/lib/lwip/src/core/tcp.c.obj
 *fill*         0x000000001000e0e3        0x1 
 .rodata.tcp_backoff
                0x000000001000e0e4        0xd CMakeFiles/test.dir/home/uzygncr/pico/pico-sdk/lib/lwip/src/core/tcp.c.obj
 *fill*         0x000000001000e0f1        0x3 
 .rodata.tcp_persist_backoff
                0x000000001000e0f4        0x7 CMakeFiles/test.dir/home/uzygncr/pico/pico-sdk/lib/lwip/src/core/tcp.c.obj
 *fill*         0x000000001000e0fb        0x1 
 .rodata.tcp_create_segment.str1.4